Component: ARM Compiler 5.06 update 2 (build 183) Tool: armlink [4d35b7]

==============================================================================

Section Cross References

    system_stm32l1xx.o(i.SystemCoreClockUpdate) refers to system_stm32l1xx.o(.data) for SystemCoreClock
    system_stm32l1xx.o(i.SystemInit) refers to system_stm32l1xx.o(i.SetSysClock) for SetSysClock
    startup_stm32l1xx_md.o(STACK) refers (Special) to heapauxi.o(.text) for __use_two_region_memory
    startup_stm32l1xx_md.o(HEAP) refers (Special) to heapauxi.o(.text) for __use_two_region_memory
    startup_stm32l1xx_md.o(RESET) refers (Special) to heapauxi.o(.text) for __use_two_region_memory
    startup_stm32l1xx_md.o(RESET) refers to startup_stm32l1xx_md.o(STACK) for __initial_sp
    startup_stm32l1xx_md.o(RESET) refers to startup_stm32l1xx_md.o(.text) for Reset_Handler
    startup_stm32l1xx_md.o(RESET) refers to systick.o(i.SysTick_Handler) for SysTick_Handler
    startup_stm32l1xx_md.o(RESET) refers to lowpower.o(i.EXTI0_IRQHandler) for EXTI0_IRQHandler
    startup_stm32l1xx_md.o(RESET) refers to usart.o(i.USART2_IRQHandler) for USART2_IRQHandler
    startup_stm32l1xx_md.o(RESET) refers to si4432.o(i.EXTI15_10_IRQHandler) for EXTI15_10_IRQHandler
    startup_stm32l1xx_md.o(.text) refers (Special) to heapauxi.o(.text) for __use_two_region_memory
    startup_stm32l1xx_md.o(.text) refers to system_stm32l1xx.o(i.SystemInit) for SystemInit
    startup_stm32l1xx_md.o(.text) refers to __main.o(!!!main) for __main
    startup_stm32l1xx_md.o(.text) refers to startup_stm32l1xx_md.o(HEAP) for Heap_Mem
    startup_stm32l1xx_md.o(.text) refers to startup_stm32l1xx_md.o(STACK) for Stack_Mem
    cmdprocess.o(i.DataSend_Thread) refers to cmdprocess.o(i.Process_FIFOData) for Process_FIFOData
    cmdprocess.o(i.DataSend_Thread) refers to cmdprocess.o(.bss) for send_433
    cmdprocess.o(i.FIFOInit) refers to fifo.o(i.fifo_Init) for fifo_Init
    cmdprocess.o(i.FIFOInit) refers to thread.o(i.Thread_Login) for Thread_Login
    cmdprocess.o(i.FIFOInit) refers to cmdprocess.o(.bss) for rcvBuf
    cmdprocess.o(i.FIFOInit) refers to cmdprocess.o(i.Msg_Change) for Msg_Change
    cmdprocess.o(i.FIFOInit) refers to si4432.o(i.Si4432_Send) for Si4432_Send
    cmdprocess.o(i.FIFOInit) refers to cmdprocess.o(i.DataSend_Thread) for DataSend_Thread
    cmdprocess.o(i.Msg_Change) refers to cmdprocess.o(i.Msg_Process) for Msg_Process
    cmdprocess.o(i.Msg_Execute) refers to unitcfg.o(i.UnitCnt_Get) for UnitCnt_Get
    cmdprocess.o(i.Msg_Execute) refers to upload.o(i.Upload) for Upload
    cmdprocess.o(i.Msg_Execute) refers to bestfulib.o(i.memmove) for memmove
    cmdprocess.o(i.Msg_Execute) refers to unitcfg.o(.constdata) for UnitTab
    cmdprocess.o(i.Msg_Execute) refers to unitcfg.o(.bss) for gUnitData
    cmdprocess.o(i.Msg_Level) refers to object.o(.data) for DelayID
    cmdprocess.o(i.Msg_Process) refers to object.o(i.Object_Check) for Object_Check
    cmdprocess.o(i.Msg_Process) refers to cmdprocess.o(i.Msg_Execute) for Msg_Execute
    cmdprocess.o(i.Msg_Process) refers to lowpower.o(i.StandbyCountReset) for StandbyCountReset
    cmdprocess.o(i.Msg_Process) refers to instruct.o(i.Instruct) for Instruct
    cmdprocess.o(i.Msg_Process) refers to cmdprocess.o(i.Msg_ReturnType) for Msg_ReturnType
    cmdprocess.o(i.Msg_Process) refers to msgpackage.o(i.Msg_Feedback) for Msg_Feedback
    cmdprocess.o(i.ProcessSend_Fun) refers to cmdprocess.o(.bss) for send_433
    cmdprocess.o(i.Process_FIFOData) refers to command.o(i.cmd_get) for cmd_get
    cmdprocess.o(i.Process_FIFOData) refers to cmdprocess.o(i.Msg_Level) for Msg_Level
    cmdprocess.o(i.Process_FIFOData) refers to systick.o(i.UpdateRandomTime) for UpdateRandomTime
    cmdprocess.o(i.Process_FIFOData) refers to userdata.o(.bss) for gSysData
    command.o(i.cmd_get) refers to fifo.o(i.fifo_empty) for fifo_empty
    command.o(i.cmd_get) refers to fifo.o(i.fifo_find) for fifo_find
    command.o(i.cmd_get) refers to fifo.o(i.fifo_validSize) for fifo_validSize
    command.o(i.cmd_get) refers to fifo.o(i.fifo_cmp) for fifo_cmp
    command.o(i.cmd_get) refers to fifo.o(i.fifo_gets) for fifo_gets
    command.o(i.cmd_get) refers to crc.o(i.ChkCrcValue) for ChkCrcValue
    command.o(i.cmd_get) refers to command.o(.constdata) for HeadCMD
    command.o(i.cmd_put) refers to fifo.o(i.fifo_puts) for fifo_puts
    command.o(i.cmd_put) refers to crc.o(i.ChkCrcValue) for ChkCrcValue
    command.o(i.cmd_put) refers to fifo.o(i.fifo_putc) for fifo_putc
    command.o(i.cmd_put) refers to command.o(.constdata) for HeadCMD
    crc.o(i.ChkCrcValue) refers to crc.o(.constdata) for CRCTable
    crc.o(i.ChkCrcValueEx) refers to crc.o(.constdata) for CRCTable
    delay.o(i.delay_ms) refers to wdg.o(i.WDG_Feed) for WDG_Feed
    delay.o(i.delay_ms) refers to delay.o(i.delay_us) for delay_us
    eeprom.o(i.ReadDataFromEEPROM) refers to i2c.o(i.IIC_Read) for IIC_Read
[...]
    __rt_lib_init_alloca_1                   0x0800856b   Thumb Code     0  libinit2.o(.ARM.Collect$$libinit$$0000002E)
    __rt_lib_init_argv_1                     0x0800856b   Thumb Code     0  libinit2.o(.ARM.Collect$$libinit$$0000002C)
    __rt_lib_init_atexit_1                   0x0800856b   Thumb Code     0  libinit2.o(.ARM.Collect$$libinit$$0000001B)
    __rt_lib_init_clock_1                    0x0800856b   Thumb Code     0  libinit2.o(.ARM.Collect$$libinit$$00000021)
    __rt_lib_init_cpp_1                      0x0800856b   Thumb Code     0  libinit2.o(.ARM.Collect$$libinit$$00000032)
    __rt_lib_init_exceptions_1               0x0800856b   Thumb Code     0  libinit2.o(.ARM.Collect$$libinit$$00000030)
    __rt_lib_init_fp_1                       0x0800856b   Thumb Code     0  libinit2.o(.ARM.Collect$$libinit$$00000002)
    __rt_lib_init_fp_trap_1                  0x0800856b   Thumb Code     0  libinit2.o(.ARM.Collect$$libinit$$0000001F)
    __rt_lib_init_getenv_1                   0x0800856b   Thumb Code     0  libinit2.o(.ARM.Collect$$libinit$$00000023)
    __rt_lib_init_heap_1                     0x0800856b   Thumb Code     0  libinit2.o(.ARM.Collect$$libinit$$0000000A)
    __rt_lib_init_lc_collate_1               0x0800856b   Thumb Code     0  libinit2.o(.ARM.Collect$$libinit$$00000011)
    __rt_lib_init_lc_ctype_1                 0x0800856b   Thumb Code     0  libinit2.o(.ARM.Collect$$libinit$$00000013)
    __rt_lib_init_lc_monetary_1              0x0800856b   Thumb Code     0  libinit2.o(.ARM.Collect$$libinit$$00000015)
    __rt_lib_init_lc_numeric_1               0x0800856b   Thumb Code     0  libinit2.o(.ARM.Collect$$libinit$$00000017)
    __rt_lib_init_lc_time_1                  0x0800856b   Thumb Code     0  libinit2.o(.ARM.Collect$$libinit$$00000019)
    __rt_lib_init_preinit_1                  0x0800856b   Thumb Code     0  libinit2.o(.ARM.Collect$$libinit$$00000004)
    __rt_lib_init_rand_1                     0x0800856b   Thumb Code     0  libinit2.o(.ARM.Collect$$libinit$$0000000E)
    __rt_lib_init_return                     0x0800856b   Thumb Code     0  libinit2.o(.ARM.Collect$$libinit$$00000033)
    __rt_lib_init_signal_1                   0x0800856b   Thumb Code     0  libinit2.o(.ARM.Collect$$libinit$$0000001D)
    __rt_lib_init_stdio_1                    0x0800856b   Thumb Code     0  libinit2.o(.ARM.Collect$$libinit$$00000025)
    __rt_lib_init_user_alloc_1               0x0800856b   Thumb Code     0  libinit2.o(.ARM.Collect$$libinit$$0000000C)
    __rt_lib_shutdown                        0x0800856d   Thumb Code     0  libshutdown.o(.ARM.Collect$$libshutdown$$00000000)
    __rt_lib_shutdown_cpp_1                  0x0800856f   Thumb Code     0  libshutdown2.o(.ARM.Collect$$libshutdown$$00000002)
    __rt_lib_shutdown_fp_trap_1              0x0800856f   Thumb Code     0  libshutdown2.o(.ARM.Collect$$libshutdown$$00000007)
    __rt_lib_shutdown_heap_1                 0x0800856f   Thumb Code     0  libshutdown2.o(.ARM.Collect$$libshutdown$$0000000F)
    __rt_lib_shutdown_return                 0x0800856f   Thumb Code     0  libshutdown2.o(.ARM.Collect$$libshutdown$$00000010)
    __rt_lib_shutdown_signal_1               0x0800856f   Thumb Code     0  libshutdown2.o(.ARM.Collect$$libshutdown$$0000000A)
    __rt_lib_shutdown_stdio_1                0x0800856f   Thumb Code     0  libshutdown2.o(.ARM.Collect$$libshutdown$$00000004)
    __rt_lib_shutdown_user_alloc_1           0x0800856f   Thumb Code     0  libshutdown2.o(.ARM.Collect$$libshutdown$$0000000C)
    __rt_entry                               0x08008571   Thumb Code     0  __rtentry.o(.ARM.Collect$$rtentry$$00000000)
    __rt_entry_presh_1                       0x08008571   Thumb Code     0  __rtentry2.o(.ARM.Collect$$rtentry$$00000002)
    __rt_entry_sh                            0x08008571   Thumb Code     0  __rtentry4.o(.ARM.Collect$$rtentry$$00000004)
    __rt_entry_li                            0x08008577   Thumb Code     0  __rtentry2.o(.ARM.Collect$$rtentry$$0000000A)
    __rt_entry_postsh_1                      0x08008577   Thumb Code     0  __rtentry2.o(.ARM.Collect$$rtentry$$00000009)
    __rt_entry_main                          0x0800857b   Thumb Code     0  __rtentry2.o(.ARM.Collect$$rtentry$$0000000D)
    __rt_entry_postli_1                      0x0800857b   Thumb Code     0  __rtentry2.o(.ARM.Collect$$rtentry$$0000000C)
    __rt_exit                                0x08008583   Thumb Code     0  rtexit.o(.ARM.Collect$$rtexit$$00000000)
    __rt_exit_ls                             0x08008585   Thumb Code     0  rtexit2.o(.ARM.Collect$$rtexit$$00000003)
    __rt_exit_prels_1                        0x08008585   Thumb Code     0  rtexit2.o(.ARM.Collect$$rtexit$$00000002)
    __rt_exit_exit                           0x08008589   Thumb Code     0  rtexit2.o(.ARM.Collect$$rtexit$$00000004)
    DisableIRQ                               0x08008591   Thumb Code     4  sys.o(.emb_text)
    EnableIRQ                                0x08008595   Thumb Code     4  sys.o(.emb_text)
    WFI_SET                                  0x08008599   Thumb Code     2  sys.o(.emb_text)
    INTX_DISABLE                             0x0800859b   Thumb Code     2  sys.o(.emb_text)
    INTX_ENABLE                              0x0800859d   Thumb Code     2  sys.o(.emb_text)
    MSR_MSP                                  0x0800859f   Thumb Code     6  sys.o(.emb_text)
    Reset_Handler                            0x080085a5   Thumb Code     8  startup_stm32l1xx_md.o(.text)
    NMI_Handler                              0x080085ad   Thumb Code     2  startup_stm32l1xx_md.o(.text)
    HardFault_Handler                        0x080085af   Thumb Code     2  startup_stm32l1xx_md.o(.text)
    MemManage_Handler                        0x080085b1   Thumb Code     2  startup_stm32l1xx_md.o(.text)
    BusFault_Handler                         0x080085b3   Thumb Code     2  startup_stm32l1xx_md.o(.text)
    UsageFault_Handler                       0x080085b5   Thumb Code     2  startup_stm32l1xx_md.o(.text)
    SVC_Handler                              0x080085b7   Thumb Code     2  startup_stm32l1xx_md.o(.text)
    DebugMon_Handler                         0x080085b9   Thumb Code     2  startup_stm32l1xx_md.o(.text)
    PendSV_Handler                           0x080085bb   Thumb Code     2  startup_stm32l1xx_md.o(.text)
    ADC1_IRQHandler                          0x080085bf   Thumb Code     0  startup_stm32l1xx_md.o(.text)
    COMP_IRQHandler                          0x080085bf   Thumb Code     0  startup_stm32l1xx_md.o(.text)
    DAC_IRQHandler                           0x080085bf   Thumb Code     0  startup_stm32l1xx_md.o(.text)
    DMA1_Channel1_IRQHandler                 0x080085bf   Thumb Code     0  startup_stm32l1xx_md.o(.text)
    DMA1_Channel2_IRQHandler                 0x080085bf   Thumb Code     0  startup_stm32l1xx_md.o(.text)
    DMA1_Channel3_IRQHandler                 0x080085bf   Thumb Code     0  startup_stm32l1xx_md.o(.text)
    DMA1_Channel4_IRQHandler                 0x080085bf   Thumb Code     0  startup_stm32l1xx_md.o(.text)
    DMA1_Channel5_IRQHandler                 0x080085bf   Thumb Code     0  startup_stm32l1xx_md.o(.text)
    DMA1_Channel6_IRQHandler                 0x080085bf   Thumb Code     0  startup_stm32l1xx_md.o(.text)
    DMA1_Channel7_IRQHandler                 0x080085bf   Thumb Code     0  startup_stm32l1xx_md.o(.text)
    EXTI1_IRQHandler                         0x080085bf   Thumb Code     0  startup_stm32l1xx_md.o(.text)
    EXTI2_IRQHandler                         0x080085bf   Thumb Code     0  startup_stm32l1xx_md.o(.text)
    EXTI3_IRQHandler                         0x080085bf   Thumb Code     0  startup_stm32l1xx_md.o(.text)
    EXTI4_IRQHandler                         0x080085bf   Thumb Code     0  startup_stm32l1xx_md.o(.text)
    EXTI9_5_IRQHandler                       0x080085bf   Thumb Code     0  startup_stm32l1xx_md.o(.text)
    FLASH_IRQHandler                         0x080085bf   Thumb Code     0  startup_stm32l1xx_md.o(.text)
    I2C1_ER_IRQHandler                       0x080085bf   Thumb Code     0  startup_stm32l1xx_md.o(.text)
    I2C1_EV_IRQHandler                       0x080085bf   Thumb Code     0  startup_stm32l1xx_md.o(.text)
    I2C2_ER_IRQHandler                       0x080085bf   Thumb Code     0  startup_stm32l1xx_md.o(.text)
    I2C2_EV_IRQHandler                       0x080085bf   Thumb Code     0  startup_stm32l1xx_md.o(.text)
    LCD_IRQHandler                           0x080085bf   Thumb Code     0  startup_stm32l1xx_md.o(.text)
    PVD_IRQHandler                           0x080085bf   Thumb Code     0  startup_stm32l1xx_md.o(.text)
    RCC_IRQHandler                           0x080085bf   Thumb Code     0  startup_stm32l1xx_md.o(.text)
    RTC_Alarm_IRQHandler                     0x080085bf   Thumb Code     0  startup_stm32l1xx_md.o(.text)
    RTC_WKUP_IRQHandler                      0x080085bf   Thumb Code     0  startup_stm32l1xx_md.o(.text)
    SPI1_IRQHandler                          0x080085bf   Thumb Code     0  startup_stm32l1xx_md.o(.text)
    SPI2_IRQHandler                          0x080085bf   Thumb Code     0  startup_stm32l1xx_md.o(.text)
    TAMPER_STAMP_IRQHandler                  0x080085bf   Thumb Code     0  startup_stm32l1xx_md.o(.text)
    TIM10_IRQHandler                         0x080085bf   Thumb Code     0  startup_stm32l1xx_md.o(.text)
    TIM11_IRQHandler                         0x080085bf   Thumb Code     0  startup_stm32l1xx_md.o(.text)
    TIM2_IRQHandler                          0x080085bf   Thumb Code     0  startup_stm32l1xx_md.o(.text)
    TIM3_IRQHandler                          0x080085bf   Thumb Code     0  startup_stm32l1xx_md.o(.text)
    TIM4_IRQHandler                          0x080085bf   Thumb Code     0  startup_stm32l1xx_md.o(.text)
    TIM6_IRQHandler                          0x080085bf   Thumb Code     0  startup_stm32l1xx_md.o(.text)
    TIM7_IRQHandler                          0x080085bf   Thumb Code     0  startup_stm32l1xx_md.o(.text)
    TIM9_IRQHandler                          0x080085bf   Thumb Code     0  startup_stm32l1xx_md.o(.text)
    USART1_IRQHandler                        0x080085bf   Thumb Code     0  startup_stm32l1xx_md.o(.text)
    USART3_IRQHandler                        0x080085bf   Thumb Code     0  startup_stm32l1xx_md.o(.text)
    USB_FS_WKUP_IRQHandler                   0x080085bf   Thumb Code     0  startup_stm32l1xx_md.o(.text)
    USB_HP_IRQHandler                        0x080085bf   Thumb Code     0  startup_stm32l1xx_md.o(.text)
    USB_LP_IRQHandler                        0x080085bf   Thumb Code     0  startup_stm32l1xx_md.o(.text)
    WWDG_IRQHandler                          0x080085bf   Thumb Code     0  startup_stm32l1xx_md.o(.text)
    __user_initial_stackheap                 0x080085c1   Thumb Code     0  startup_stm32l1xx_md.o(.text)
    __aeabi_memclr4                          0x080085e5   Thumb Code     0  rt_memclr_w.o(.text)
    __aeabi_memclr8                          0x080085e5   Thumb Code     0  rt_memclr_w.o(.text)
    __rt_memclr_w                            0x080085e5   Thumb Code    78  rt_memclr_w.o(.text)
    _memset_w                                0x080085e9   Thumb Code     0  rt_memclr_w.o(.text)
    __use_two_region_memory                  0x08008633   Thumb Code     2  heapauxi.o(.text)
    __rt_heap_escrow$2region                 0x08008635   Thumb Code     2  heapauxi.o(.text)
    __rt_heap_expand$2region                 0x08008637   Thumb Code     2  heapauxi.o(.text)
    __user_setup_stackheap                   0x08008639   Thumb Code    74  sys_stackheap_outer.o(.text)
    exit                                     0x08008683   Thumb Code    18  exit.o(.text)
    __user_libspace                          0x08008695   Thumb Code     8  libspace.o(.text)
    __user_perproc_libspace                  0x08008695   Thumb Code     0  libspace.o(.text)
    __user_perthread_libspace                0x08008695   Thumb Code     0  libspace.o(.text)
    _sys_exit                                0x0800869d   Thumb Code     8  sys_exit.o(.text)
    __I$use$semihosting                      0x080086a9   Thumb Code     0  use_no_semi.o(.text)
    __use_no_semihosting_swi                 0x080086a9   Thumb Code     2  use_no_semi.o(.text)
    __semihosting_library_function           0x080086ab   Thumb Code     0  indicate_semi.o(.text)
    ADC_Init                                 0x080086ad   Thumb Code   208  adc.o(i.ADC_Init)
    ADC_Read                                 0x080087ad   Thumb Code    60  adc.o(i.ADC_Read)
    ADC_ReadAverage                          0x080087ed   Thumb Code   100  adc.o(i.ADC_ReadAverage)
    ADC_TestPowerOFF                         0x08008855   Thumb Code    12  adc.o(i.ADC_TestPowerOFF)
    ADC_TestPowerON                          0x08008861   Thumb Code    12  adc.o(i.ADC_TestPowerON)
    ALinkClr                                 0x0800886d   Thumb Code    62  linksimplest.o(i.ALinkClr)
    ALinkInit                                0x080088b1   Thumb Code    42  linksimplest.o(i.ALinkInit)
    Battery_GetPercent                       0x080088e1   Thumb Code   574  battery.o(i.Battery_GetPercent)
    Battery_GetVoltage                       0x08008b25   Thumb Code    60  battery.o(i.Battery_GetVoltage)
    Battery_Init                             0x08008b61   Thumb Code   126  batteryexeattr.o(i.Battery_Init)
    Channel_Get                              0x08008be9   Thumb Code    52  updata.o(i.Channel_Get)
    CheckALinkFull                           0x08008cad   Thumb Code    18  linksimplest.o(i.CheckALinkFull)
    CheckLinkFull                            0x08008cc5   Thumb Code    18  linkwrdc.o(i.CheckLinkFull)
    Check_Area                               0x08008d7d   Thumb Code   108  object.o(i.Check_Area)
    ChkALinkIsExist                          0x08008eb1   Thumb Code    90  linksimplest.o(i.ChkALinkIsExist)
    ChkCrcValue                              0x08008f11   Thumb Code    52  crc.o(i.ChkCrcValue)
    ChkLinkIsExist                           0x08008f49   Thumb Code    26  linkwrdc.o(i.ChkLinkIsExist)
    ClearRecTestStatus                       0x08008f63   Thumb Code    10  sign433.o(i.ClearRecTestStatus)
    CmpSampAndLinkValue                      0x08008f6d   Thumb Code   130  linksrc.o(i.CmpSampAndLinkValue)
    Cube6Checking_Attr                       0x08008fef   Thumb Code    16  cube6exeattr.o(i.Cube6Checking_Attr)
    Cube6EepromInit                          0x08009001   Thumb Code    22  cube6exeattr.o(i.Cube6EepromInit)
    Cube6Init                                0x0800901d   Thumb Code    52  cube6exeattr.o(i.Cube6Init)
    Cube6_ReadEeprom                         0x0800905d   Thumb Code    32  cube6.o(i.Cube6_ReadEeprom)
    Cube6_SaveEeprom                         0x08009081   Thumb Code    14  cube6.o(i.Cube6_SaveEeprom)
    Cube6_SearchFace                         0x08009095   Thumb Code   232  cube6.o(i.Cube6_SearchFace)
    DATA_EEPROM_Unlock                       0x08009191   Thumb Code    24  flash.o(i.DATA_EEPROM_Unlock)
    DecryptionFlash                          0x080091c9   Thumb Code    50  scene&group.o(i.DecryptionFlash)
    DelALink                                 0x08009209   Thumb Code   234  linksimplest.o(i.DelALink)
    DelAllLinkFromTable                      0x080092fd   Thumb Code    46  linkwrdc.o(i.DelAllLinkFromTable)
    DelLinkForUnit                           0x08009331   Thumb Code   124  linkwrdc.o(i.DelLinkForUnit)
    DelLinkFromTable                         0x080093b1   Thumb Code    30  linkwrdc.o(i.DelLinkFromTable)
    DelLinkItem                              0x080093cf   Thumb Code    46  linkwrdc.o(i.DelLinkItem)
    DeviceResetCheck_Init                    0x08009417   Thumb Code     2  devicereset.o(i.DeviceResetCheck_Init)
    EEPROM_Read                              0x08009419   Thumb Code    46  userdata.o(i.EEPROM_Read)
    EEPROM_Write                             0x08009447   Thumb Code    46  userdata.o(i.EEPROM_Write)
    EXTI0_IRQHandler                         0x08009475   Thumb Code     8  lowpower.o(i.EXTI0_IRQHandler)
    EXTI15_10_IRQHandler                     0x08009481   Thumb Code    18  si4432.o(i.EXTI15_10_IRQHandler)
    Ex_NVIC_Config                           0x0800949d   Thumb Code   144  sys.o(i.Ex_NVIC_Config)
    FIFOInit                                 0x08009539   Thumb Code    70  cmdprocess.o(i.FIFOInit)
    FLASH_ErasePage                          0x080095a5   Thumb Code    86  flash.o(i.FLASH_ErasePage)
    FaultData_Get                            0x08009601   Thumb Code    22  userdata.o(i.FaultData_Get)
    FaultData_Init                           0x08009617   Thumb Code    14  userdata.o(i.FaultData_Init)
    FaultData_Save                           0x08009625   Thumb Code    32  userdata.o(i.FaultData_Save)
    Fault_Upload                             0x08009659   Thumb Code    74  faultmanage.o(i.Fault_Upload)
    FlashEncryptionInit                      0x08009779   Thumb Code   110  program.o(i.FlashEncryptionInit)
    FlashSizeFlagInit                        0x08009801   Thumb Code    10  flashsizeflag.o(i.FlashSizeFlagInit)
    Flash_DefaultValue                       0x08009811   Thumb Code     4  program.o(i.Flash_DefaultValue)
    Flash_Unlock                             0x08009869   Thumb Code    30  flash.o(i.Flash_Unlock)
    Flash_Write                              0x08009895   Thumb Code    58  flash.o(i.Flash_Write)
    Flash_lock                               0x080098d1   Thumb Code    14  flash.o(i.Flash_lock)
    GPIOx_AF                                 0x080098e5   Thumb Code    92  gpio.o(i.GPIOx_AF)
    GPIOx_Cfg                                0x08009945   Thumb Code   144  gpio.o(i.GPIOx_Cfg)
    GPIOx_Get                                0x080099dd   Thumb Code    14  gpio.o(i.GPIOx_Get)
    GPIOx_Rst                                0x080099f1   Thumb Code    14  gpio.o(i.GPIOx_Rst)
    GPIOx_Set                                0x08009a05   Thumb Code    20  gpio.o(i.GPIOx_Set)
    GetALinkNum                              0x08009a1d   Thumb Code    80  linksimplest.o(i.GetALinkNum)
    GetLinkNum                               0x08009a71   Thumb Code    22  linkwrdc.o(i.GetLinkNum)
    GetRSSIPara                              0x08009a89   Thumb Code     4  si4432.o(i.GetRSSIPara)
    GetThresholdPara                         0x08009a91   Thumb Code     4  si4432.o(i.GetThresholdPara)
    Get_433Channel_Attr                      0x08009a95   Thumb Code    20  flashattr.o(i.Get_433Channel_Attr)
    Get_ChargeState_Attr                     0x08009aa9   Thumb Code     6  batteryexeattr.o(i.Get_ChargeState_Attr)
    Get_CmdAckNum_Attr                       0x08009ab1   Thumb Code    14  sysexeattr.o(i.Get_CmdAckNum_Attr)
    Get_CommonType_Attr                      0x08009ac5   Thumb Code   104  sysexeattr.o(i.Get_CommonType_Attr)
    Get_Cube6Face_Attr                       0x08009b31   Thumb Code    16  cube6exeattr.o(i.Get_Cube6Face_Attr)
    Get_DeviceAddr_Attr                      0x08009b45   Thumb Code    16  sysexeattr.o(i.Get_DeviceAddr_Attr)
    Get_DeviceThreshold_Attr                 0x08009b59   Thumb Code    22  sign433attr.o(i.Get_DeviceThreshold_Attr)
    Get_DeviceType_Attr                      0x08009b71   Thumb Code    74  sysexeattr.o(i.Get_DeviceType_Attr)
    Get_Eeprom_Info_Attr                     0x08009bc1   Thumb Code    82  sysexeattr.o(i.Get_Eeprom_Info_Attr)
    Get_FaultFlag_Attr                       0x08009c13   Thumb Code    20  sysexeattr.o(i.Get_FaultFlag_Attr)
    Get_Group_Attr                           0x08009c27   Thumb Code    94  scene&group.o(i.Get_Group_Attr)
    Get_IAPPackCheck_Attr                    0x08009c85   Thumb Code    66  flashattr.o(i.Get_IAPPackCheck_Attr)
    Get_Link_Attr                            0x08009ccd   Thumb Code    68  sysexeattr.o(i.Get_Link_Attr)
    Get_ManyUnit_Attr                        0x08009d11   Thumb Code   310  unitshare_attr.o(i.Get_ManyUnit_Attr)
    Get_PowerPercent_Attr                    0x08009e4d   Thumb Code    34  batteryexeattr.o(i.Get_PowerPercent_Attr)
    Get_RepeatBandAddr_Attr                  0x08009e75   Thumb Code   130  sysexeattr.o(i.Get_RepeatBandAddr_Attr)
    Get_RepeatBroadcast_Attr                 0x08009efd   Thumb Code    22  sysexeattr.o(i.Get_RepeatBroadcast_Attr)
    Get_ResetAddr_Attr                       0x08009f19   Thumb Code   124  sysexeattr.o(i.Get_ResetAddr_Attr)
    Get_Scene_Attr                           0x08009f9d   Thumb Code   104  scene&group.o(i.Get_Scene_Attr)
    Get_Sign433_MasterAddr                   0x0800a005   Thumb Code     6  sign433attr.o(i.Get_Sign433_MasterAddr)
    Get_Sign433_StartRecFrame_Attr           0x0800a011   Thumb Code    46  sign433attr.o(i.Get_Sign433_StartRecFrame_Attr)
    Get_Sign433_StartSendFrame_Attr          0x0800a049   Thumb Code    46  sign433attr.o(i.Get_Sign433_StartSendFrame_Attr)
    Get_Sign433_TestPackNum                  0x0800a081   Thumb Code     6  sign433attr.o(i.Get_Sign433_TestPackNum)
    Get_Sign433_TestState_Attr               0x0800a08d   Thumb Code    16  sign433attr.o(i.Get_Sign433_TestState_Attr)
    Get_UniqueDeviceID                       0x0800a0a1   Thumb Code    20  flash.o(i.Get_UniqueDeviceID)
    Get_UnitAble_Attr                        0x0800a0b9   Thumb Code   104  sysexeattr.o(i.Get_UnitAble_Attr)
    Get_UnitArea_Attr                        0x0800a125   Thumb Code   100  sysexeattr.o(i.Get_UnitArea_Attr)
    Get_UnitType_Attr                        0x0800a18d   Thumb Code   104  sysexeattr.o(i.Get_UnitType_Attr)
    Get_UserID_Attr                          0x0800a1f9   Thumb Code    16  sysexeattr.o(i.Get_UserID_Attr)
    Get_Version_Attr                         0x0800a20d   Thumb Code   104  sysexeattr.o(i.Get_Version_Attr)
    GroupEEPROMUnit_Init                     0x0800a279   Thumb Code    54  userdata.o(i.GroupEEPROMUnit_Init)
    GroupEEPROM_Clr                          0x0800a2b5   Thumb Code   220  userdata.o(i.GroupEEPROM_Clr)
    GroupEEPROM_Get                          0x0800a395   Thumb Code   114  userdata.o(i.GroupEEPROM_Get)
    GroupEEPROM_Init                         0x0800a40d   Thumb Code    26  userdata.o(i.GroupEEPROM_Init)
    GroupEEPROM_Set                          0x0800a429   Thumb Code   206  userdata.o(i.GroupEEPROM_Set)
    HardID_Change                            0x0800a4fd   Thumb Code    96  syshard.o(i.HardID_Change)
    HardID_Check                             0x0800a569   Thumb Code   122  syshard.o(i.HardID_Check)
    HardWDGTest_Attr                         0x0800a5f1   Thumb Code     6  wdg.o(i.HardWDGTest_Attr)
    I2C_Init                                 0x0800a63b   Thumb Code    40  i2c.o(i.I2C_Init)
    IIC_ACK                                  0x0800a831   Thumb Code    56  iic.o(i.IIC_ACK)
    IIC_GetByte                              0x0800a86d   Thumb Code   104  iic.o(i.IIC_GetByte)
    IIC_GetState                             0x0800a8d9   Thumb Code    40  i2c.o(i.IIC_GetState)
    IIC_InitPort                             0x0800a901   Thumb Code    48  iic.o(i.IIC_InitPort)
    IIC_NACK                                 0x0800a931   Thumb Code    56  iic.o(i.IIC_NACK)
    IIC_Read                                 0x0800a96d   Thumb Code   102  i2c.o(i.IIC_Read)
    IIC_ReadDataN                            0x0800a9d3   Thumb Code    96  iic.o(i.IIC_ReadDataN)
    IIC_SendByte                             0x0800aa35   Thumb Code    86  iic.o(i.IIC_SendByte)
    IIC_Start                                0x0800aa91   Thumb Code    62  iic.o(i.IIC_Start)
    IIC_Stop                                 0x0800aad5   Thumb Code    46  iic.o(i.IIC_Stop)
    IIC_WaitAck                              0x0800ab09   Thumb Code   150  iic.o(i.IIC_WaitAck)
    IIC_Write                                0x0800aba5   Thumb Code    96  i2c.o(i.IIC_Write)
    IIC_WriteSame                            0x0800ac05   Thumb Code    94  i2c.o(i.IIC_WriteSame)
    Instruct                                 0x0800ac6d   Thumb Code     2  instruct.o(i.Instruct)
    Instruct_Init                            0x0800ac6f   Thumb Code     2  instruct.o(i.Instruct_Init)
    Instruct_Run                             0x0800ac71   Thumb Code     2  instruct.o(i.Instruct_Run)
    LinkInit                                 0x0800ac73   Thumb Code     8  linksrc.o(i.LinkInit)
    LinkSrcExe                               0x0800ac7d   Thumb Code   300  linksrc.o(i.LinkSrcExe)
    LowPower_CheckTime                       0x0800adad   Thumb Code    52  lowpower.o(i.LowPower_CheckTime)
    MPU6050_Init                             0x0800ade5   Thumb Code    78  mpu6050.o(i.MPU6050_Init)
    MPU6050_ReadAcce                         0x0800ae71   Thumb Code   188  mpu6050.o(i.MPU6050_ReadAcce)
    MY_NVIC_Init                             0x0800af65   Thumb Code   146  sys.o(i.MY_NVIC_Init)
    MY_NVIC_PriorityGroupConfig              0x0800b001   Thumb Code    32  sys.o(i.MY_NVIC_PriorityGroupConfig)
    ModifyLinkItem                           0x0800b029   Thumb Code    60  linkwrdc.o(i.ModifyLinkItem)
    Msg_Change                               0x0800b065   Thumb Code    32  cmdprocess.o(i.Msg_Change)
    Msg_Execute                              0x0800b085   Thumb Code   210  cmdprocess.o(i.Msg_Execute)
    Msg_Feedback                             0x0800b161   Thumb Code   162  msgpackage.o(i.Msg_Feedback)
    Msg_Send                                 0x0800b323   Thumb Code    68  msgpackage.o(i.Msg_Send)
    Msg_Upload                               0x0800b367   Thumb Code    58  msgpackage.o(i.Msg_Upload)
    Msg_UploadUnit                           0x0800b3a1   Thumb Code    62  msgpackage.o(i.Msg_UploadUnit)
    Object_Check                             0x0800b3e1   Thumb Code  1152  object.o(i.Object_Check)
    PartionChange                            0x0800b865   Thumb Code   224  updata.o(i.PartionChange)
    ProcessSend_Fun                          0x0800b961   Thumb Code     8  cmdprocess.o(i.ProcessSend_Fun)
    Process_FIFOData                         0x0800b96d   Thumb Code   106  cmdprocess.o(i.Process_FIFOData)
    Program_Erase                            0x0800b9dd   Thumb Code    62  program.o(i.Program_Erase)
    Program_Read                             0x0800ba21   Thumb Code    22  program.o(i.Program_Read)
    Program_Write                            0x0800ba37   Thumb Code    48  program.o(i.Program_Write)
    Program_Write_Ext                        0x0800ba69   Thumb Code   232  program.o(i.Program_Write_Ext)
    PropChangeScanAndExe                     0x0800bb55   Thumb Code    46  linkscanfifo.o(i.PropChangeScanAndExe)
    PropEventFifo                            0x0800bb89   Thumb Code    78  linkscanfifo.o(i.PropEventFifo)
    PropFifoInit                             0x0800bbe5   Thumb Code    14  linkscanfifo.o(i.PropFifoInit)
    QueryALink                               0x0800bbfd   Thumb Code    50  linksimplest.o(i.QueryALink)
    QueryAllLinkFromTable                    0x0800bc35   Thumb Code    64  linkwrdc.o(i.QueryAllLinkFromTable)
    QueryLink                                0x0800bc79   Thumb Code    22  linkwrdc.o(i.QueryLink)
    QueryLinkItem                            0x0800bc8f   Thumb Code    56  linkwrdc.o(i.QueryLinkItem)
    ReadALink                                0x0800bcc9   Thumb Code    50  linksimplest.o(i.ReadALink)
    ReadDataFromEEPROM                       0x0800bd01   Thumb Code   120  eeprom.o(i.ReadDataFromEEPROM)
    ReadLinkFromTable                        0x0800bd79   Thumb Code    34  linkwrdc.o(i.ReadLinkFromTable)
    ReadLinkItem                             0x0800bd9b   Thumb Code    48  linkwrdc.o(i.ReadLinkItem)
    SI4432Test_Attr                          0x0800bf8d   Thumb Code    66  systestattr.o(i.SI4432Test_Attr)
    SI4432Test_Fail                          0x0800bfe5   Thumb Code    16  systestattr.o(i.SI4432Test_Fail)
    SPI2_Init                                0x0800c0a9   Thumb Code   138  spi.o(i.SPI2_Init)
    SPI2_Port_Init                           0x0800c13d   Thumb Code    28  spi.o(i.SPI2_Port_Init)
    SPI2_ReadWriteByte                       0x0800c159   Thumb Code    86  spi.o(i.SPI2_ReadWriteByte)
    SPI2_SetSpeed                            0x0800c1b5   Thumb Code    38  spi.o(i.SPI2_SetSpeed)
    SceneEEPROMUnit_Init                     0x0800c34d   Thumb Code    72  userdata.o(i.SceneEEPROMUnit_Init)
    SceneEEPROM_Clr                          0x0800c395   Thumb Code    84  userdata.o(i.SceneEEPROM_Clr)
    SceneEEPROM_Get                          0x0800c3e9   Thumb Code    76  userdata.o(i.SceneEEPROM_Get)
    SceneEEPROM_Init                         0x0800c435   Thumb Code    42  userdata.o(i.SceneEEPROM_Init)
    SceneEEPROM_Set                          0x0800c45f   Thumb Code   144  userdata.o(i.SceneEEPROM_Set)
    SetRecTestStatus                         0x0800c561   Thumb Code    14  si4432.o(i.SetRecTestStatus)
    Set_433Channel_Attr                      0x0800c685   Thumb Code    70  flashattr.o(i.Set_433Channel_Attr)
    Set_CmdAckNum_Attr                       0x0800c6d1   Thumb Code    42  sysexeattr.o(i.Set_CmdAckNum_Attr)
    Set_CommonType_Attr                      0x0800c701   Thumb Code   120  sysexeattr.o(i.Set_CommonType_Attr)
    Set_DelLinkForUnit_Attr                  0x0800c77d   Thumb Code    40  sysexeattr.o(i.Set_DelLinkForUnit_Attr)
    Set_FaultFlag_Attr                       0x0800c7a5   Thumb Code    36  sysexeattr.o(i.Set_FaultFlag_Attr)
    Set_Group_Attr                           0x0800c7c9   Thumb Code   364  scene&group.o(i.Set_Group_Attr)
    Set_IAPDataCRC_Attr                      0x0800c935   Thumb Code   102  flashattr.o(i.Set_IAPDataCRC_Attr)
    Set_IAPPackSave_Attr                     0x0800c9a5   Thumb Code    66  flashattr.o(i.Set_IAPPackSave_Attr)
    Set_IAPReady_Attr                        0x0800c9f1   Thumb Code   182  flashattr.o(i.Set_IAPReady_Attr)
    Set_Link_Attr                            0x0800cac9   Thumb Code    98  sysexeattr.o(i.Set_Link_Attr)
    Set_ManyUnit_Attr                        0x0800cb2b   Thumb Code   102  unitshare_attr.o(i.Set_ManyUnit_Attr)
    Set_RepeatBandAddr_Attr                  0x0800cb91   Thumb Code   134  sysexeattr.o(i.Set_RepeatBandAddr_Attr)
    Set_RepeatBroadcast_Attr                 0x0800cc1d   Thumb Code    36  sysexeattr.o(i.Set_RepeatBroadcast_Attr)
    Set_ResetAddr_Attr                       0x0800cc45   Thumb Code   272  sysexeattr.o(i.Set_ResetAddr_Attr)
    Set_Scene_Attr                           0x0800cd6d   Thumb Code   398  scene&group.o(i.Set_Scene_Attr)
    Set_Sign433_RecFrameStream_Attr          0x0800cefd   Thumb Code    66  sign433attr.o(i.Set_Sign433_RecFrameStream_Attr)
    Set_Sign433_StartRecFrame_Attr           0x0800cf4d   Thumb Code   100  sign433attr.o(i.Set_Sign433_StartRecFrame_Attr)
    Set_Sign433_StartSendFrame_Attr          0x0800cfbd   Thumb Code    70  sign433attr.o(i.Set_Sign433_StartSendFrame_Attr)
    Set_Sign433_TestState_Attr               0x0800d011   Thumb Code    20  sign433attr.o(i.Set_Sign433_TestState_Attr)
    Set_UnitAble_Attr                        0x0800d02d   Thumb Code   120  sysexeattr.o(i.Set_UnitAble_Attr)
    Set_UnitArea_Attr                        0x0800d0a9   Thumb Code   112  sysexeattr.o(i.Set_UnitArea_Attr)
    Set_UnitChecking_Attr                    0x0800d11d   Thumb Code   110  unitshare_attr.o(i.Set_UnitChecking_Attr)
    Set_UnitType_Attr                        0x0800d195   Thumb Code   120  sysexeattr.o(i.Set_UnitType_Attr)
    Set_UserDataFormat_Attr                  0x0800d211   Thumb Code    94  sysexeattr.o(i.Set_UserDataFormat_Attr)
    Set_UserID_Attr                          0x0800d271   Thumb Code    42  sysexeattr.o(i.Set_UserID_Attr)
    ShakeMotor_Init                          0x0800d2a1   Thumb Code    26  shakemotor.o(i.ShakeMotor_Init)
    ShakeMotor_Start                         0x0800d2bb   Thumb Code    14  shakemotor.o(i.ShakeMotor_Start)
    ShakeMotor_Stop                          0x0800d2c9   Thumb Code    14  shakemotor.o(i.ShakeMotor_Stop)
    Si4432_Idle                              0x0800d2ed   Thumb Code    70  si4432.o(i.Si4432_Idle)
    Si4432_Init                              0x0800d339   Thumb Code   676  si4432.o(i.Si4432_Init)
    Si4432_Send                              0x0800d655   Thumb Code    60  si4432.o(i.Si4432_Send)
    Sign433_SendTestFrame                    0x0800d699   Thumb Code    82  sign433.o(i.Sign433_SendTestFrame)
    Sign433_SendTestFrameStream              0x0800d6f5   Thumb Code    26  sign433.o(i.Sign433_SendTestFrameStream)
    Sign433_SendTestReport                   0x0800d71d   Thumb Code    54  sign433.o(i.Sign433_SendTestReport)
    StandbyCountReset                        0x0800d759   Thumb Code     8  lowpower.o(i.StandbyCountReset)
    Standby_Mode                             0x0800d765   Thumb Code   154  lowpower.o(i.Standby_Mode)
    SysAttr_Init                             0x0800d815   Thumb Code    46  sysexeattr.o(i.SysAttr_Init)
    SysEEPROMData_Init                       0x0800d849   Thumb Code    58  userdata.o(i.SysEEPROMData_Init)
    SysEEPROMData_Set                        0x0800d889   Thumb Code    24  userdata.o(i.SysEEPROMData_Set)
    SysHard_Init                             0x0800d8a5   Thumb Code    26  syshard.o(i.SysHard_Init)
    SysTick_Handler                          0x0800d8c1   Thumb Code    34  systick.o(i.SysTick_Handler)
    SysTick_Init                             0x0800d8ed   Thumb Code    42  systick.o(i.SysTick_Init)
    SystemInit                               0x0800d91d   Thumb Code    88  system_stm32l1xx.o(i.SystemInit)
    Test_Init                                0x0800d9a5   Thumb Code    82  test.o(i.Test_Init)
    Thread_Init                              0x0800da2d   Thumb Code     8  thread.o(i.Thread_Init)
    Thread_Login                             0x0800da39   Thumb Code   228  thread.o(i.Thread_Login)
    Thread_Logout                            0x0800db21   Thumb Code    94  thread.o(i.Thread_Logout)
    Thread_Process                           0x0800db85   Thumb Code   100  thread.o(i.Thread_Process)
    Thread_RunCheck                          0x0800dbed   Thumb Code    44  thread.o(i.Thread_RunCheck)
    Thread_Wake                              0x0800dc1d   Thumb Code   132  thread.o(i.Thread_Wake)
    Time_Get                                 0x0800dca5   Thumb Code     6  systick.o(i.Time_Get)
    UART_Init                                0x0800dcb1   Thumb Code   148  usart.o(i.UART_Init)
    UART_Send                                0x0800dd51   Thumb Code    44  usart.o(i.UART_Send)
    UART_Write                               0x0800dd7d   Thumb Code    48  usart.o(i.UART_Write)
    USART2_IRQHandler                        0x0800ddb1   Thumb Code    28  usart.o(i.USART2_IRQHandler)
    UnitCnt_Get                              0x0800ddd5   Thumb Code     4  unitcfg.o(i.UnitCnt_Get)
    UnitPrivateEEPROMData_Init               0x0800ddd9   Thumb Code    26  userdata.o(i.UnitPrivateEEPROMData_Init)
    UnitPrivateEEPROMUnitData_Init           0x0800ddf5   Thumb Code    28  userdata.o(i.UnitPrivateEEPROMUnitData_Init)
    UnitPublicEEPROMData_Get                 0x0800de15   Thumb Code    36  userdata.o(i.UnitPublicEEPROMData_Get)
    UnitPublicEEPROMData_Init                0x0800de39   Thumb Code    26  userdata.o(i.UnitPublicEEPROMData_Init)
    UnitPublicEEPROMData_Set                 0x0800de55   Thumb Code    32  userdata.o(i.UnitPublicEEPROMData_Set)
    UnitPublicEEPROMUnitData_Init            0x0800de79   Thumb Code    62  userdata.o(i.UnitPublicEEPROMUnitData_Init)
    Unit_Init                                0x0800debd   Thumb Code    48  unitcfg.o(i.Unit_Init)
    Updata_Calibrate                         0x0800def5   Thumb Code    30  updata.o(i.Updata_Calibrate)
    Updata_Channel                           0x0800df19   Thumb Code    86  updata.o(i.Updata_Channel)
    Updata_Check                             0x0800df79   Thumb Code    22  updata.o(i.Updata_Check)
    Updata_Flag                              0x0800df91   Thumb Code    38  updata.o(i.Updata_Flag)
    Updata_PackCheck                         0x0800dfbd   Thumb Code    76  updata.o(i.Updata_PackCheck)
    Updata_PackProcess                       0x0800e011   Thumb Code   112  updata.o(i.Updata_PackProcess)
    Updata_Ready                             0x0800e091   Thumb Code   142  updata.o(i.Updata_Ready)
    UpdateRandomTime                         0x0800e131   Thumb Code    10  systick.o(i.UpdateRandomTime)
    Upload                                   0x0800e145   Thumb Code    44  upload.o(i.Upload)
    Upload_Attr                              0x0800e175   Thumb Code    56  upload.o(i.Upload_Attr)
    Upload_Fault                             0x0800e1ad   Thumb Code    34  upload.o(i.Upload_Fault)
    Upload_RESTART                           0x0800e1d9   Thumb Code    10  sysexeattr.o(i.Upload_RESTART)
    UserDataDownload_Init                    0x0800e1e5   Thumb Code    20  userdatadownload.o(i.UserDataDownload_Init)
    UserDataDownload_Ready                   0x0800e1fd   Thumb Code   244  userdatadownload.o(i.UserDataDownload_Ready)
    UserDataFrame_Check                      0x0800e31d   Thumb Code    78  userdatadownload.o(i.UserDataFrame_Check)
    UserDataFrame_Save                       0x0800e371   Thumb Code   134  userdatadownload.o(i.UserDataFrame_Save)
    UserData_Init                            0x0800e3fd   Thumb Code    92  userdata.o(i.UserData_Init)
    UserEEPROMData_Init                      0x0800e461   Thumb Code    54  userdata.o(i.UserEEPROMData_Init)
    VibratingAlert                           0x0800e49d   Thumb Code    26  cube6.o(i.VibratingAlert)
    WDG_Feed                                 0x0800e4bd   Thumb Code    10  wdg.o(i.WDG_Feed)
    WDG_FeedOFF                              0x0800e4cd   Thumb Code    10  wdg.o(i.WDG_FeedOFF)
    WriteALink                               0x0800e4dd   Thumb Code   148  linksimplest.o(i.WriteALink)
    WriteDataToEEPROM                        0x0800e579   Thumb Code   120  eeprom.o(i.WriteDataToEEPROM)
    WriteDataToEEPROMEx                      0x0800e5f1   Thumb Code   118  eeprom.o(i.WriteDataToEEPROMEx)
    WriteLinkItem                            0x0800e667   Thumb Code    94  linkwrdc.o(i.WriteLinkItem)
    WriteLinkToTable                         0x0800e6c5   Thumb Code    62  linkwrdc.o(i.WriteLinkToTable)
    cmd_get                                  0x0800e73d   Thumb Code   232  command.o(i.cmd_get)
    cmd_put                                  0x0800e82d   Thumb Code   124  command.o(i.cmd_put)
    delay_ms                                 0x0800e8b1   Thumb Code    28  delay.o(i.delay_ms)
    delay_us                                 0x0800e8cd   Thumb Code    24  delay.o(i.delay_us)
    fifo_Init                                0x0800e8e5   Thumb Code    26  fifo.o(i.fifo_Init)
    fifo_cmp                                 0x0800e8ff   Thumb Code    62  fifo.o(i.fifo_cmp)
    fifo_empty                               0x0800e93d   Thumb Code    18  fifo.o(i.fifo_empty)
    fifo_find                                0x0800e94f   Thumb Code    92  fifo.o(i.fifo_find)
    fifo_gets                                0x0800e9c9   Thumb Code   124  fifo.o(i.fifo_gets)
    fifo_putc                                0x0800ea45   Thumb Code    60  fifo.o(i.fifo_putc)
    fifo_puts                                0x0800ea81   Thumb Code   106  fifo.o(i.fifo_puts)
    fifo_validSize                           0x0800eb0d   Thumb Code    30  fifo.o(i.fifo_validSize)
    main                                     0x0800eb2d   Thumb Code    44  main.o(i.main)
    memcmp                                   0x0800eb61   Thumb Code    40  bestfulib.o(i.memcmp)
    memcpy                                   0x0800eb89   Thumb Code    28  bestfulib.o(i.memcpy)
    memmove                                  0x0800eba5   Thumb Code    58  bestfulib.o(i.memmove)
    memset                                   0x0800ebdf   Thumb Code    18  bestfulib.o(i.memset)
    __aeabi_dadd                             0x0800ebf1   Thumb Code     0  daddsub_clz.o(x$fpl$dadd)
    _dadd                                    0x0800ebf1   Thumb Code   332  daddsub_clz.o(x$fpl$dadd)
    __aeabi_ddiv                             0x0800ed41   Thumb Code     0  ddiv.o(x$fpl$ddiv)
    _ddiv                                    0x0800ed41   Thumb Code   552  ddiv.o(x$fpl$ddiv)
    __aeabi_d2iz                             0x0800eff1   Thumb Code     0  dfix.o(x$fpl$dfix)
    _dfix                                    0x0800eff1   Thumb Code    94  dfix.o(x$fpl$dfix)
    __aeabi_d2uiz                            0x0800f051   Thumb Code     0  dfixu.o(x$fpl$dfixu)
    _dfixu                                   0x0800f051   Thumb Code    90  dfixu.o(x$fpl$dfixu)
    __aeabi_ui2d                             0x0800f0ab   Thumb Code     0  dflt_clz.o(x$fpl$dfltu)
    _dfltu                                   0x0800f0ab   Thumb Code    38  dflt_clz.o(x$fpl$dfltu)
    __aeabi_dmul                             0x0800f0d1   Thumb Code     0  dmul.o(x$fpl$dmul)
    _dmul                                    0x0800f0d1   Thumb Code   332  dmul.o(x$fpl$dmul)
    __fpl_dnaninf                            0x0800f225   Thumb Code   156  dnaninf.o(x$fpl$dnaninf)
    __fpl_dretinf                            0x0800f2c1   Thumb Code    12  dretinf.o(x$fpl$dretinf)
    __aeabi_dsub                             0x0800f2cd   Thumb Code     0  daddsub_clz.o(x$fpl$dsub)
    _dsub                                    0x0800f2cd   Thumb Code   464  daddsub_clz.o(x$fpl$dsub)
    __aeabi_f2d                              0x0800f4a1   Thumb Code     0  f2d.o(x$fpl$f2d)
    _f2d                                     0x0800f4a1   Thumb Code    86  f2d.o(x$fpl$f2d)
    __aeabi_i2f                              0x0800f4f9   Thumb Code     0  fflt_clz.o(x$fpl$fflt)
    _fflt                                    0x0800f4f9   Thumb Code    48  fflt_clz.o(x$fpl$fflt)
    __fpl_fnaninf                            0x0800f529   Thumb Code   140  fnaninf.o(x$fpl$fnaninf)
    HeadCMD                                  0x0800f5b4   Data           6  command.o(.constdata)
    __I$use$fp                               0x0800f5b4   Number         0  usenofp.o(x$fpl$usenofp)
    TailCMD                                  0x0800f5ba   Data           6  command.o(.constdata)
    CRCTable                                 0x0800f5c0   Data         512  crc.o(.constdata)
    SysAttrTable                             0x0800f7c0   Data         560  sysexeattr.o(.constdata)
    Si4432Cfg_Tab                            0x0800f9f8   Data          21  si4432.o(.constdata)
    VoltageTab                               0x0800fa16   Data          22  battery.o(.constdata)
    flashFlag                                0x0800fa2c   Data          23  flashsizeflag.o(.constdata)
    UnitTab                                  0x0800fa44   Data          32  unitcfg.o(.constdata)
    Cube6AttrTab                             0x0800fa64   Data          48  cube6exeattr.o(.constdata)
    Region$$Table$$Base                      0x0800fa94   Number         0  anon$$obj.o(Region$$Table)
    Region$$Table$$Limit                     0x0800fab4   Number         0  anon$$obj.o(Region$$Table)
    DelayID                                  0x20000004   Data           4  object.o(.data)
    Sign433_State                            0x20000009   Data           1  sign433.o(.data)
    PACK_SIZE                                0x2000000b   Data           1  updata.o(.data)
    err                                      0x2000000c   Data           1  updata.o(.data)
    TestRecFlag                              0x20000012   Data           1  si4432.o(.data)
    Test                                     0x20000024   Data           4  test.o(.data)
    gPowerPercent                            0x20000028   Data           1  battery.o(.data)
    rcv433fifo                               0x20000048   Data          16  cmdprocess.o(.bss)
    send433fifo                              0x20000058   Data          16  cmdprocess.o(.bss)
    rcvBuf                                   0x20000068   Data        1024  cmdprocess.o(.bss)
    rcv_433                                  0x20000868   Data         264  cmdprocess.o(.bss)
    send_433                                 0x20000970   Data         264  cmdprocess.o(.bss)
    propfifo                                 0x20000a78   Data          16  linkscanfifo.o(.bss)
    propbuf                                  0x20000a88   Data         128  linkscanfifo.o(.bss)
    ALink                                    0x20000b08   Data        1651  linksimplest.o(.bss)
    RData                                    0x2000117c   Data         320  object.o(.bss)
    gSign433Comm                             0x200012bc   Data          12  sign433.o(.bss)
    IAP_FLAG                                 0x2000140c   Data          16  updata.o(.bss)
    PACK_ID                                  0x2000141c   Data         256  updata.o(.bss)
    gSysData                                 0x2000151c   Data          31  userdata.o(.bss)
    UserDownload                             0x2000153c   Data         140  userdatadownload.o(.bss)
    TestRecRSSI                              0x200015c8   Data         100  si4432.o(.bss)
    gUnitData                                0x2000162c   Data          16  unitcfg.o(.bss)
    CubeHandle                               0x2000163c   Data          12  cube6.o(.bss)
    __libspace_start                         0x20001648   Data          96  libspace.o(.bss)
    __temporary_stack_top$libspace           0x200016a8   Data           0  libspace.o(.bss)



==============================================================================

Memory Map of the image

  Image Entry point : 0x080084f5

  Load Region LR_IROM1 (Base: 0x08008400, Size: 0x000076fc, Max: 0x00010000, ABSOLUTE)

    Execution Region ER_IROM1 (Base: 0x08008400, Size: 0x000076b4, Max: 0x00010000, ABSOLUTE)

    Base Addr    Size         Type   Attr      Idx    E Section Name        Object

    0x08008400   0x000000f4   Data   RO           86    RESET               startup_stm32l1xx_md.o
    0x080084f4   0x00000008   Code   RO         3115  * !!!main             c_w.l(__main.o)
    0x080084fc   0x00000034   Code   RO         3313    !!!scatter          c_w.l(__scatter.o)
    0x08008530   0x0000001a   Code   RO         3315    !!handler_copy      c_w.l(__scatter_copy.o)
    0x0800854a   0x00000002   PAD
    0x0800854c   0x0000001c   Code   RO         3317    !!handler_zi        c_w.l(__scatter_zi.o)
    0x08008568   0x00000002   Code   RO         3183    .ARM.Collect$$libinit$$00000000  c_w.l(libinit.o)
    0x0800856a   0x00000000   Code   RO         3190    .ARM.Collect$$libinit$$00000002  c_w.l(libinit2.o)
    0x0800856a   0x00000000   Code   RO         3192    .ARM.Collect$$libinit$$00000004  c_w.l(libinit2.o)
    0x0800856a   0x00000000   Code   RO         3195    .ARM.Collect$$libinit$$0000000A  c_w.l(libinit2.o)
    0x0800856a   0x00000000   Code   RO         3197    .ARM.Collect$$libinit$$0000000C  c_w.l(libinit2.o)
    0x0800856a   0x00000000   Code   RO         3199    .ARM.Collect$$libinit$$0000000E  c_w.l(libinit2.o)
    0x0800856a   0x00000000   Code   RO         3202    .ARM.Collect$$libinit$$00000011  c_w.l(libinit2.o)
    0x0800856a   0x00000000   Code   RO         3204    .ARM.Collect$$libinit$$00000013  c_w.l(libinit2.o)
    0x0800856a   0x00000000   Code   RO         3206    .ARM.Collect$$libinit$$00000015  c_w.l(libinit2.o)
    0x0800856a   0x00000000   Code   RO         3208    .ARM.Collect$$libinit$$00000017  c_w.l(libinit2.o)
    0x0800856a   0x00000000   Code   RO         3210    .ARM.Collect$$libinit$$00000019  c_w.l(libinit2.o)
    0x0800856a   0x00000000   Code   RO         3212    .ARM.Collect$$libinit$$0000001B  c_w.l(libinit2.o)
    0x0800856a   0x00000000   Code   RO         3214    .ARM.Collect$$libinit$$0000001D  c_w.l(libinit2.o)
    0x0800856a   0x00000000   Code   RO         3216    .ARM.Collect$$libinit$$0000001F  c_w.l(libinit2.o)
    0x0800856a   0x00000000   Code   RO         3218    .ARM.Collect$$libinit$$00000021  c_w.l(libinit2.o)
    0x0800856a   0x00000000   Code   RO         3220    .ARM.Collect$$libinit$$00000023  c_w.l(libinit2.o)
    0x0800856a   0x00000000   Code   RO         3222    .ARM.Collect$$libinit$$00000025  c_w.l(libinit2.o)
    0x0800856a   0x00000000   Code   RO         3226    .ARM.Collect$$libinit$$0000002C  c_w.l(libinit2.o)
    0x0800856a   0x00000000   Code   RO         3228    .ARM.Collect$$libinit$$0000002E  c_w.l(libinit2.o)
    0x0800856a   0x00000000   Code   RO         3230    .ARM.Collect$$libinit$$00000030  c_w.l(libinit2.o)
    0x0800856a   0x00000000   Code   RO         3232    .ARM.Collect$$libinit$$00000032  c_w.l(libinit2.o)
    0x0800856a   0x00000002   Code   RO         3233    .ARM.Collect$$libinit$$00000033  c_w.l(libinit2.o)
    0x0800856c   0x00000002   Code   RO         3253    .ARM.Collect$$libshutdown$$00000000  c_w.l(libshutdown.o)
    0x0800856e   0x00000000   Code   RO         3266    .ARM.Collect$$libshutdown$$00000002  c_w.l(libshutdown2.o)
    0x0800856e   0x00000000   Code   RO         3268    .ARM.Collect$$libshutdown$$00000004  c_w.l(libshutdown2.o)
    0x0800856e   0x00000000   Code   RO         3271    .ARM.Collect$$libshutdown$$00000007  c_w.l(libshutdown2.o)
    0x0800856e   0x00000000   Code   RO         3274    .ARM.Collect$$libshutdown$$0000000A  c_w.l(libshutdown2.o)
    0x0800856e   0x00000000   Code   RO         3276    .ARM.Collect$$libshutdown$$0000000C  c_w.l(libshutdown2.o)
    0x0800856e   0x00000000   Code   RO         3279    .ARM.Collect$$libshutdown$$0000000F  c_w.l(libshutdown2.o)
    0x0800856e   0x00000002   Code   RO         3280    .ARM.Collect$$libshutdown$$00000010  c_w.l(libshutdown2.o)
    0x08008570   0x00000000   Code   RO         3151    .ARM.Collect$$rtentry$$00000000  c_w.l(__rtentry.o)
    0x08008570   0x00000000   Code   RO         3160    .ARM.Collect$$rtentry$$00000002  c_w.l(__rtentry2.o)
    0x08008570   0x00000006   Code   RO         3172    .ARM.Collect$$rtentry$$00000004  c_w.l(__rtentry4.o)
    0x08008576   0x00000000   Code   RO         3162    .ARM.Collect$$rtentry$$00000009  c_w.l(__rtentry2.o)
    0x08008576   0x00000004   Code   RO         3163    .ARM.Collect$$rtentry$$0000000A  c_w.l(__rtentry2.o)
    0x0800857a   0x00000000   Code   RO         3165    .ARM.Collect$$rtentry$$0000000C  c_w.l(__rtentry2.o)
    0x0800857a   0x00000008   Code   RO         3166    .ARM.Collect$$rtentry$$0000000D  c_w.l(__rtentry2.o)
    0x08008582   0x00000002   Code   RO         3187    .ARM.Collect$$rtexit$$00000000  c_w.l(rtexit.o)
    0x08008584   0x00000000   Code   RO         3235    .ARM.Collect$$rtexit$$00000002  c_w.l(rtexit2.o)
    0x08008584   0x00000004   Code   RO         3236    .ARM.Collect$$rtexit$$00000003  c_w.l(rtexit2.o)
    0x08008588   0x00000006   Code   RO         3237    .ARM.Collect$$rtexit$$00000004  c_w.l(rtexit2.o)
    0x0800858e   0x00000002   PAD
    0x08008590   0x00000014   Code   RO         2233    .emb_text           sys.o
    0x080085a4   0x00000040   Code   RO           87    .text               startup_stm32l1xx_md.o
    0x080085e4   0x0000004e   Code   RO         3111    .text               c_w.l(rt_memclr_w.o)
    0x08008632   0x00000006   Code   RO         3113    .text               c_w.l(heapauxi.o)
    0x08008638   0x0000004a   Code   RO         3174    .text               c_w.l(sys_stackheap_outer.o)
    0x08008682   0x00000012   Code   RO         3176    .text               c_w.l(exit.o)
    0x08008694   0x00000008   Code   RO         3184    .text               c_w.l(libspace.o)
    0x0800869c   0x0000000c   Code   RO         3245    .text               c_w.l(sys_exit.o)
    0x080086a8   0x00000002   Code   RO         3256    .text               c_w.l(use_no_semi.o)
    0x080086aa   0x00000000   Code   RO         3258    .text               c_w.l(indicate_semi.o)
    0x080086aa   0x00000002   PAD
    0x080086ac   0x000000e0   Code   RO         2494    i.ADC_Init          adc.o
    0x0800878c   0x00000020   Code   RO         2495    i.ADC_PortInit      adc.o
    0x080087ac   0x00000040   Code   RO         2496    i.ADC_Read          adc.o
    0x080087ec   0x00000068   Code   RO         2497    i.ADC_ReadAverage   adc.o
    0x08008854   0x0000000c   Code   RO         2498    i.ADC_TestPowerOFF  adc.o
    0x08008860   0x0000000c   Code   RO         2499    i.ADC_TestPowerON   adc.o
    0x0800886c   0x00000044   Code   RO          547    i.ALinkClr          linksimplest.o
    0x080088b0   0x00000030   Code   RO          548    i.ALinkInit         linksimplest.o
    0x080088e0   0x00000244   Code   RO         2546    i.Battery_GetPercent  battery.o
    0x08008b24   0x0000003c   Code   RO         2547    i.Battery_GetVoltage  battery.o
    0x08008b60   0x00000088   Code   RO         2583    i.Battery_Init      batteryexeattr.o
    0x08008be8   0x00000038   Code   RO         1386    i.Channel_Get       updata.o
    0x08008c20   0x0000001a   Code   RO         2978    i.ChargeCheck       cube6.o
    0x08008c3a   0x00000002   PAD
    0x08008c3c   0x00000020   Code   RO         2979    i.ChargeComplete    cube6.o
    0x08008c5c   0x00000038   Code   RO         2980    i.ChargeComplete1   cube6.o
    0x08008c94   0x00000018   Code   RO         2981    i.ChargeCompleteDlr  cube6.o
    0x08008cac   0x00000018   Code   RO          549    i.CheckALinkFull    linksimplest.o
    0x08008cc4   0x00000012   Code   RO          664    i.CheckLinkFull     linkwrdc.o
    0x08008cd6   0x00000002   PAD
    0x08008cd8   0x000000a4   Code   RO         2070    i.Check_433M_Busy   si4432.o
    0x08008d7c   0x00000070   Code   RO          817    i.Check_Area        object.o
    0x08008dec   0x000000c4   Code   RO          818    i.Check_Repeat      object.o
    0x08008eb0   0x00000060   Code   RO          550    i.ChkALinkIsExist   linksimplest.o
    0x08008f10   0x00000038   Code   RO          251    i.ChkCrcValue       crc.o
    0x08008f48   0x0000001a   Code   RO          665    i.ChkLinkIsExist    linkwrdc.o
    0x08008f62   0x0000000a   Code   RO          915    i.ClearRecTestStatus  sign433.o
    0x08008f6c   0x00000082   Code   RO          622    i.CmpSampAndLinkValue  linksrc.o
    0x08008fee   0x00000010   Code   RO         3063    i.Cube6Checking_Attr  cube6exeattr.o
    0x08008ffe   0x00000002   PAD
    0x08009000   0x0000001c   Code   RO         3064    i.Cube6EepromInit   cube6exeattr.o
    0x0800901c   0x00000040   Code   RO         3065    i.Cube6Init         cube6exeattr.o
    0x0800905c   0x00000024   Code   RO         2982    i.Cube6_ReadEeprom  cube6.o
    0x08009080   0x00000014   Code   RO         2983    i.Cube6_SaveEeprom  cube6.o
    0x08009094   0x000000fc   Code   RO         2984    i.Cube6_SearchFace  cube6.o
    0x08009190   0x00000024   Code   RO         1788    i.DATA_EEPROM_Unlock  flash.o
    0x080091b4   0x00000014   Code   RO          133    i.DataSend_Thread   cmdprocess.o
    0x080091c8   0x00000040   Code   RO          899    i.DecryptionFlash   scene&group.o
    0x08009208   0x000000f4   Code   RO          551    i.DelALink          linksimplest.o
    0x080092fc   0x00000034   Code   RO          666    i.DelAllLinkFromTable  linkwrdc.o
    0x08009330   0x00000080   Code   RO          668    i.DelLinkForUnit    linkwrdc.o
    0x080093b0   0x0000001e   Code   RO          669    i.DelLinkFromTable  linkwrdc.o
    0x080093ce   0x0000002e   Code   RO          670    i.DelLinkItem       linkwrdc.o
    0x080093fc   0x0000001a   Code   RO         1902    i.Delay_nNOP        i2c.o
    0x08009416   0x00000002   Code   RO         1765    i.DeviceResetCheck_Init  devicereset.o
    0x08009418   0x0000002e   Code   RO         1489    i.EEPROM_Read       userdata.o
    0x08009446   0x0000002e   Code   RO         1490    i.EEPROM_Write      userdata.o
    0x08009474   0x0000000c   Code   RO         2654    i.EXTI0_IRQHandler  lowpower.o
    0x08009480   0x0000001c   Code   RO         2071    i.EXTI15_10_IRQHandler  si4432.o
    0x0800949c   0x0000009c   Code   RO         2234    i.Ex_NVIC_Config    sys.o
    0x08009538   0x0000006c   Code   RO          134    i.FIFOInit          cmdprocess.o
    0x080095a4   0x0000005c   Code   RO         1789    i.FLASH_ErasePage   flash.o
    0x08009600   0x00000016   Code   RO         1491    i.FaultData_Get     userdata.o
    0x08009616   0x0000000e   Code   RO         1492    i.FaultData_Init    userdata.o
    0x08009624   0x00000020   Code   RO         1493    i.FaultData_Save    userdata.o
    0x08009644   0x00000014   Code   RO         1456    i.FaultMsg          upload.o
    0x08009658   0x00000050   Code   RO          355    i.Fault_Upload      faultmanage.o
    0x080096a8   0x000000d0   Code   RO         2985    i.FindCurrentFace   cube6.o
    0x08009778   0x00000088   Code   RO         2013    i.FlashEncryptionInit  program.o
    0x08009800   0x00000010   Code   RO         2718    i.FlashSizeFlagInit  flashsizeflag.o
    0x08009810   0x00000004   Code   RO         2014    i.Flash_DefaultValue  program.o
    0x08009814   0x0000001c   Code   RO         1790    i.Flash_EOP         flash.o
    0x08009830   0x00000038   Code   RO         1791    i.Flash_Status      flash.o
    0x08009868   0x0000002c   Code   RO         1792    i.Flash_Unlock      flash.o
    0x08009894   0x0000003a   Code   RO         1793    i.Flash_Write       flash.o
    0x080098ce   0x00000002   PAD
    0x080098d0   0x00000014   Code   RO         1794    i.Flash_lock        flash.o
    0x080098e4   0x00000060   Code   RO         1852    i.GPIOx_AF          gpio.o
    0x08009944   0x00000098   Code   RO         1853    i.GPIOx_Cfg         gpio.o
    0x080099dc   0x00000014   Code   RO         1854    i.GPIOx_Get         gpio.o
    0x080099f0   0x00000014   Code   RO         1855    i.GPIOx_Rst         gpio.o
    0x08009a04   0x00000018   Code   RO         1857    i.GPIOx_Set         gpio.o
    0x08009a1c   0x00000054   Code   RO          552    i.GetALinkNum       linksimplest.o
    0x08009a70   0x00000016   Code   RO          671    i.GetLinkNum        linkwrdc.o
    0x08009a86   0x00000002   PAD
    0x08009a88   0x00000008   Code   RO         2072    i.GetRSSIPara       si4432.o
    0x08009a90   0x00000004   Code   RO         2073    i.GetThresholdPara  si4432.o
    0x08009a94   0x00000014   Code   RO          451    i.Get_433Channel_Attr  flashattr.o
    0x08009aa8   0x00000006   Code   RO         2584    i.Get_ChargeState_Attr  batteryexeattr.o
    0x08009aae   0x00000002   PAD
    0x08009ab0   0x00000014   Code   RO         1049    i.Get_CmdAckNum_Attr  sysexeattr.o
    0x08009ac4   0x0000006c   Code   RO         1050    i.Get_CommonType_Attr  sysexeattr.o
    0x08009b30   0x00000014   Code   RO         3066    i.Get_Cube6Face_Attr  cube6exeattr.o
    0x08009b44   0x00000014   Code   RO         1051    i.Get_DeviceAddr_Attr  sysexeattr.o
    0x08009b58   0x00000016   Code   RO          974    i.Get_DeviceThreshold_Attr  sign433attr.o
    0x08009b6e   0x00000002   PAD
    0x08009b70   0x00000050   Code   RO         1052    i.Get_DeviceType_Attr  sysexeattr.o
    0x08009bc0   0x00000052   Code   RO         1053    i.Get_Eeprom_Info_Attr  sysexeattr.o
    0x08009c12   0x00000014   Code   RO         1054    i.Get_FaultFlag_Attr  sysexeattr.o
    0x08009c26   0x0000005e   Code   RO          866    i.Get_Group_Attr    scene&group.o
    0x08009c84   0x00000048   Code   RO          452    i.Get_IAPPackCheck_Attr  flashattr.o
    0x08009ccc   0x00000044   Code   RO         1055    i.Get_Link_Attr     sysexeattr.o
    0x08009d10   0x0000013c   Code   RO         1360    i.Get_ManyUnit_Attr  unitshare_attr.o
    0x08009e4c   0x00000028   Code   RO         2585    i.Get_PowerPercent_Attr  batteryexeattr.o
    0x08009e74   0x00000088   Code   RO         1056    i.Get_RepeatBandAddr_Attr  sysexeattr.o
    0x08009efc   0x0000001c   Code   RO         1057    i.Get_RepeatBroadcast_Attr  sysexeattr.o
    0x08009f18   0x00000084   Code   RO         1058    i.Get_ResetAddr_Attr  sysexeattr.o
    0x08009f9c   0x00000068   Code   RO          867    i.Get_Scene_Attr    scene&group.o
    0x0800a004   0x0000000c   Code   RO          975    i.Get_Sign433_MasterAddr  sign433attr.o
    0x0800a010   0x00000038   Code   RO          976    i.Get_Sign433_StartRecFrame_Attr  sign433attr.o
    0x0800a048   0x00000038   Code   RO          977    i.Get_Sign433_StartSendFrame_Attr  sign433attr.o
    0x0800a080   0x0000000c   Code   RO          978    i.Get_Sign433_TestPackNum  sign433attr.o
    0x0800a08c   0x00000014   Code   RO          979    i.Get_Sign433_TestState_Attr  sign433attr.o
    0x0800a0a0   0x00000018   Code   RO         1795    i.Get_UniqueDeviceID  flash.o
    0x0800a0b8   0x0000006c   Code   RO         1059    i.Get_UnitAble_Attr  sysexeattr.o
    0x0800a124   0x00000068   Code   RO         1060    i.Get_UnitArea_Attr  sysexeattr.o
    0x0800a18c   0x0000006c   Code   RO         1061    i.Get_UnitType_Attr  sysexeattr.o
    0x0800a1f8   0x00000014   Code   RO         1062    i.Get_UserID_Attr   sysexeattr.o
    0x0800a20c   0x0000006c   Code   RO         1063    i.Get_Version_Attr  sysexeattr.o
    0x0800a278   0x0000003c   Code   RO         1494    i.GroupEEPROMUnit_Init  userdata.o
    0x0800a2b4   0x000000e0   Code   RO         1495    i.GroupEEPROM_Clr   userdata.o
    0x0800a394   0x00000078   Code   RO         1496    i.GroupEEPROM_Get   userdata.o
    0x0800a40c   0x0000001a   Code   RO         1497    i.GroupEEPROM_Init  userdata.o
    0x0800a426   0x00000002   PAD
    0x0800a428   0x000000d4   Code   RO         1498    i.GroupEEPROM_Set   userdata.o
    0x0800a4fc   0x0000006c   Code   RO         2305    i.HardID_Change     syshard.o
    0x0800a568   0x00000088   Code   RO         2306    i.HardID_Check      syshard.o
    0x0800a5f0   0x00000006   Code   RO         2453    i.HardWDGTest_Attr  wdg.o
    0x0800a5f6   0x00000044   Code   RO         1903    i.I2C_ACK           i2c.o
    0x0800a63a   0x00000028   Code   RO         1904    i.I2C_Init          i2c.o
    0x0800a662   0x00000088   Code   RO         1905    i.I2C_RecvB_Ack     i2c.o
    0x0800a6ea   0x00000062   Code   RO         1906    i.I2C_SendB_Ack     i2c.o
    0x0800a74c   0x00000030   Code   RO         1907    i.I2C_Start         i2c.o
    0x0800a77c   0x0000002e   Code   RO         1908    i.I2C_Stop          i2c.o
    0x0800a7aa   0x00000084   Code   RO         1909    i.I2C_WaitAck       i2c.o
    0x0800a82e   0x00000002   PAD
    0x0800a830   0x0000003c   Code   RO         2887    i.IIC_ACK           iic.o
    0x0800a86c   0x0000006c   Code   RO         2888    i.IIC_GetByte       iic.o
    0x0800a8d8   0x00000028   Code   RO         1910    i.IIC_GetState      i2c.o
    0x0800a900   0x00000030   Code   RO         2889    i.IIC_InitPort      iic.o
    0x0800a930   0x0000003c   Code   RO         2890    i.IIC_NACK          iic.o
    0x0800a96c   0x00000066   Code   RO         1911    i.IIC_Read          i2c.o
    0x0800a9d2   0x00000060   Code   RO         2892    i.IIC_ReadDataN     iic.o
    0x0800aa32   0x00000002   PAD
    0x0800aa34   0x0000005c   Code   RO         2893    i.IIC_SendByte      iic.o
    0x0800aa90   0x00000044   Code   RO         2894    i.IIC_Start         iic.o
    0x0800aad4   0x00000034   Code   RO         2895    i.IIC_Stop          iic.o
    0x0800ab08   0x0000009c   Code   RO         2896    i.IIC_WaitAck       iic.o
    0x0800aba4   0x00000060   Code   RO         1912    i.IIC_Write         i2c.o
    0x0800ac04   0x0000005e   Code   RO         1913    i.IIC_WriteSame     i2c.o
    0x0800ac62   0x0000000a   Code   RO         2899    i.IIC_delay         iic.o
    0x0800ac6c   0x00000002   Code   RO         1981    i.Instruct          instruct.o
    0x0800ac6e   0x00000002   Code   RO         1982    i.Instruct_Init     instruct.o
    0x0800ac70   0x00000002   Code   RO         1983    i.Instruct_Run      instruct.o
    0x0800ac72   0x00000008   Code   RO          626    i.LinkInit          linksrc.o
    0x0800ac7a   0x00000002   PAD
    0x0800ac7c   0x00000130   Code   RO          627    i.LinkSrcExe        linksrc.o
    0x0800adac   0x00000038   Code   RO         2655    i.LowPower_CheckTime  lowpower.o
    0x0800ade4   0x0000004e   Code   RO         2794    i.MPU6050_Init      mpu6050.o
    0x0800ae32   0x0000003e   Code   RO         2795    i.MPU6050_Read      mpu6050.o
    0x0800ae70   0x000000c4   Code   RO         2796    i.MPU6050_ReadAcce  mpu6050.o
    0x0800af34   0x0000002e   Code   RO         2798    i.MPU6050_Write     mpu6050.o
    0x0800af62   0x00000002   PAD
    0x0800af64   0x0000009c   Code   RO         2237    i.MY_NVIC_Init      sys.o
    0x0800b000   0x00000028   Code   RO         2238    i.MY_NVIC_PriorityGroupConfig  sys.o
    0x0800b028   0x0000003c   Code   RO          672    i.ModifyLinkItem    linkwrdc.o
    0x0800b064   0x00000020   Code   RO          135    i.Msg_Change        cmdprocess.o
    0x0800b084   0x000000dc   Code   RO          136    i.Msg_Execute       cmdprocess.o
    0x0800b160   0x000000b0   Code   RO          770    i.Msg_Feedback      msgpackage.o
    0x0800b210   0x00000020   Code   RO          137    i.Msg_Level         cmdprocess.o
    0x0800b230   0x0000004c   Code   RO          771    i.Msg_Package       msgpackage.o
    0x0800b27c   0x00000076   Code   RO          138    i.Msg_Process       cmdprocess.o
    0x0800b2f2   0x00000030   Code   RO          139    i.Msg_ReturnType    cmdprocess.o
    0x0800b322   0x00000044   Code   RO          772    i.Msg_Send          msgpackage.o
    0x0800b366   0x0000003a   Code   RO          773    i.Msg_Upload        msgpackage.o
    0x0800b3a0   0x0000003e   Code   RO          774    i.Msg_UploadUnit    msgpackage.o
    0x0800b3de   0x00000002   PAD
    0x0800b3e0   0x00000484   Code   RO          819    i.Object_Check      object.o
    0x0800b864   0x000000fc   Code   RO         1387    i.PartionChange     updata.o
    0x0800b960   0x0000000c   Code   RO          140    i.ProcessSend_Fun   cmdprocess.o
    0x0800b96c   0x00000070   Code   RO          141    i.Process_FIFOData  cmdprocess.o
    0x0800b9dc   0x00000044   Code   RO         2015    i.Program_Erase     program.o
    0x0800ba20   0x00000016   Code   RO         2016    i.Program_Read      program.o
    0x0800ba36   0x00000030   Code   RO         2018    i.Program_Write     program.o
    0x0800ba66   0x00000002   PAD
    0x0800ba68   0x000000ec   Code   RO         2019    i.Program_Write_Ext  program.o
    0x0800bb54   0x00000034   Code   RO          501    i.PropChangeScanAndExe  linkscanfifo.o
    0x0800bb88   0x0000005c   Code   RO          502    i.PropEventFifo     linkscanfifo.o
    0x0800bbe4   0x00000018   Code   RO          503    i.PropFifoInit      linkscanfifo.o
    0x0800bbfc   0x00000038   Code   RO          553    i.QueryALink        linksimplest.o
    0x0800bc34   0x00000044   Code   RO          673    i.QueryAllLinkFromTable  linkwrdc.o
    0x0800bc78   0x00000016   Code   RO          674    i.QueryLink         linkwrdc.o
    0x0800bc8e   0x00000038   Code   RO          675    i.QueryLinkItem     linkwrdc.o
    0x0800bcc6   0x00000002   PAD
    0x0800bcc8   0x00000038   Code   RO          554    i.ReadALink         linksimplest.o
    0x0800bd00   0x00000078   Code   RO          313    i.ReadDataFromEEPROM  eeprom.o
    0x0800bd78   0x00000022   Code   RO          676    i.ReadLinkFromTable  linkwrdc.o
    0x0800bd9a   0x00000030   Code   RO          677    i.ReadLinkItem      linkwrdc.o
    0x0800bdca   0x00000002   PAD
    0x0800bdcc   0x000001c0   Code   RO         2074    i.RecDataToFifo     si4432.o
    0x0800bf8c   0x00000058   Code   RO         1263    i.SI4432Test_Attr   systestattr.o
    0x0800bfe4   0x00000014   Code   RO         1264    i.SI4432Test_Fail   systestattr.o
    0x0800bff8   0x0000000c   Code   RO         2075    i.SI4432_SendEn     si4432.o
    0x0800c004   0x000000a2   Code   RO         2076    i.SI4432_Send_All_Data  si4432.o
    0x0800c0a6   0x00000002   PAD
    0x0800c0a8   0x00000094   Code   RO         2189    i.SPI2_Init         spi.o
    0x0800c13c   0x0000001c   Code   RO         2190    i.SPI2_Port_Init    spi.o
    0x0800c158   0x0000005c   Code   RO         2191    i.SPI2_ReadWriteByte  spi.o
    0x0800c1b4   0x0000002c   Code   RO         2192    i.SPI2_SetSpeed     spi.o
    0x0800c1e0   0x0000002c   Code   RO         2077    i.SPI_RW_Reg        si4432.o
    0x0800c20c   0x0000004c   Code   RO         1499    i.SceneEEPROMData_Clr  userdata.o
    0x0800c258   0x00000010   Code   RO         1500    i.SceneEEPROMData_Init  userdata.o
    0x0800c268   0x00000014   Code   RO         1501    i.SceneEEPROMData_Save  userdata.o
    0x0800c27c   0x00000074   Code   RO         1502    i.SceneEEPROMData_Seat  userdata.o
    0x0800c2f0   0x0000003c   Code   RO         1503    i.SceneEEPROMSave_Addr  userdata.o
    0x0800c32c   0x00000020   Code   RO         1504    i.SceneEEPROMSave_Seat  userdata.o
    0x0800c34c   0x00000048   Code   RO         1505    i.SceneEEPROMUnit_Init  userdata.o
    0x0800c394   0x00000054   Code   RO         1506    i.SceneEEPROM_Clr   userdata.o
    0x0800c3e8   0x0000004c   Code   RO         1507    i.SceneEEPROM_Get   userdata.o
    0x0800c434   0x0000002a   Code   RO         1508    i.SceneEEPROM_Init  userdata.o
    0x0800c45e   0x00000090   Code   RO         1509    i.SceneEEPROM_Set   userdata.o
    0x0800c4ee   0x00000002   PAD
    0x0800c4f0   0x00000054   Code   RO         2078    i.SetMode_RX        si4432.o
    0x0800c544   0x0000001c   Code   RO         2079    i.SetMode_TX        si4432.o
    0x0800c560   0x00000014   Code   RO         2080    i.SetRecTestStatus  si4432.o
    0x0800c574   0x00000110   Code   RO            3    i.SetSysClock       system_stm32l1xx.o
    0x0800c684   0x0000004c   Code   RO          453    i.Set_433Channel_Attr  flashattr.o
    0x0800c6d0   0x00000030   Code   RO         1064    i.Set_CmdAckNum_Attr  sysexeattr.o
    0x0800c700   0x0000007c   Code   RO         1065    i.Set_CommonType_Attr  sysexeattr.o
    0x0800c77c   0x00000028   Code   RO         1066    i.Set_DelLinkForUnit_Attr  sysexeattr.o
    0x0800c7a4   0x00000024   Code   RO         1067    i.Set_FaultFlag_Attr  sysexeattr.o
    0x0800c7c8   0x0000016c   Code   RO          868    i.Set_Group_Attr    scene&group.o
    0x0800c934   0x00000070   Code   RO          454    i.Set_IAPDataCRC_Attr  flashattr.o
    0x0800c9a4   0x0000004c   Code   RO          455    i.Set_IAPPackSave_Attr  flashattr.o
    0x0800c9f0   0x000000d8   Code   RO          456    i.Set_IAPReady_Attr  flashattr.o
    0x0800cac8   0x00000062   Code   RO         1068    i.Set_Link_Attr     sysexeattr.o
    0x0800cb2a   0x00000066   Code   RO         1361    i.Set_ManyUnit_Attr  unitshare_attr.o
    0x0800cb90   0x0000008c   Code   RO         1069    i.Set_RepeatBandAddr_Attr  sysexeattr.o
    0x0800cc1c   0x00000028   Code   RO         1070    i.Set_RepeatBroadcast_Attr  sysexeattr.o
    0x0800cc44   0x00000128   Code   RO         1071    i.Set_ResetAddr_Attr  sysexeattr.o
    0x0800cd6c   0x0000018e   Code   RO          869    i.Set_Scene_Attr    scene&group.o
    0x0800cefa   0x00000002   PAD
    0x0800cefc   0x00000050   Code   RO          980    i.Set_Sign433_RecFrameStream_Attr  sign433attr.o
    0x0800cf4c   0x00000070   Code   RO          981    i.Set_Sign433_StartRecFrame_Attr  sign433attr.o
    0x0800cfbc   0x00000054   Code   RO          982    i.Set_Sign433_StartSendFrame_Attr  sign433attr.o
    0x0800d010   0x0000001c   Code   RO          983    i.Set_Sign433_TestState_Attr  sign433attr.o
    0x0800d02c   0x0000007c   Code   RO         1072    i.Set_UnitAble_Attr  sysexeattr.o
    0x0800d0a8   0x00000074   Code   RO         1073    i.Set_UnitArea_Attr  sysexeattr.o
    0x0800d11c   0x00000078   Code   RO         1362    i.Set_UnitChecking_Attr  unitshare_attr.o
    0x0800d194   0x0000007c   Code   RO         1074    i.Set_UnitType_Attr  sysexeattr.o
    0x0800d210   0x0000005e   Code   RO         1075    i.Set_UserDataFormat_Attr  sysexeattr.o
    0x0800d26e   0x00000002   PAD
    0x0800d270   0x00000030   Code   RO         1076    i.Set_UserID_Attr   sysexeattr.o
    0x0800d2a0   0x0000001a   Code   RO         2843    i.ShakeMotor_Init   shakemotor.o
    0x0800d2ba   0x0000000e   Code   RO         2845    i.ShakeMotor_Start  shakemotor.o
    0x0800d2c8   0x0000000e   Code   RO         2846    i.ShakeMotor_Stop   shakemotor.o
    0x0800d2d6   0x00000002   PAD
    0x0800d2d8   0x00000014   Code   RO         2081    i.Si4432_Fault      si4432.o
    0x0800d2ec   0x0000004c   Code   RO         2082    i.Si4432_Idle       si4432.o
    0x0800d338   0x000002ac   Code   RO         2083    i.Si4432_Init       si4432.o
    0x0800d5e4   0x00000070   Code   RO         2084    i.Si4432_PortInit   si4432.o
    0x0800d654   0x00000044   Code   RO         2085    i.Si4432_Send       si4432.o
    0x0800d698   0x0000005c   Code   RO          916    i.Sign433_SendTestFrame  sign433.o
    0x0800d6f4   0x00000028   Code   RO          917    i.Sign433_SendTestFrameStream  sign433.o
    0x0800d71c   0x0000003c   Code   RO          918    i.Sign433_SendTestReport  sign433.o
    0x0800d758   0x0000000c   Code   RO         2656    i.StandbyCountReset  lowpower.o
    0x0800d764   0x000000b0   Code   RO         2657    i.Standby_Mode      lowpower.o
    0x0800d814   0x00000034   Code   RO         1077    i.SysAttr_Init      sysexeattr.o
    0x0800d848   0x00000040   Code   RO         1510    i.SysEEPROMData_Init  userdata.o
    0x0800d888   0x0000001c   Code   RO         1511    i.SysEEPROMData_Set  userdata.o
    0x0800d8a4   0x0000001a   Code   RO         2307    i.SysHard_Init      syshard.o
    0x0800d8be   0x00000002   PAD
    0x0800d8c0   0x0000002c   Code   RO         2341    i.SysTick_Handler   systick.o
    0x0800d8ec   0x00000030   Code   RO         2342    i.SysTick_Init      systick.o
    0x0800d91c   0x0000006c   Code   RO            5    i.SystemInit        system_stm32l1xx.o
    0x0800d988   0x0000001c   Code   RO         2586    i.TP4056            batteryexeattr.o
    0x0800d9a4   0x0000005c   Code   RO         2386    i.Test_Init         test.o
    0x0800da00   0x0000002c   Code   RO         1299    i.Thread_Check      thread.o
    0x0800da2c   0x0000000c   Code   RO         1301    i.Thread_Init       thread.o
    0x0800da38   0x000000e8   Code   RO         1302    i.Thread_Login      thread.o
    0x0800db20   0x00000064   Code   RO         1303    i.Thread_Logout     thread.o
    0x0800db84   0x00000068   Code   RO         1304    i.Thread_Process    thread.o
    0x0800dbec   0x00000030   Code   RO         1306    i.Thread_RunCheck   thread.o
    0x0800dc1c   0x00000088   Code   RO         1307    i.Thread_Wake       thread.o
    0x0800dca4   0x0000000c   Code   RO         2343    i.Time_Get          systick.o
    0x0800dcb0   0x000000a0   Code   RO         2412    i.UART_Init         usart.o
    0x0800dd50   0x0000002c   Code   RO         2413    i.UART_Send         usart.o
    0x0800dd7c   0x00000034   Code   RO         2414    i.UART_Write        usart.o
    0x0800ddb0   0x00000024   Code   RO         2415    i.USART2_IRQHandler  usart.o
    0x0800ddd4   0x00000004   Code   RO         2759    i.UnitCnt_Get       unitcfg.o
    0x0800ddd8   0x0000001a   Code   RO         1512    i.UnitPrivateEEPROMData_Init  userdata.o
    0x0800ddf2   0x00000002   PAD
    0x0800ddf4   0x00000020   Code   RO         1513    i.UnitPrivateEEPROMUnitData_Init  userdata.o
    0x0800de14   0x00000024   Code   RO         1514    i.UnitPublicEEPROMData_Get  userdata.o
    0x0800de38   0x0000001a   Code   RO         1515    i.UnitPublicEEPROMData_Init  userdata.o
    0x0800de52   0x00000002   PAD
    0x0800de54   0x00000024   Code   RO         1516    i.UnitPublicEEPROMData_Set  userdata.o
    0x0800de78   0x00000044   Code   RO         1517    i.UnitPublicEEPROMUnitData_Init  userdata.o
    0x0800debc   0x00000038   Code   RO         2760    i.Unit_Init         unitcfg.o
    0x0800def4   0x00000024   Code   RO         1388    i.Updata_Calibrate  updata.o
    0x0800df18   0x00000060   Code   RO         1389    i.Updata_Channel    updata.o
    0x0800df78   0x00000016   Code   RO         1390    i.Updata_Check      updata.o
    0x0800df8e   0x00000002   PAD
    0x0800df90   0x0000002c   Code   RO         1391    i.Updata_Flag       updata.o
    0x0800dfbc   0x00000054   Code   RO         1392    i.Updata_PackCheck  updata.o
    0x0800e010   0x00000080   Code   RO         1393    i.Updata_PackProcess  updata.o
    0x0800e090   0x000000a0   Code   RO         1394    i.Updata_Ready      updata.o
    0x0800e130   0x00000014   Code   RO         2344    i.UpdateRandomTime  systick.o
    0x0800e144   0x00000030   Code   RO         1457    i.Upload            upload.o
    0x0800e174   0x00000038   Code   RO         1458    i.Upload_Attr       upload.o
    0x0800e1ac   0x0000002c   Code   RO         1459    i.Upload_Fault      upload.o
    0x0800e1d8   0x0000000a   Code   RO         1078    i.Upload_RESTART    sysexeattr.o
    0x0800e1e2   0x00000002   PAD
    0x0800e1e4   0x00000018   Code   RO         1721    i.UserDataDownload_Init  userdatadownload.o
    0x0800e1fc   0x00000120   Code   RO         1722    i.UserDataDownload_Ready  userdatadownload.o
    0x0800e31c   0x00000054   Code   RO         1723    i.UserDataFrame_Check  userdatadownload.o
    0x0800e370   0x0000008c   Code   RO         1724    i.UserDataFrame_Save  userdatadownload.o
    0x0800e3fc   0x00000064   Code   RO         1518    i.UserData_Init     userdata.o
    0x0800e460   0x0000003c   Code   RO         1519    i.UserEEPROMData_Init  userdata.o
    0x0800e49c   0x00000020   Code   RO         3034    i.VibratingAlert    cube6.o
    0x0800e4bc   0x00000010   Code   RO         2454    i.WDG_Feed          wdg.o
    0x0800e4cc   0x00000010   Code   RO         2455    i.WDG_FeedOFF       wdg.o
    0x0800e4dc   0x0000009c   Code   RO          555    i.WriteALink        linksimplest.o
    0x0800e578   0x00000078   Code   RO          314    i.WriteDataToEEPROM  eeprom.o
    0x0800e5f0   0x00000076   Code   RO          315    i.WriteDataToEEPROMEx  eeprom.o
    0x0800e666   0x0000005e   Code   RO          678    i.WriteLinkItem     linkwrdc.o
    0x0800e6c4   0x00000044   Code   RO          679    i.WriteLinkToTable  linkwrdc.o
    0x0800e708   0x00000034   Code   RO         2587    i.bubble_sort       batteryexeattr.o
    0x0800e73c   0x000000f0   Code   RO          224    i.cmd_get           command.o
    0x0800e82c   0x00000084   Code   RO          225    i.cmd_put           command.o
    0x0800e8b0   0x0000001c   Code   RO          274    i.delay_ms          delay.o
    0x0800e8cc   0x00000018   Code   RO          275    i.delay_us          delay.o
    0x0800e8e4   0x0000001a   Code   RO          373    i.fifo_Init         fifo.o
    0x0800e8fe   0x0000003e   Code   RO          375    i.fifo_cmp          fifo.o
    0x0800e93c   0x00000012   Code   RO          376    i.fifo_empty        fifo.o
    0x0800e94e   0x0000005c   Code   RO          377    i.fifo_find         fifo.o
    0x0800e9aa   0x0000001e   Code   RO          378    i.fifo_full         fifo.o
    0x0800e9c8   0x0000007c   Code   RO          380    i.fifo_gets         fifo.o
    0x0800ea44   0x0000003c   Code   RO          381    i.fifo_putc         fifo.o
    0x0800ea80   0x0000006a   Code   RO          382    i.fifo_puts         fifo.o
    0x0800eaea   0x00000022   Code   RO          383    i.fifo_surplusSize  fifo.o
    0x0800eb0c   0x0000001e   Code   RO          384    i.fifo_validSize    fifo.o
    0x0800eb2a   0x00000002   PAD
    0x0800eb2c   0x00000034   Code   RO         2741    i.main              main.o
    0x0800eb60   0x00000028   Code   RO           92    i.memcmp            bestfulib.o
    0x0800eb88   0x0000001c   Code   RO           93    i.memcpy            bestfulib.o
    0x0800eba4   0x0000003a   Code   RO           95    i.memmove           bestfulib.o
    0x0800ebde   0x00000012   Code   RO           96    i.memset            bestfulib.o
    0x0800ebf0   0x00000150   Code   RO         3117    x$fpl$dadd          fz_ws.l(daddsub_clz.o)
    0x0800ed40   0x000002b0   Code   RO         3124    x$fpl$ddiv          fz_ws.l(ddiv.o)
    0x0800eff0   0x0000005e   Code   RO         3127    x$fpl$dfix          fz_ws.l(dfix.o)
    0x0800f04e   0x00000002   PAD
    0x0800f050   0x0000005a   Code   RO         3131    x$fpl$dfixu         fz_ws.l(dfixu.o)
    0x0800f0aa   0x00000026   Code   RO         3135    x$fpl$dfltu         fz_ws.l(dflt_clz.o)
    0x0800f0d0   0x00000154   Code   RO         3141    x$fpl$dmul          fz_ws.l(dmul.o)
    0x0800f224   0x0000009c   Code   RO         3152    x$fpl$dnaninf       fz_ws.l(dnaninf.o)
    0x0800f2c0   0x0000000c   Code   RO         3154    x$fpl$dretinf       fz_ws.l(dretinf.o)
    0x0800f2cc   0x000001d4   Code   RO         3119    x$fpl$dsub          fz_ws.l(daddsub_clz.o)
    0x0800f4a0   0x00000056   Code   RO         3143    x$fpl$f2d           fz_ws.l(f2d.o)
    0x0800f4f6   0x00000002   PAD
    0x0800f4f8   0x00000030   Code   RO         3146    x$fpl$fflt          fz_ws.l(fflt_clz.o)
    0x0800f528   0x0000008c   Code   RO         3156    x$fpl$fnaninf       fz_ws.l(fnaninf.o)
    0x0800f5b4   0x00000000   Code   RO         3158    x$fpl$usenofp       fz_ws.l(usenofp.o)
    0x0800f5b4   0x0000000c   Data   RO          226    .constdata          command.o
    0x0800f5c0   0x00000200   Data   RO          253    .constdata          crc.o
    0x0800f7c0   0x00000230   Data   RO         1079    .constdata          sysexeattr.o
    0x0800f9f0   0x00000008   Data   RO         2020    .constdata          program.o
    0x0800f9f8   0x0000001e   Data   RO         2087    .constdata          si4432.o
    0x0800fa16   0x00000016   Data   RO         2548    .constdata          battery.o
    0x0800fa2c   0x00000017   Data   RO         2719    .constdata          flashsizeflag.o
    0x0800fa43   0x00000001   PAD
    0x0800fa44   0x00000020   Data   RO         2762    .constdata          unitcfg.o
    0x0800fa64   0x00000030   Data   RO         3067    .constdata          cube6exeattr.o
    0x0800fa94   0x00000020   Data   RO         3311    Region$$Table       anon$$obj.o


    Execution Region RW_IRAM1 (Base: 0x20000000, Size: 0x000020a8, Max: 0x00002800, ABSOLUTE)

    Base Addr    Size         Type   Attr      Idx    E Section Name        Object

    0x20000000   0x00000002   Data   RW          457    .data               flashattr.o
    0x20000002   0x00000002   PAD
    0x20000004   0x00000005   Data   RW          821    .data               object.o
    0x20000009   0x00000002   Data   RW          920    .data               sign433.o
    0x2000000b   0x00000002   Data   RW         1396    .data               updata.o
    0x2000000d   0x00000001   Data   RW         1460    .data               upload.o
    0x2000000e   0x00000001   Data   RW         1521    .data               userdata.o
    0x2000000f   0x00000001   PAD
    0x20000010   0x0000000a   Data   RW         2088    .data               si4432.o
    0x2000001a   0x00000002   PAD
    0x2000001c   0x00000008   Data   RW         2345    .data               systick.o
    0x20000024   0x00000004   Data   RW         2387    .data               test.o
    0x20000028   0x00000001   Data   RW         2549    .data               battery.o
    0x20000029   0x00000001   PAD
    0x2000002a   0x00000002   Data   RW         2661    .data               lowpower.o
    0x2000002c   0x0000001a   Data   RW         2987    .data               cube6.o
    0x20000046   0x00000002   PAD
    0x20000048   0x00000a30   Zero   RW          142    .bss                cmdprocess.o
    0x20000a78   0x00000090   Zero   RW          504    .bss                linkscanfifo.o
    0x20000b08   0x00000673   Zero   RW          556    .bss                linksimplest.o
    0x2000117b   0x00000001   PAD
    0x2000117c   0x00000140   Zero   RW          820    .bss                object.o
    0x200012bc   0x0000000c   Zero   RW          919    .bss                sign433.o
    0x200012c8   0x00000144   Zero   RW         1308    .bss                thread.o
    0x2000140c   0x00000110   Zero   RW         1395    .bss                updata.o
    0x2000151c   0x0000001f   Zero   RW         1520    .bss                userdata.o
    0x2000153b   0x00000001   PAD
    0x2000153c   0x0000008c   Zero   RW         1725    .bss                userdatadownload.o
    0x200015c8   0x00000064   Zero   RW         2086    .bss                si4432.o
    0x2000162c   0x00000010   Zero   RW         2761    .bss                unitcfg.o
    0x2000163c   0x0000000c   Zero   RW         2986    .bss                cube6.o
    0x20001648   0x00000060   Zero   RW         3185    .bss                c_w.l(libspace.o)
    0x200016a8   0x00000200   Zero   RW           85    HEAP                startup_stm32l1xx_md.o
    0x200018a8   0x00000800   Zero   RW           84    STACK               startup_stm32l1xx_md.o


==============================================================================

Image component sizes


      Code (inc. data)   RO Data    RW Data    ZI Data      Debug   Object Name

       448         24          0          0          0       4713   adc.o
       640          6         22          1          0       4713   battery.o
       262         16          0          0          0       9497   batteryexeattr.o
       144          0          0          0          0       3425   bestfulib.o
       702         82          0          0       2608      11850   cmdprocess.o
       372         16         12          0          0       2694   command.o
        56          4        512          0          0       1693   crc.o
       686         76          0         26         12       8419   cube6.o
       128         22         48          0          0       3959   cube6exeattr.o
        52          0          0          0          0       1330   delay.o
         2          0          0          0          0        616   devicereset.o
       358          0          0          0          0       5927   eeprom.o
        80          6          0          0          0       1347   faultmanage.o
       582          0          0          0          0       8333   fifo.o
       358         50          0          0          0       6378   flash.o
       572         66          0          2          0       5901   flashattr.o
        16          6         23          0          0       1596   flashsizeflag.o
       312         28          0          0          0       4215   gpio.o
       926          0          0          0          0       9409   i2c.o
       750         36          0          0          0       7282   iic.o
         6          0          0          0          0       1778   instruct.o
       168         30          0          0        144       3801   linkscanfifo.o
       832         58          0          0       1651      10626   linksimplest.o
       442         14          0          0          0       2590   linksrc.o
       772         20          0          0          0      13313   linkwrdc.o
       256         34          0          2          0      27571   lowpower.o
        52          8          0          0          0        635   main.o
       382          8          0          0          0       3466   mpu6050.o
       440         20          0          0          0       5044   msgpackage.o
      1464         46          0          5        320       6014   object.o
       514         36          8          0          0       5806   program.o
      1024         14          0          0          0       5522   scene&group.o
        54          0          0          0          0       1943   shakemotor.o
      1962         96         30         10        100      13253   si4432.o
       202         30          0          2         12       9550   sign433.o
       482         84          0          0          0       8348   sign433attr.o
       312         22          0          0          0       2714   spi.o
        64         26        244          0       2560        944   startup_stm32l1xx_md.o
       372         30          0          0          0       3206   sys.o
      2532        128        560          0          0      27767   sysexeattr.o
       270         26          0          0          0       2018   syshard.o
       380         34          0          0          0     197468   system_stm32l1xx.o
       108         26          0          0          0       2028   systestattr.o
       124         32          0          8          0       2887   systick.o
        92         10          0          4          0       1035   test.o
       676         32          0          0        324       6290   thread.o
        60          8         32          0         16       4034   unitcfg.o
       538         16          0          0          0       3684   unitshare_attr.o
       878         96          0          2        272       8547   updata.o
       168         18          0          1          0       2950   upload.o
       292         24          0          0          0       3505   usart.o
      2016         60          0          1         31      29209   userdata.o
       536         60          0          0        140       4447   userdatadownload.o
        38         12          0          0          0       2408   wdg.o

    ----------------------------------------------------------------------
     26008       1596       1524         72       8192     527698   Object Totals
         0          0         32          0          0          0   (incl. Generated)
        54          0          1          8          2          0   (incl. Padding)

    ----------------------------------------------------------------------

      Code (inc. data)   RO Data    RW Data    ZI Data      Debug   Library Member Name

         8          0          0          0          0         68   __main.o
         0          0          0          0          0          0   __rtentry.o
        12          0          0          0          0          0   __rtentry2.o
         6          0          0          0          0          0   __rtentry4.o
        52          8          0          0          0          0   __scatter.o
        26          0          0          0          0          0   __scatter_copy.o
        28          0          0          0          0          0   __scatter_zi.o
        18          0          0          0          0         80   exit.o
         6          0          0          0          0        152   heapauxi.o
         0          0          0          0          0          0   indicate_semi.o
         2          0          0          0          0          0   libinit.o
         2          0          0          0          0          0   libinit2.o
         2          0          0          0          0          0   libshutdown.o
         2          0          0          0          0          0   libshutdown2.o
         8          4          0          0         96         68   libspace.o
        78          0          0          0          0         80   rt_memclr_w.o
         2          0          0          0          0          0   rtexit.o
        10          0          0          0          0          0   rtexit2.o
        12          4          0          0          0         68   sys_exit.o
        74          0          0          0          0         80   sys_stackheap_outer.o
         2          0          0          0          0         68   use_no_semi.o
       804         16          0          0          0        272   daddsub_clz.o
       688        140          0          0          0        208   ddiv.o
        94          4          0          0          0         92   dfix.o
        90          4          0          0          0         92   dfixu.o
        38          0          0          0          0         68   dflt_clz.o
       340         12          0          0          0        104   dmul.o
       156          4          0          0          0         92   dnaninf.o
        12          0          0          0          0         68   dretinf.o
        86          4          0          0          0         84   f2d.o
        48          0          0          0          0         68   fflt_clz.o
       140          4          0          0          0         84   fnaninf.o
         0          0          0          0          0          0   usenofp.o

    ----------------------------------------------------------------------
      2856        204          0          0         96       1896   Library Totals
        10          0          0          0          0          0   (incl. Padding)

    ----------------------------------------------------------------------

      Code (inc. data)   RO Data    RW Data    ZI Data      Debug   Library Name

       350         16          0          0         96        664   c_w.l
      2496        188          0          0          0       1232   fz_ws.l

    ----------------------------------------------------------------------
      2856        204          0          0         96       1896   Library Totals

    ----------------------------------------------------------------------

==============================================================================


      Code (inc. data)   RO Data    RW Data    ZI Data      Debug   

     28864       1800       1524         72       8288     512794   Grand Totals
     28864       1800       1524         72       8288     512794   ELF Image Totals
     28864       1800       1524         72          0          0   ROM Totals

==============================================================================

    Total RO  Size (Code + RO Data)                30388 (  29.68kB)
    Total RW  Size (RW Data + ZI Data)              8360 (   8.16kB)
    Total ROM Size (Code + RO Data + RW Data)      30460 (  29.75kB)

==============================================================================

