<!doctype html public "-//w3c//dtd html 4.0 transitional//en">
<html><head>
<title>Static Call Graph - [..\Output\Cube6_B_V9999.axf]</title></head>
<body><HR>
<H1>Static Call Graph for image ..\Output\Cube6_B_V9999.axf</H1><HR>
<BR><P>#&#060CALLGRAPH&#062# ARM Linker, 5060183: Last Updated: Tue Jun 28 19:13:25 2016
<BR><P>
<H3>Maximum Stack Usage =       1088 bytes + Unknown(Functions without stacksize, Cycles, Untraceable Function Pointers)</H3><H3>
Call chain for Maximum Stack Depth:</H3>
Set_IAPDataCRC_Attr &rArr; PartionChange &rArr; Program_Write &rArr; Flash_Write
<P>
<H3>
Functions with no stack information
</H3><UL>
 <LI><a href="#[a2]">__user_initial_stackheap</a>
</UL>
</UL>
<P>
<H3>
Mutually Recursive functions
</H3> <LI><a href="#[4]">NMI_Handler</a>&nbsp;&nbsp;&nbsp;&rArr;&nbsp;&nbsp;&nbsp;<a href="#[4]">NMI_Handler</a><BR>
 <LI><a href="#[5]">HardFault_Handler</a>&nbsp;&nbsp;&nbsp;&rArr;&nbsp;&nbsp;&nbsp;<a href="#[5]">HardFault_Handler</a><BR>
 <LI><a href="#[6]">MemManage_Handler</a>&nbsp;&nbsp;&nbsp;&rArr;&nbsp;&nbsp;&nbsp;<a href="#[6]">MemManage_Handler</a><BR>
 <LI><a href="#[7]">BusFault_Handler</a>&nbsp;&nbsp;&nbsp;&rArr;&nbsp;&nbsp;&nbsp;<a href="#[7]">BusFault_Handler</a><BR>
 <LI><a href="#[8]">UsageFault_Handler</a>&nbsp;&nbsp;&nbsp;&rArr;&nbsp;&nbsp;&nbsp;<a href="#[8]">UsageFault_Handler</a><BR>
 <LI><a href="#[9]">SVC_Handler</a>&nbsp;&nbsp;&nbsp;&rArr;&nbsp;&nbsp;&nbsp;<a href="#[9]">SVC_Handler</a><BR>
 <LI><a href="#[a]">DebugMon_Handler</a>&nbsp;&nbsp;&nbsp;&rArr;&nbsp;&nbsp;&nbsp;<a href="#[a]">DebugMon_Handler</a><BR>
 <LI><a href="#[b]">PendSV_Handler</a>&nbsp;&nbsp;&nbsp;&rArr;&nbsp;&nbsp;&nbsp;<a href="#[b]">PendSV_Handler</a><BR>
 <LI><a href="#[1f]">ADC1_IRQHandler</a>&nbsp;&nbsp;&nbsp;&rArr;&nbsp;&nbsp;&nbsp;<a href="#[1f]">ADC1_IRQHandler</a><BR>
 <LI><a href="#[e8]">FaultData_Save</a>&nbsp;&nbsp;&nbsp;&rArr;&nbsp;&nbsp;&nbsp;<a href="#[af]">WriteDataToEEPROM</a><BR>
 <LI><a href="#[b2]">ReadDataFromEEPROM</a>&nbsp;&nbsp;&nbsp;&rArr;&nbsp;&nbsp;&nbsp;<a href="#[ea]">Fault_Upload</a><BR>
 <LI><a href="#[158]">Updata_Channel</a>&nbsp;&nbsp;&nbsp;&rArr;&nbsp;&nbsp;&nbsp;<a href="#[158]">Updata_Channel</a><BR>
</UL>
<P>
<H3>
Function Pointers
</H3><UL>
 <LI><a href="#[1f]">ADC1_IRQHandler</a> from startup_stm32l1xx_md.o(.text) referenced from startup_stm32l1xx_md.o(RESET)
 <LI><a href="#[7]">BusFault_Handler</a> from startup_stm32l1xx_md.o(.text) referenced from startup_stm32l1xx_md.o(RESET)
 <LI><a href="#[23]">COMP_IRQHandler</a> from startup_stm32l1xx_md.o(.text) referenced from startup_stm32l1xx_md.o(RESET)
 <LI><a href="#[3d]">ChargeComplete</a> from cube6.o(i.ChargeComplete) referenced from cube6.o(i.ChargeComplete1)
 <LI><a href="#[3d]">ChargeComplete</a> from cube6.o(i.ChargeComplete) referenced from cube6.o(i.ChargeCompleteDlr)
 <LI><a href="#[3c]">ChargeComplete1</a> from cube6.o(i.ChargeComplete1) referenced from cube6.o(i.ChargeComplete)
 <LI><a href="#[3c]">ChargeComplete1</a> from cube6.o(i.ChargeComplete1) referenced from cube6.o(i.ChargeCompleteDlr)
 <LI><a href="#[49]">ClearRecTestStatus</a> from sign433.o(i.ClearRecTestStatus) referenced from sign433attr.o(i.Set_Sign433_RecFrameStream_Attr)
 <LI><a href="#[49]">ClearRecTestStatus</a> from sign433.o(i.ClearRecTestStatus) referenced from sign433attr.o(i.Set_Sign433_StartRecFrame_Attr)
 <LI><a href="#[8d]">Cube6Checking_Attr</a> from cube6exeattr.o(i.Cube6Checking_Attr) referenced from unitcfg.o(.constdata)
 <LI><a href="#[8c]">Cube6EepromInit</a> from cube6exeattr.o(i.Cube6EepromInit) referenced from unitcfg.o(.constdata)
 <LI><a href="#[8b]">Cube6Init</a> from cube6exeattr.o(i.Cube6Init) referenced from unitcfg.o(.constdata)
 <LI><a href="#[3e]">Cube6_SearchFace</a> from cube6.o(i.Cube6_SearchFace) referenced from cube6exeattr.o(i.Cube6Init)
 <LI><a href="#[22]">DAC_IRQHandler</a> from startup_stm32l1xx_md.o(.text) referenced from startup_stm32l1xx_md.o(RESET)
 <LI><a href="#[18]">DMA1_Channel1_IRQHandler</a> from startup_stm32l1xx_md.o(.text) referenced from startup_stm32l1xx_md.o(RESET)
 <LI><a href="#[19]">DMA1_Channel2_IRQHandler</a> from startup_stm32l1xx_md.o(.text) referenced from startup_stm32l1xx_md.o(RESET)
 <LI><a href="#[1a]">DMA1_Channel3_IRQHandler</a> from startup_stm32l1xx_md.o(.text) referenced from startup_stm32l1xx_md.o(RESET)
 <LI><a href="#[1b]">DMA1_Channel4_IRQHandler</a> from startup_stm32l1xx_md.o(.text) referenced from startup_stm32l1xx_md.o(RESET)
 <LI><a href="#[1c]">DMA1_Channel5_IRQHandler</a> from startup_stm32l1xx_md.o(.text) referenced from startup_stm32l1xx_md.o(RESET)
 <LI><a href="#[1d]">DMA1_Channel6_IRQHandler</a> from startup_stm32l1xx_md.o(.text) referenced from startup_stm32l1xx_md.o(RESET)
 <LI><a href="#[1e]">DMA1_Channel7_IRQHandler</a> from startup_stm32l1xx_md.o(.text) referenced from startup_stm32l1xx_md.o(RESET)
 <LI><a href="#[42]">DataSend_Thread</a> from cmdprocess.o(i.DataSend_Thread) referenced from cmdprocess.o(i.FIFOInit)
 <LI><a href="#[a]">DebugMon_Handler</a> from startup_stm32l1xx_md.o(.text) referenced from startup_stm32l1xx_md.o(RESET)
 <LI><a href="#[52]">EEPROM_Write</a> from userdata.o(i.EEPROM_Write) referenced from userdatadownload.o(i.UserDataDownload_Ready)
 <LI><a href="#[13]">EXTI0_IRQHandler</a> from lowpower.o(i.EXTI0_IRQHandler) referenced from startup_stm32l1xx_md.o(RESET)
 <LI><a href="#[35]">EXTI15_10_IRQHandler</a> from si4432.o(i.EXTI15_10_IRQHandler) referenced from startup_stm32l1xx_md.o(RESET)
 <LI><a href="#[14]">EXTI1_IRQHandler</a> from startup_stm32l1xx_md.o(.text) referenced from startup_stm32l1xx_md.o(RESET)
 <LI><a href="#[15]">EXTI2_IRQHandler</a> from startup_stm32l1xx_md.o(.text) referenced from startup_stm32l1xx_md.o(RESET)
 <LI><a href="#[16]">EXTI3_IRQHandler</a> from startup_stm32l1xx_md.o(.text) referenced from startup_stm32l1xx_md.o(RESET)
 <LI><a href="#[17]">EXTI4_IRQHandler</a> from startup_stm32l1xx_md.o(.text) referenced from startup_stm32l1xx_md.o(RESET)
 <LI><a href="#[24]">EXTI9_5_IRQHandler</a> from startup_stm32l1xx_md.o(.text) referenced from startup_stm32l1xx_md.o(RESET)
 <LI><a href="#[11]">FLASH_IRQHandler</a> from startup_stm32l1xx_md.o(.text) referenced from startup_stm32l1xx_md.o(RESET)
 <LI><a href="#[50]">FaultMsg</a> from upload.o(i.FaultMsg) referenced from upload.o(i.Upload_Fault)
 <LI><a href="#[84]">Get_433Channel_Attr</a> from flashattr.o(i.Get_433Channel_Attr) referenced from sysexeattr.o(.constdata)
 <LI><a href="#[90]">Get_ChargeState_Attr</a> from batteryexeattr.o(i.Get_ChargeState_Attr) referenced from cube6exeattr.o(.constdata)
 <LI><a href="#[6d]">Get_CmdAckNum_Attr</a> from sysexeattr.o(i.Get_CmdAckNum_Attr) referenced from sysexeattr.o(.constdata)
 <LI><a href="#[76]">Get_CommonType_Attr</a> from sysexeattr.o(i.Get_CommonType_Attr) referenced from sysexeattr.o(.constdata)
 <LI><a href="#[8e]">Get_Cube6Face_Attr</a> from cube6exeattr.o(i.Get_Cube6Face_Attr) referenced from cube6exeattr.o(.constdata)
 <LI><a href="#[6b]">Get_DeviceAddr_Attr</a> from sysexeattr.o(i.Get_DeviceAddr_Attr) referenced from sysexeattr.o(.constdata)
 <LI><a href="#[64]">Get_DeviceThreshold_Attr</a> from sign433attr.o(i.Get_DeviceThreshold_Attr) referenced from sysexeattr.o(.constdata)
 <LI><a href="#[67]">Get_DeviceType_Attr</a> from sysexeattr.o(i.Get_DeviceType_Attr) referenced from sysexeattr.o(.constdata)
 <LI><a href="#[87]">Get_Eeprom_Info_Attr</a> from sysexeattr.o(i.Get_Eeprom_Info_Attr) referenced from sysexeattr.o(.constdata)
 <LI><a href="#[89]">Get_FaultFlag_Attr</a> from sysexeattr.o(i.Get_FaultFlag_Attr) referenced from sysexeattr.o(.constdata)
 <LI><a href="#[5a]">Get_Group_Attr</a> from scene&group.o(i.Get_Group_Attr) referenced from sysexeattr.o(.constdata)
 <LI><a href="#[81]">Get_IAPPackCheck_Attr</a> from flashattr.o(i.Get_IAPPackCheck_Attr) referenced 2 times from sysexeattr.o(.constdata)
 <LI><a href="#[78]">Get_Link_Attr</a> from sysexeattr.o(i.Get_Link_Attr) referenced from sysexeattr.o(.constdata)
 <LI><a href="#[55]">Get_ManyUnit_Attr</a> from unitshare_attr.o(i.Get_ManyUnit_Attr) referenced from sysexeattr.o(.constdata)
 <LI><a href="#[8f]">Get_PowerPercent_Attr</a> from batteryexeattr.o(i.Get_PowerPercent_Attr) referenced from cube6exeattr.o(.constdata)
 <LI><a href="#[6f]">Get_RepeatBandAddr_Attr</a> from sysexeattr.o(i.Get_RepeatBandAddr_Attr) referenced from sysexeattr.o(.constdata)
 <LI><a href="#[5e]">Get_RepeatBroadcast_Attr</a> from sysexeattr.o(i.Get_RepeatBroadcast_Attr) referenced from sysexeattr.o(.constdata)
 <LI><a href="#[7e]">Get_ResetAddr_Attr</a> from sysexeattr.o(i.Get_ResetAddr_Attr) referenced from sysexeattr.o(.constdata)
 <LI><a href="#[58]">Get_Scene_Attr</a> from scene&group.o(i.Get_Scene_Attr) referenced from sysexeattr.o(.constdata)
 <LI><a href="#[62]">Get_Sign433_StartRecFrame_Attr</a> from sign433attr.o(i.Get_Sign433_StartRecFrame_Attr) referenced from sysexeattr.o(.constdata)
 <LI><a href="#[60]">Get_Sign433_StartSendFrame_Attr</a> from sign433attr.o(i.Get_Sign433_StartSendFrame_Attr) referenced from sysexeattr.o(.constdata)
 <LI><a href="#[66]">Get_Sign433_TestState_Attr</a> from sign433attr.o(i.Get_Sign433_TestState_Attr) referenced from sysexeattr.o(.constdata)
 <LI><a href="#[72]">Get_UnitAble_Attr</a> from sysexeattr.o(i.Get_UnitAble_Attr) referenced from sysexeattr.o(.constdata)
 <LI><a href="#[5c]">Get_UnitArea_Attr</a> from sysexeattr.o(i.Get_UnitArea_Attr) referenced from sysexeattr.o(.constdata)
 <LI><a href="#[74]">Get_UnitType_Attr</a> from sysexeattr.o(i.Get_UnitType_Attr) referenced from sysexeattr.o(.constdata)
 <LI><a href="#[6a]">Get_UserID_Attr</a> from sysexeattr.o(i.Get_UserID_Attr) referenced from sysexeattr.o(.constdata)
 <LI><a href="#[68]">Get_Version_Attr</a> from sysexeattr.o(i.Get_Version_Attr) referenced from sysexeattr.o(.constdata)
 <LI><a href="#[5]">HardFault_Handler</a> from startup_stm32l1xx_md.o(.text) referenced from startup_stm32l1xx_md.o(RESET)
 <LI><a href="#[48]">HardID_Change</a> from syshard.o(i.HardID_Change) referenced from sysexeattr.o(i.Set_ResetAddr_Attr)
 <LI><a href="#[85]">HardWDGTest_Attr</a> from wdg.o(i.HardWDGTest_Attr) referenced from sysexeattr.o(.constdata)
 <LI><a href="#[2d]">I2C1_ER_IRQHandler</a> from startup_stm32l1xx_md.o(.text) referenced from startup_stm32l1xx_md.o(RESET)
 <LI><a href="#[2c]">I2C1_EV_IRQHandler</a> from startup_stm32l1xx_md.o(.text) referenced from startup_stm32l1xx_md.o(RESET)
 <LI><a href="#[2f]">I2C2_ER_IRQHandler</a> from startup_stm32l1xx_md.o(.text) referenced from startup_stm32l1xx_md.o(RESET)
 <LI><a href="#[2e]">I2C2_EV_IRQHandler</a> from startup_stm32l1xx_md.o(.text) referenced from startup_stm32l1xx_md.o(RESET)
 <LI><a href="#[43]">Instruct_Run</a> from instruct.o(i.Instruct_Run) referenced from faultmanage.o(i.Fault_Upload)
 <LI><a href="#[43]">Instruct_Run</a> from instruct.o(i.Instruct_Run) referenced from unitshare_attr.o(i.Set_UnitChecking_Attr)
 <LI><a href="#[25]">LCD_IRQHandler</a> from startup_stm32l1xx_md.o(.text) referenced from startup_stm32l1xx_md.o(RESET)
 <LI><a href="#[3f]">LowPower_CheckTime</a> from lowpower.o(i.LowPower_CheckTime) referenced from cube6exeattr.o(i.Cube6Init)
 <LI><a href="#[6]">MemManage_Handler</a> from startup_stm32l1xx_md.o(.text) referenced from startup_stm32l1xx_md.o(RESET)
 <LI><a href="#[40]">Msg_Change</a> from cmdprocess.o(i.Msg_Change) referenced from cmdprocess.o(i.FIFOInit)
 <LI><a href="#[4]">NMI_Handler</a> from startup_stm32l1xx_md.o(.text) referenced from startup_stm32l1xx_md.o(RESET)
 <LI><a href="#[e]">PVD_IRQHandler</a> from startup_stm32l1xx_md.o(.text) referenced from startup_stm32l1xx_md.o(RESET)
 <LI><a href="#[b]">PendSV_Handler</a> from startup_stm32l1xx_md.o(.text) referenced from startup_stm32l1xx_md.o(RESET)
 <LI><a href="#[51]">Program_Write</a> from program.o(i.Program_Write) referenced from userdatadownload.o(i.UserDataDownload_Ready)
 <LI><a href="#[44]">PropChangeScanAndExe</a> from linkscanfifo.o(i.PropChangeScanAndExe) referenced from linkscanfifo.o(i.PropEventFifo)
 <LI><a href="#[12]">RCC_IRQHandler</a> from startup_stm32l1xx_md.o(.text) referenced from startup_stm32l1xx_md.o(RESET)
 <LI><a href="#[36]">RTC_Alarm_IRQHandler</a> from startup_stm32l1xx_md.o(.text) referenced from startup_stm32l1xx_md.o(RESET)
 <LI><a href="#[10]">RTC_WKUP_IRQHandler</a> from startup_stm32l1xx_md.o(.text) referenced from startup_stm32l1xx_md.o(RESET)
 <LI><a href="#[3]">Reset_Handler</a> from startup_stm32l1xx_md.o(.text) referenced from startup_stm32l1xx_md.o(RESET)
 <LI><a href="#[86]">SI4432Test_Attr</a> from systestattr.o(i.SI4432Test_Attr) referenced from sysexeattr.o(.constdata)
 <LI><a href="#[46]">SI4432Test_Fail</a> from systestattr.o(i.SI4432Test_Fail) referenced from systestattr.o(i.SI4432Test_Attr)
 <LI><a href="#[4d]">SI4432_SendEn</a> from si4432.o(i.SI4432_SendEn) referenced from si4432.o(i.Si4432_Send)
 <LI><a href="#[30]">SPI1_IRQHandler</a> from startup_stm32l1xx_md.o(.text) referenced from startup_stm32l1xx_md.o(RESET)
 <LI><a href="#[31]">SPI2_IRQHandler</a> from startup_stm32l1xx_md.o(.text) referenced from startup_stm32l1xx_md.o(RESET)
 <LI><a href="#[9]">SVC_Handler</a> from startup_stm32l1xx_md.o(.text) referenced from startup_stm32l1xx_md.o(RESET)
 <LI><a href="#[83]">Set_433Channel_Attr</a> from flashattr.o(i.Set_433Channel_Attr) referenced from sysexeattr.o(.constdata)
 <LI><a href="#[6c]">Set_CmdAckNum_Attr</a> from sysexeattr.o(i.Set_CmdAckNum_Attr) referenced from sysexeattr.o(.constdata)
 <LI><a href="#[75]">Set_CommonType_Attr</a> from sysexeattr.o(i.Set_CommonType_Attr) referenced from sysexeattr.o(.constdata)
 <LI><a href="#[79]">Set_DelLinkForUnit_Attr</a> from sysexeattr.o(i.Set_DelLinkForUnit_Attr) referenced from sysexeattr.o(.constdata)
 <LI><a href="#[88]">Set_FaultFlag_Attr</a> from sysexeattr.o(i.Set_FaultFlag_Attr) referenced from sysexeattr.o(.constdata)
 <LI><a href="#[59]">Set_Group_Attr</a> from scene&group.o(i.Set_Group_Attr) referenced from sysexeattr.o(.constdata)
 <LI><a href="#[82]">Set_IAPDataCRC_Attr</a> from flashattr.o(i.Set_IAPDataCRC_Attr) referenced 2 times from sysexeattr.o(.constdata)
 <LI><a href="#[80]">Set_IAPPackSave_Attr</a> from flashattr.o(i.Set_IAPPackSave_Attr) referenced from sysexeattr.o(.constdata)
 <LI><a href="#[7f]">Set_IAPReady_Attr</a> from flashattr.o(i.Set_IAPReady_Attr) referenced from sysexeattr.o(.constdata)
 <LI><a href="#[77]">Set_Link_Attr</a> from sysexeattr.o(i.Set_Link_Attr) referenced from sysexeattr.o(.constdata)
 <LI><a href="#[54]">Set_ManyUnit_Attr</a> from unitshare_attr.o(i.Set_ManyUnit_Attr) referenced from sysexeattr.o(.constdata)
 <LI><a href="#[6e]">Set_RepeatBandAddr_Attr</a> from sysexeattr.o(i.Set_RepeatBandAddr_Attr) referenced from sysexeattr.o(.constdata)
 <LI><a href="#[5d]">Set_RepeatBroadcast_Attr</a> from sysexeattr.o(i.Set_RepeatBroadcast_Attr) referenced from sysexeattr.o(.constdata)
 <LI><a href="#[7d]">Set_ResetAddr_Attr</a> from sysexeattr.o(i.Set_ResetAddr_Attr) referenced from sysexeattr.o(.constdata)
 <LI><a href="#[57]">Set_Scene_Attr</a> from scene&group.o(i.Set_Scene_Attr) referenced from sysexeattr.o(.constdata)
 <LI><a href="#[63]">Set_Sign433_RecFrameStream_Attr</a> from sign433attr.o(i.Set_Sign433_RecFrameStream_Attr) referenced from sysexeattr.o(.constdata)
 <LI><a href="#[61]">Set_Sign433_StartRecFrame_Attr</a> from sign433attr.o(i.Set_Sign433_StartRecFrame_Attr) referenced from sysexeattr.o(.constdata)
 <LI><a href="#[5f]">Set_Sign433_StartSendFrame_Attr</a> from sign433attr.o(i.Set_Sign433_StartSendFrame_Attr) referenced from sysexeattr.o(.constdata)
 <LI><a href="#[65]">Set_Sign433_TestState_Attr</a> from sign433attr.o(i.Set_Sign433_TestState_Attr) referenced from sysexeattr.o(.constdata)
 <LI><a href="#[71]">Set_UnitAble_Attr</a> from sysexeattr.o(i.Set_UnitAble_Attr) referenced from sysexeattr.o(.constdata)
 <LI><a href="#[5b]">Set_UnitArea_Attr</a> from sysexeattr.o(i.Set_UnitArea_Attr) referenced from sysexeattr.o(.constdata)
 <LI><a href="#[56]">Set_UnitChecking_Attr</a> from unitshare_attr.o(i.Set_UnitChecking_Attr) referenced from sysexeattr.o(.constdata)
 <LI><a href="#[73]">Set_UnitType_Attr</a> from sysexeattr.o(i.Set_UnitType_Attr) referenced from sysexeattr.o(.constdata)
 <LI><a href="#[70]">Set_UserDataFormat_Attr</a> from sysexeattr.o(i.Set_UserDataFormat_Attr) referenced from sysexeattr.o(.constdata)
 <LI><a href="#[69]">Set_UserID_Attr</a> from sysexeattr.o(i.Set_UserID_Attr) referenced from sysexeattr.o(.constdata)
 <LI><a href="#[47]">Si4432_Init</a> from si4432.o(i.Si4432_Init) referenced from flashattr.o(i.Set_433Channel_Attr)
 <LI><a href="#[47]">Si4432_Init</a> from si4432.o(i.Si4432_Init) referenced from si4432.o(i.Si4432_Fault)
 <LI><a href="#[41]">Si4432_Send</a> from si4432.o(i.Si4432_Send) referenced from cmdprocess.o(i.FIFOInit)
 <LI><a href="#[41]">Si4432_Send</a> from si4432.o(i.Si4432_Send) referenced from systestattr.o(i.SI4432Test_Attr)
 <LI><a href="#[4c]">Sign433_SendTestFrame</a> from sign433.o(i.Sign433_SendTestFrame) referenced from sign433attr.o(i.Set_Sign433_TestState_Attr)
 <LI><a href="#[4c]">Sign433_SendTestFrame</a> from sign433.o(i.Sign433_SendTestFrame) referenced from sign433.o(i.Sign433_SendTestFrameStream)
 <LI><a href="#[4b]">Sign433_SendTestFrameStream</a> from sign433.o(i.Sign433_SendTestFrameStream) referenced from sign433attr.o(i.Set_Sign433_StartSendFrame_Attr)
 <LI><a href="#[4a]">Sign433_SendTestReport</a> from sign433.o(i.Sign433_SendTestReport) referenced from sign433attr.o(i.Set_Sign433_RecFrameStream_Attr)
 <LI><a href="#[8a]">SysAttr_Init</a> from sysexeattr.o(i.SysAttr_Init) referenced from unitcfg.o(.constdata)
 <LI><a href="#[c]">SysTick_Handler</a> from systick.o(i.SysTick_Handler) referenced from startup_stm32l1xx_md.o(RESET)
 <LI><a href="#[3a]">SystemInit</a> from system_stm32l1xx.o(i.SystemInit) referenced from startup_stm32l1xx_md.o(.text)
 <LI><a href="#[f]">TAMPER_STAMP_IRQHandler</a> from startup_stm32l1xx_md.o(.text) referenced from startup_stm32l1xx_md.o(RESET)
 <LI><a href="#[27]">TIM10_IRQHandler</a> from startup_stm32l1xx_md.o(.text) referenced from startup_stm32l1xx_md.o(RESET)
 <LI><a href="#[28]">TIM11_IRQHandler</a> from startup_stm32l1xx_md.o(.text) referenced from startup_stm32l1xx_md.o(RESET)
 <LI><a href="#[29]">TIM2_IRQHandler</a> from startup_stm32l1xx_md.o(.text) referenced from startup_stm32l1xx_md.o(RESET)
 <LI><a href="#[2a]">TIM3_IRQHandler</a> from startup_stm32l1xx_md.o(.text) referenced from startup_stm32l1xx_md.o(RESET)
 <LI><a href="#[2b]">TIM4_IRQHandler</a> from startup_stm32l1xx_md.o(.text) referenced from startup_stm32l1xx_md.o(RESET)
 <LI><a href="#[38]">TIM6_IRQHandler</a> from startup_stm32l1xx_md.o(.text) referenced from startup_stm32l1xx_md.o(RESET)
 <LI><a href="#[39]">TIM7_IRQHandler</a> from startup_stm32l1xx_md.o(.text) referenced from startup_stm32l1xx_md.o(RESET)
 <LI><a href="#[26]">TIM9_IRQHandler</a> from startup_stm32l1xx_md.o(.text) referenced from startup_stm32l1xx_md.o(RESET)
 <LI><a href="#[45]">UART_Send</a> from usart.o(i.UART_Send) referenced from systestattr.o(i.SI4432Test_Attr)
 <LI><a href="#[45]">UART_Send</a> from usart.o(i.UART_Send) referenced from systestattr.o(i.SI4432Test_Fail)
 <LI><a href="#[45]">UART_Send</a> from usart.o(i.UART_Send) referenced from test.o(i.Test_Init)
 <LI><a href="#[32]">USART1_IRQHandler</a> from startup_stm32l1xx_md.o(.text) referenced from startup_stm32l1xx_md.o(RESET)
 <LI><a href="#[33]">USART2_IRQHandler</a> from usart.o(i.USART2_IRQHandler) referenced from startup_stm32l1xx_md.o(RESET)
 <LI><a href="#[34]">USART3_IRQHandler</a> from startup_stm32l1xx_md.o(.text) referenced from startup_stm32l1xx_md.o(RESET)
 <LI><a href="#[37]">USB_FS_WKUP_IRQHandler</a> from startup_stm32l1xx_md.o(.text) referenced from startup_stm32l1xx_md.o(RESET)
 <LI><a href="#[20]">USB_HP_IRQHandler</a> from startup_stm32l1xx_md.o(.text) referenced from startup_stm32l1xx_md.o(RESET)
 <LI><a href="#[21]">USB_LP_IRQHandler</a> from startup_stm32l1xx_md.o(.text) referenced from startup_stm32l1xx_md.o(RESET)
 <LI><a href="#[4f]">Upload_Attr</a> from upload.o(i.Upload_Attr) referenced from upload.o(i.Upload)
 <LI><a href="#[4e]">Upload_RESTART</a> from sysexeattr.o(i.Upload_RESTART) referenced from sysexeattr.o(i.SysAttr_Init)
 <LI><a href="#[8]">UsageFault_Handler</a> from startup_stm32l1xx_md.o(.text) referenced from startup_stm32l1xx_md.o(RESET)
 <LI><a href="#[7a]">UserDataDownload_Ready</a> from userdatadownload.o(i.UserDataDownload_Ready) referenced from sysexeattr.o(.constdata)
 <LI><a href="#[7c]">UserDataFrame_Check</a> from userdatadownload.o(i.UserDataFrame_Check) referenced from sysexeattr.o(.constdata)
 <LI><a href="#[7b]">UserDataFrame_Save</a> from userdatadownload.o(i.UserDataFrame_Save) referenced from sysexeattr.o(.constdata)
 <LI><a href="#[16c]">UserData_Init</a> from userdata.o(i.UserData_Init) referenced 2 times from userdata.o(i.UserData_Init)
 <LI><a href="#[53]">WDG_Feed</a> from wdg.o(i.WDG_Feed) referenced from wdg.o(i.WDG_FeedOFF)
 <LI><a href="#[d]">WWDG_IRQHandler</a> from startup_stm32l1xx_md.o(.text) referenced from startup_stm32l1xx_md.o(RESET)
 <LI><a href="#[91]">__main</a> from __main.o(!!!main) referenced from startup_stm32l1xx_md.o(.text)
</UL>
<P>
<H3>
Global Symbols
</H3>
<P><STRONG><a name="[91]"></a>__main</STRONG> (Thumb, 8 bytes, Stack size 0 bytes, __main.o(!!!main))
<BR><BR>[Calls]<UL><LI><a href="#[92]">&gt;&gt;</a>&nbsp;&nbsp;&nbsp;__scatterload
<LI><a href="#[93]">&gt;&gt;</a>&nbsp;&nbsp;&nbsp;__rt_entry
</UL>

<P><STRONG><a name="[92]"></a>__scatterload</STRONG> (Thumb, 0 bytes, Stack size unknown bytes, __scatter.o(!!!scatter))
<BR><BR>[Called By]<UL><LI><a href="#[91]">&gt;&gt;</a>&nbsp;&nbsp;&nbsp;__main
</UL>

<P><STRONG><a name="[94]"></a>__scatterload_rt2</STRONG> (Thumb, 44 bytes, Stack size unknown bytes, __scatter.o(!!!scatter), UNUSED)
<BR><BR>[Calls]<UL><LI><a href="#[93]">&gt;&gt;</a>&nbsp;&nbsp;&nbsp;__rt_entry
</UL>

<P><STRONG><a name="[196]"></a>__scatterload_rt2_thumb_only</STRONG> (Thumb, 0 bytes, Stack size unknown bytes, __scatter.o(!!!scatter), UNUSED)

<P><STRONG><a name="[197]"></a>__scatterload_null</STRONG> (Thumb, 0 bytes, Stack size unknown bytes, __scatter.o(!!!scatter), UNUSED)

<P><STRONG><a name="[95]"></a>__scatterload_copy</STRONG> (Thumb, 26 bytes, Stack size unknown bytes, __scatter_copy.o(!!handler_copy), UNUSED)
<BR><BR>[Calls]<UL><LI><a href="#[95]">&gt;&gt;</a>&nbsp;&nbsp;&nbsp;__scatterload_copy
</UL>
<BR>[Called By]<UL><LI><a href="#[95]">&gt;&gt;</a>&nbsp;&nbsp;&nbsp;__scatterload_copy
</UL>

<P><STRONG><a name="[198]"></a>__scatterload_zeroinit</STRONG> (Thumb, 28 bytes, Stack size unknown bytes, __scatter_zi.o(!!handler_zi), UNUSED)

<P><STRONG><a name="[99]"></a>__rt_lib_init</STRONG> (Thumb, 0 bytes, Stack size unknown bytes, libinit.o(.ARM.Collect$$libinit$$00000000))
<BR><BR>[Called By]<UL><LI><a href="#[98]">&gt;&gt;</a>&nbsp;&nbsp;&nbsp;__rt_entry_li
</UL>

<P><STRONG><a name="[199]"></a>__rt_lib_init_alloca_1</STRONG> (Thumb, 0 bytes, Stack size unknown bytes, libinit2.o(.ARM.Collect$$libinit$$0000002E))

<P><STRONG><a name="[19a]"></a>__rt_lib_init_argv_1</STRONG> (Thumb, 0 bytes, Stack size unknown bytes, libinit2.o(.ARM.Collect$$libinit$$0000002C))

<P><STRONG><a name="[19b]"></a>__rt_lib_init_atexit_1</STRONG> (Thumb, 0 bytes, Stack size unknown bytes, libinit2.o(.ARM.Collect$$libinit$$0000001B))

<P><STRONG><a name="[19c]"></a>__rt_lib_init_clock_1</STRONG> (Thumb, 0 bytes, Stack size unknown bytes, libinit2.o(.ARM.Collect$$libinit$$00000021))

<P><STRONG><a name="[19d]"></a>__rt_lib_init_cpp_1</STRONG> (Thumb, 0 bytes, Stack size unknown bytes, libinit2.o(.ARM.Collect$$libinit$$00000032))

<P><STRONG><a name="[19e]"></a>__rt_lib_init_exceptions_1</STRONG> (Thumb, 0 bytes, Stack size unknown bytes, libinit2.o(.ARM.Collect$$libinit$$00000030))

<P><STRONG><a name="[19f]"></a>__rt_lib_init_fp_1</STRONG> (Thumb, 0 bytes, Stack size unknown bytes, libinit2.o(.ARM.Collect$$libinit$$00000002))

<P><STRONG><a name="[1a0]"></a>__rt_lib_init_fp_trap_1</STRONG> (Thumb, 0 bytes, Stack size unknown bytes, libinit2.o(.ARM.Collect$$libinit$$0000001F))

<P><STRONG><a name="[1a1]"></a>__rt_lib_init_getenv_1</STRONG> (Thumb, 0 bytes, Stack size unknown bytes, libinit2.o(.ARM.Collect$$libinit$$00000023))

<P><STRONG><a name="[1a2]"></a>__rt_lib_init_heap_1</STRONG> (Thumb, 0 bytes, Stack size unknown bytes, libinit2.o(.ARM.Collect$$libinit$$0000000A))

<P><STRONG><a name="[1a3]"></a>__rt_lib_init_lc_collate_1</STRONG> (Thumb, 0 bytes, Stack size unknown bytes, libinit2.o(.ARM.Collect$$libinit$$00000011))

<P><STRONG><a name="[1a4]"></a>__rt_lib_init_lc_ctype_1</STRONG> (Thumb, 0 bytes, Stack size unknown bytes, libinit2.o(.ARM.Collect$$libinit$$00000013))

<P><STRONG><a name="[1a5]"></a>__rt_lib_init_lc_monetary_1</STRONG> (Thumb, 0 bytes, Stack size unknown bytes, libinit2.o(.ARM.Collect$$libinit$$00000015))

<P><STRONG><a name="[1a6]"></a>__rt_lib_init_lc_numeric_1</STRONG> (Thumb, 0 bytes, Stack size unknown bytes, libinit2.o(.ARM.Collect$$libinit$$00000017))

<P><STRONG><a name="[1a7]"></a>__rt_lib_init_lc_time_1</STRONG> (Thumb, 0 bytes, Stack size unknown bytes, libinit2.o(.ARM.Collect$$libinit$$00000019))

<P><STRONG><a name="[1a8]"></a>__rt_lib_init_preinit_1</STRONG> (Thumb, 0 bytes, Stack size unknown bytes, libinit2.o(.ARM.Collect$$libinit$$00000004))

<P><STRONG><a name="[1a9]"></a>__rt_lib_init_rand_1</STRONG> (Thumb, 0 bytes, Stack size unknown bytes, libinit2.o(.ARM.Collect$$libinit$$0000000E))

<P><STRONG><a name="[1aa]"></a>__rt_lib_init_return</STRONG> (Thumb, 0 bytes, Stack size unknown bytes, libinit2.o(.ARM.Collect$$libinit$$00000033))

<P><STRONG><a name="[1ab]"></a>__rt_lib_init_signal_1</STRONG> (Thumb, 0 bytes, Stack size unknown bytes, libinit2.o(.ARM.Collect$$libinit$$0000001D))

<P><STRONG><a name="[1ac]"></a>__rt_lib_init_stdio_1</STRONG> (Thumb, 0 bytes, Stack size unknown bytes, libinit2.o(.ARM.Collect$$libinit$$00000025))

<P><STRONG><a name="[1ad]"></a>__rt_lib_init_user_alloc_1</STRONG> (Thumb, 0 bytes, Stack size unknown bytes, libinit2.o(.ARM.Collect$$libinit$$0000000C))

<P><STRONG><a name="[9e]"></a>__rt_lib_shutdown</STRONG> (Thumb, 0 bytes, Stack size unknown bytes, libshutdown.o(.ARM.Collect$$libshutdown$$00000000))
<BR><BR>[Called By]<UL><LI><a href="#[9d]">&gt;&gt;</a>&nbsp;&nbsp;&nbsp;__rt_exit_ls
</UL>

<P><STRONG><a name="[1ae]"></a>__rt_lib_shutdown_cpp_1</STRONG> (Thumb, 0 bytes, Stack size unknown bytes, libshutdown2.o(.ARM.Collect$$libshutdown$$00000002))

<P><STRONG><a name="[1af]"></a>__rt_lib_shutdown_fp_trap_1</STRONG> (Thumb, 0 bytes, Stack size unknown bytes, libshutdown2.o(.ARM.Collect$$libshutdown$$00000007))

<P><STRONG><a name="[1b0]"></a>__rt_lib_shutdown_heap_1</STRONG> (Thumb, 0 bytes, Stack size unknown bytes, libshutdown2.o(.ARM.Collect$$libshutdown$$0000000F))

<P><STRONG><a name="[1b1]"></a>__rt_lib_shutdown_return</STRONG> (Thumb, 0 bytes, Stack size unknown bytes, libshutdown2.o(.ARM.Collect$$libshutdown$$00000010))

<P><STRONG><a name="[1b2]"></a>__rt_lib_shutdown_signal_1</STRONG> (Thumb, 0 bytes, Stack size unknown bytes, libshutdown2.o(.ARM.Collect$$libshutdown$$0000000A))

<P><STRONG><a name="[1b3]"></a>__rt_lib_shutdown_stdio_1</STRONG> (Thumb, 0 bytes, Stack size unknown bytes, libshutdown2.o(.ARM.Collect$$libshutdown$$00000004))

<P><STRONG><a name="[1b4]"></a>__rt_lib_shutdown_user_alloc_1</STRONG> (Thumb, 0 bytes, Stack size unknown bytes, libshutdown2.o(.ARM.Collect$$libshutdown$$0000000C))

<P><STRONG><a name="[93]"></a>__rt_entry</STRONG> (Thumb, 0 bytes, Stack size unknown bytes, __rtentry.o(.ARM.Collect$$rtentry$$00000000))
<BR><BR>[Called By]<UL><LI><a href="#[91]">&gt;&gt;</a>&nbsp;&nbsp;&nbsp;__main
<LI><a href="#[94]">&gt;&gt;</a>&nbsp;&nbsp;&nbsp;__scatterload_rt2
</UL>

<P><STRONG><a name="[1b5]"></a>__rt_entry_presh_1</STRONG> (Thumb, 0 bytes, Stack size unknown bytes, __rtentry2.o(.ARM.Collect$$rtentry$$00000002))

<P><STRONG><a name="[96]"></a>__rt_entry_sh</STRONG> (Thumb, 0 bytes, Stack size unknown bytes, __rtentry4.o(.ARM.Collect$$rtentry$$00000004))
<BR><BR>[Stack]<UL><LI>Max Depth = 8 + Unknown Stack Size
<LI>Call Chain = __rt_entry_sh &rArr; __user_setup_stackheap
</UL>
<BR>[Calls]<UL><LI><a href="#[97]">&gt;&gt;</a>&nbsp;&nbsp;&nbsp;__user_setup_stackheap
</UL>

<P><STRONG><a name="[98]"></a>__rt_entry_li</STRONG> (Thumb, 0 bytes, Stack size unknown bytes, __rtentry2.o(.ARM.Collect$$rtentry$$0000000A))
<BR><BR>[Calls]<UL><LI><a href="#[99]">&gt;&gt;</a>&nbsp;&nbsp;&nbsp;__rt_lib_init
</UL>

<P><STRONG><a name="[1b6]"></a>__rt_entry_postsh_1</STRONG> (Thumb, 0 bytes, Stack size unknown bytes, __rtentry2.o(.ARM.Collect$$rtentry$$00000009))

<P><STRONG><a name="[9a]"></a>__rt_entry_main</STRONG> (Thumb, 0 bytes, Stack size unknown bytes, __rtentry2.o(.ARM.Collect$$rtentry$$0000000D))
<BR><BR>[Stack]<UL><LI>Max Depth = 336 + Unknown Stack Size
<LI>Call Chain = __rt_entry_main &rArr; main &rArr; SysHard_Init &rArr; FlashEncryptionInit &rArr; Program_Write_Ext &rArr; Flash_Write
</UL>
<BR>[Calls]<UL><LI><a href="#[9b]">&gt;&gt;</a>&nbsp;&nbsp;&nbsp;main
<LI><a href="#[9c]">&gt;&gt;</a>&nbsp;&nbsp;&nbsp;exit
</UL>

<P><STRONG><a name="[1b7]"></a>__rt_entry_postli_1</STRONG> (Thumb, 0 bytes, Stack size unknown bytes, __rtentry2.o(.ARM.Collect$$rtentry$$0000000C))

<P><STRONG><a name="[a3]"></a>__rt_exit</STRONG> (Thumb, 0 bytes, Stack size unknown bytes, rtexit.o(.ARM.Collect$$rtexit$$00000000))
<BR><BR>[Called By]<UL><LI><a href="#[9c]">&gt;&gt;</a>&nbsp;&nbsp;&nbsp;exit
</UL>

<P><STRONG><a name="[9d]"></a>__rt_exit_ls</STRONG> (Thumb, 0 bytes, Stack size unknown bytes, rtexit2.o(.ARM.Collect$$rtexit$$00000003))
<BR><BR>[Calls]<UL><LI><a href="#[9e]">&gt;&gt;</a>&nbsp;&nbsp;&nbsp;__rt_lib_shutdown
</UL>

<P><STRONG><a name="[1b8]"></a>__rt_exit_prels_1</STRONG> (Thumb, 0 bytes, Stack size unknown bytes, rtexit2.o(.ARM.Collect$$rtexit$$00000002))

<P><STRONG><a name="[9f]"></a>__rt_exit_exit</STRONG> (Thumb, 0 bytes, Stack size unknown bytes, rtexit2.o(.ARM.Collect$$rtexit$$00000004))
<BR><BR>[Calls]<UL><LI><a href="#[a0]">&gt;&gt;</a>&nbsp;&nbsp;&nbsp;_sys_exit
</UL>

<P><STRONG><a name="[16b]"></a>DisableIRQ</STRONG> (Thumb, 4 bytes, Stack size 0 bytes, sys.o(.emb_text))
<BR><BR>[Called By]<UL><LI><a href="#[b8]">&gt;&gt;</a>&nbsp;&nbsp;&nbsp;Standby_Mode
</UL>

<P><STRONG><a name="[1b9]"></a>EnableIRQ</STRONG> (Thumb, 4 bytes, Stack size 0 bytes, sys.o(.emb_text), UNUSED)

<P><STRONG><a name="[1ba]"></a>WFI_SET</STRONG> (Thumb, 2 bytes, Stack size 0 bytes, sys.o(.emb_text), UNUSED)

<P><STRONG><a name="[1bb]"></a>INTX_DISABLE</STRONG> (Thumb, 2 bytes, Stack size 0 bytes, sys.o(.emb_text), UNUSED)

<P><STRONG><a name="[1bc]"></a>INTX_ENABLE</STRONG> (Thumb, 2 bytes, Stack size 0 bytes, sys.o(.emb_text), UNUSED)

<P><STRONG><a name="[1bd]"></a>MSR_MSP</STRONG> (Thumb, 6 bytes, Stack size 0 bytes, sys.o(.emb_text), UNUSED)

<P><STRONG><a name="[3]"></a>Reset_Handler</STRONG> (Thumb, 8 bytes, Stack size 0 bytes, startup_stm32l1xx_md.o(.text))
<BR>[Address Reference Count : 1]<UL><LI> startup_stm32l1xx_md.o(RESET)
</UL>
<P><STRONG><a name="[4]"></a>NMI_Handler</STRONG> (Thumb, 2 bytes, Stack size 0 bytes, startup_stm32l1xx_md.o(.text))
<BR><BR>[Calls]<UL><LI><a href="#[4]">&gt;&gt;</a>&nbsp;&nbsp;&nbsp;NMI_Handler
</UL>
<BR>[Called By]<UL><LI><a href="#[4]">&gt;&gt;</a>&nbsp;&nbsp;&nbsp;NMI_Handler
</UL>
<BR>[Address Reference Count : 1]<UL><LI> startup_stm32l1xx_md.o(RESET)
</UL>
<P><STRONG><a name="[5]"></a>HardFault_Handler</STRONG> (Thumb, 2 bytes, Stack size 0 bytes, startup_stm32l1xx_md.o(.text))
<BR><BR>[Calls]<UL><LI><a href="#[5]">&gt;&gt;</a>&nbsp;&nbsp;&nbsp;HardFault_Handler
</UL>
<BR>[Called By]<UL><LI><a href="#[5]">&gt;&gt;</a>&nbsp;&nbsp;&nbsp;HardFault_Handler
</UL>
<BR>[Address Reference Count : 1]<UL><LI> startup_stm32l1xx_md.o(RESET)
</UL>
<P><STRONG><a name="[6]"></a>MemManage_Handler</STRONG> (Thumb, 2 bytes, Stack size 0 bytes, startup_stm32l1xx_md.o(.text))
<BR><BR>[Calls]<UL><LI><a href="#[6]">&gt;&gt;</a>&nbsp;&nbsp;&nbsp;MemManage_Handler
</UL>
<BR>[Called By]<UL><LI><a href="#[6]">&gt;&gt;</a>&nbsp;&nbsp;&nbsp;MemManage_Handler
</UL>
<BR>[Address Reference Count : 1]<UL><LI> startup_stm32l1xx_md.o(RESET)
</UL>
<P><STRONG><a name="[7]"></a>BusFault_Handler</STRONG> (Thumb, 2 bytes, Stack size 0 bytes, startup_stm32l1xx_md.o(.text))
<BR><BR>[Calls]<UL><LI><a href="#[7]">&gt;&gt;</a>&nbsp;&nbsp;&nbsp;BusFault_Handler
</UL>
<BR>[Called By]<UL><LI><a href="#[7]">&gt;&gt;</a>&nbsp;&nbsp;&nbsp;BusFault_Handler
</UL>
<BR>[Address Reference Count : 1]<UL><LI> startup_stm32l1xx_md.o(RESET)
</UL>
<P><STRONG><a name="[8]"></a>UsageFault_Handler</STRONG> (Thumb, 2 bytes, Stack size 0 bytes, startup_stm32l1xx_md.o(.text))
<BR><BR>[Calls]<UL><LI><a href="#[8]">&gt;&gt;</a>&nbsp;&nbsp;&nbsp;UsageFault_Handler
</UL>
<BR>[Called By]<UL><LI><a href="#[8]">&gt;&gt;</a>&nbsp;&nbsp;&nbsp;UsageFault_Handler
</UL>
<BR>[Address Reference Count : 1]<UL><LI> startup_stm32l1xx_md.o(RESET)
</UL>
<P><STRONG><a name="[9]"></a>SVC_Handler</STRONG> (Thumb, 2 bytes, Stack size 0 bytes, startup_stm32l1xx_md.o(.text))
<BR><BR>[Calls]<UL><LI><a href="#[9]">&gt;&gt;</a>&nbsp;&nbsp;&nbsp;SVC_Handler
</UL>
<BR>[Called By]<UL><LI><a href="#[9]">&gt;&gt;</a>&nbsp;&nbsp;&nbsp;SVC_Handler
</UL>
<BR>[Address Reference Count : 1]<UL><LI> startup_stm32l1xx_md.o(RESET)
</UL>
<P><STRONG><a name="[a]"></a>DebugMon_Handler</STRONG> (Thumb, 2 bytes, Stack size 0 bytes, startup_stm32l1xx_md.o(.text))
<BR><BR>[Calls]<UL><LI><a href="#[a]">&gt;&gt;</a>&nbsp;&nbsp;&nbsp;DebugMon_Handler
</UL>
<BR>[Called By]<UL><LI><a href="#[a]">&gt;&gt;</a>&nbsp;&nbsp;&nbsp;DebugMon_Handler
</UL>
<BR>[Address Reference Count : 1]<UL><LI> startup_stm32l1xx_md.o(RESET)
</UL>
<P><STRONG><a name="[b]"></a>PendSV_Handler</STRONG> (Thumb, 2 bytes, Stack size 0 bytes, startup_stm32l1xx_md.o(.text))
<BR><BR>[Calls]<UL><LI><a href="#[b]">&gt;&gt;</a>&nbsp;&nbsp;&nbsp;PendSV_Handler
</UL>
<BR>[Called By]<UL><LI><a href="#[b]">&gt;&gt;</a>&nbsp;&nbsp;&nbsp;PendSV_Handler
</UL>
<BR>[Address Reference Count : 1]<UL><LI> startup_stm32l1xx_md.o(RESET)
</UL>
<P><STRONG><a name="[1f]"></a>ADC1_IRQHandler</STRONG> (Thumb, 0 bytes, Stack size 0 bytes, startup_stm32l1xx_md.o(.text))
<BR><BR>[Calls]<UL><LI><a href="#[1f]">&gt;&gt;</a>&nbsp;&nbsp;&nbsp;ADC1_IRQHandler
</UL>
<BR>[Called By]<UL><LI><a href="#[1f]">&gt;&gt;</a>&nbsp;&nbsp;&nbsp;ADC1_IRQHandler
</UL>
<BR>[Address Reference Count : 1]<UL><LI> startup_stm32l1xx_md.o(RESET)
</UL>
<P><STRONG><a name="[23]"></a>COMP_IRQHandler</STRONG> (Thumb, 0 bytes, Stack size 0 bytes, startup_stm32l1xx_md.o(.text))
<BR>[Address Reference Count : 1]<UL><LI> startup_stm32l1xx_md.o(RESET)
</UL>
<P><STRONG><a name="[22]"></a>DAC_IRQHandler</STRONG> (Thumb, 0 bytes, Stack size 0 bytes, startup_stm32l1xx_md.o(.text))
<BR>[Address Reference Count : 1]<UL><LI> startup_stm32l1xx_md.o(RESET)
</UL>
<P><STRONG><a name="[18]"></a>DMA1_Channel1_IRQHandler</STRONG> (Thumb, 0 bytes, Stack size 0 bytes, startup_stm32l1xx_md.o(.text))
<BR>[Address Reference Count : 1]<UL><LI> startup_stm32l1xx_md.o(RESET)
</UL>
<P><STRONG><a name="[19]"></a>DMA1_Channel2_IRQHandler</STRONG> (Thumb, 0 bytes, Stack size 0 bytes, startup_stm32l1xx_md.o(.text))
<BR>[Address Reference Count : 1]<UL><LI> startup_stm32l1xx_md.o(RESET)
</UL>
<P><STRONG><a name="[1a]"></a>DMA1_Channel3_IRQHandler</STRONG> (Thumb, 0 bytes, Stack size 0 bytes, startup_stm32l1xx_md.o(.text))
<BR>[Address Reference Count : 1]<UL><LI> startup_stm32l1xx_md.o(RESET)
</UL>
<P><STRONG><a name="[1b]"></a>DMA1_Channel4_IRQHandler</STRONG> (Thumb, 0 bytes, Stack size 0 bytes, startup_stm32l1xx_md.o(.text))
<BR>[Address Reference Count : 1]<UL><LI> startup_stm32l1xx_md.o(RESET)
</UL>
<P><STRONG><a name="[1c]"></a>DMA1_Channel5_IRQHandler</STRONG> (Thumb, 0 bytes, Stack size 0 bytes, startup_stm32l1xx_md.o(.text))
<BR>[Address Reference Count : 1]<UL><LI> startup_stm32l1xx_md.o(RESET)
</UL>
<P><STRONG><a name="[1d]"></a>DMA1_Channel6_IRQHandler</STRONG> (Thumb, 0 bytes, Stack size 0 bytes, startup_stm32l1xx_md.o(.text))
<BR>[Address Reference Count : 1]<UL><LI> startup_stm32l1xx_md.o(RESET)
</UL>
<P><STRONG><a name="[1e]"></a>DMA1_Channel7_IRQHandler</STRONG> (Thumb, 0 bytes, Stack size 0 bytes, startup_stm32l1xx_md.o(.text))
<BR>[Address Reference Count : 1]<UL><LI> startup_stm32l1xx_md.o(RESET)
</UL>
<P><STRONG><a name="[14]"></a>EXTI1_IRQHandler</STRONG> (Thumb, 0 bytes, Stack size 0 bytes, startup_stm32l1xx_md.o(.text))
<BR>[Address Reference Count : 1]<UL><LI> startup_stm32l1xx_md.o(RESET)
</UL>
<P><STRONG><a name="[15]"></a>EXTI2_IRQHandler</STRONG> (Thumb, 0 bytes, Stack size 0 bytes, startup_stm32l1xx_md.o(.text))
<BR>[Address Reference Count : 1]<UL><LI> startup_stm32l1xx_md.o(RESET)
</UL>
<P><STRONG><a name="[16]"></a>EXTI3_IRQHandler</STRONG> (Thumb, 0 bytes, Stack size 0 bytes, startup_stm32l1xx_md.o(.text))
<BR>[Address Reference Count : 1]<UL><LI> startup_stm32l1xx_md.o(RESET)
</UL>
<P><STRONG><a name="[17]"></a>EXTI4_IRQHandler</STRONG> (Thumb, 0 bytes, Stack size 0 bytes, startup_stm32l1xx_md.o(.text))
<BR>[Address Reference Count : 1]<UL><LI> startup_stm32l1xx_md.o(RESET)
</UL>
<P><STRONG><a name="[24]"></a>EXTI9_5_IRQHandler</STRONG> (Thumb, 0 bytes, Stack size 0 bytes, startup_stm32l1xx_md.o(.text))
<BR>[Address Reference Count : 1]<UL><LI> startup_stm32l1xx_md.o(RESET)
</UL>
<P><STRONG><a name="[11]"></a>FLASH_IRQHandler</STRONG> (Thumb, 0 bytes, Stack size 0 bytes, startup_stm32l1xx_md.o(.text))
<BR>[Address Reference Count : 1]<UL><LI> startup_stm32l1xx_md.o(RESET)
</UL>
<P><STRONG><a name="[2d]"></a>I2C1_ER_IRQHandler</STRONG> (Thumb, 0 bytes, Stack size 0 bytes, startup_stm32l1xx_md.o(.text))
<BR>[Address Reference Count : 1]<UL><LI> startup_stm32l1xx_md.o(RESET)
</UL>
<P><STRONG><a name="[2c]"></a>I2C1_EV_IRQHandler</STRONG> (Thumb, 0 bytes, Stack size 0 bytes, startup_stm32l1xx_md.o(.text))
<BR>[Address Reference Count : 1]<UL><LI> startup_stm32l1xx_md.o(RESET)
</UL>
<P><STRONG><a name="[2f]"></a>I2C2_ER_IRQHandler</STRONG> (Thumb, 0 bytes, Stack size 0 bytes, startup_stm32l1xx_md.o(.text))
<BR>[Address Reference Count : 1]<UL><LI> startup_stm32l1xx_md.o(RESET)
</UL>
<P><STRONG><a name="[2e]"></a>I2C2_EV_IRQHandler</STRONG> (Thumb, 0 bytes, Stack size 0 bytes, startup_stm32l1xx_md.o(.text))
<BR>[Address Reference Count : 1]<UL><LI> startup_stm32l1xx_md.o(RESET)
</UL>
<P><STRONG><a name="[25]"></a>LCD_IRQHandler</STRONG> (Thumb, 0 bytes, Stack size 0 bytes, startup_stm32l1xx_md.o(.text))
<BR>[Address Reference Count : 1]<UL><LI> startup_stm32l1xx_md.o(RESET)
</UL>
<P><STRONG><a name="[e]"></a>PVD_IRQHandler</STRONG> (Thumb, 0 bytes, Stack size 0 bytes, startup_stm32l1xx_md.o(.text))
<BR>[Address Reference Count : 1]<UL><LI> startup_stm32l1xx_md.o(RESET)
</UL>
<P><STRONG><a name="[12]"></a>RCC_IRQHandler</STRONG> (Thumb, 0 bytes, Stack size 0 bytes, startup_stm32l1xx_md.o(.text))
<BR>[Address Reference Count : 1]<UL><LI> startup_stm32l1xx_md.o(RESET)
</UL>
<P><STRONG><a name="[36]"></a>RTC_Alarm_IRQHandler</STRONG> (Thumb, 0 bytes, Stack size 0 bytes, startup_stm32l1xx_md.o(.text))
<BR>[Address Reference Count : 1]<UL><LI> startup_stm32l1xx_md.o(RESET)
</UL>
<P><STRONG><a name="[10]"></a>RTC_WKUP_IRQHandler</STRONG> (Thumb, 0 bytes, Stack size 0 bytes, startup_stm32l1xx_md.o(.text))
<BR>[Address Reference Count : 1]<UL><LI> startup_stm32l1xx_md.o(RESET)
</UL>
<P><STRONG><a name="[30]"></a>SPI1_IRQHandler</STRONG> (Thumb, 0 bytes, Stack size 0 bytes, startup_stm32l1xx_md.o(.text))
<BR>[Address Reference Count : 1]<UL><LI> startup_stm32l1xx_md.o(RESET)
</UL>
<P><STRONG><a name="[31]"></a>SPI2_IRQHandler</STRONG> (Thumb, 0 bytes, Stack size 0 bytes, startup_stm32l1xx_md.o(.text))
<BR>[Address Reference Count : 1]<UL><LI> startup_stm32l1xx_md.o(RESET)
</UL>
<P><STRONG><a name="[f]"></a>TAMPER_STAMP_IRQHandler</STRONG> (Thumb, 0 bytes, Stack size 0 bytes, startup_stm32l1xx_md.o(.text))
<BR>[Address Reference Count : 1]<UL><LI> startup_stm32l1xx_md.o(RESET)
</UL>
<P><STRONG><a name="[27]"></a>TIM10_IRQHandler</STRONG> (Thumb, 0 bytes, Stack size 0 bytes, startup_stm32l1xx_md.o(.text))
<BR>[Address Reference Count : 1]<UL><LI> startup_stm32l1xx_md.o(RESET)
</UL>
<P><STRONG><a name="[28]"></a>TIM11_IRQHandler</STRONG> (Thumb, 0 bytes, Stack size 0 bytes, startup_stm32l1xx_md.o(.text))
<BR>[Address Reference Count : 1]<UL><LI> startup_stm32l1xx_md.o(RESET)
</UL>
<P><STRONG><a name="[29]"></a>TIM2_IRQHandler</STRONG> (Thumb, 0 bytes, Stack size 0 bytes, startup_stm32l1xx_md.o(.text))
<BR>[Address Reference Count : 1]<UL><LI> startup_stm32l1xx_md.o(RESET)
</UL>
<P><STRONG><a name="[2a]"></a>TIM3_IRQHandler</STRONG> (Thumb, 0 bytes, Stack size 0 bytes, startup_stm32l1xx_md.o(.text))
<BR>[Address Reference Count : 1]<UL><LI> startup_stm32l1xx_md.o(RESET)
</UL>
<P><STRONG><a name="[2b]"></a>TIM4_IRQHandler</STRONG> (Thumb, 0 bytes, Stack size 0 bytes, startup_stm32l1xx_md.o(.text))
<BR>[Address Reference Count : 1]<UL><LI> startup_stm32l1xx_md.o(RESET)
</UL>
<P><STRONG><a name="[38]"></a>TIM6_IRQHandler</STRONG> (Thumb, 0 bytes, Stack size 0 bytes, startup_stm32l1xx_md.o(.text))
<BR>[Address Reference Count : 1]<UL><LI> startup_stm32l1xx_md.o(RESET)
</UL>
<P><STRONG><a name="[39]"></a>TIM7_IRQHandler</STRONG> (Thumb, 0 bytes, Stack size 0 bytes, startup_stm32l1xx_md.o(.text))
<BR>[Address Reference Count : 1]<UL><LI> startup_stm32l1xx_md.o(RESET)
</UL>
<P><STRONG><a name="[26]"></a>TIM9_IRQHandler</STRONG> (Thumb, 0 bytes, Stack size 0 bytes, startup_stm32l1xx_md.o(.text))
<BR>[Address Reference Count : 1]<UL><LI> startup_stm32l1xx_md.o(RESET)
</UL>
<P><STRONG><a name="[32]"></a>USART1_IRQHandler</STRONG> (Thumb, 0 bytes, Stack size 0 bytes, startup_stm32l1xx_md.o(.text))
<BR>[Address Reference Count : 1]<UL><LI> startup_stm32l1xx_md.o(RESET)
</UL>
<P><STRONG><a name="[34]"></a>USART3_IRQHandler</STRONG> (Thumb, 0 bytes, Stack size 0 bytes, startup_stm32l1xx_md.o(.text))
<BR>[Address Reference Count : 1]<UL><LI> startup_stm32l1xx_md.o(RESET)
</UL>
<P><STRONG><a name="[37]"></a>USB_FS_WKUP_IRQHandler</STRONG> (Thumb, 0 bytes, Stack size 0 bytes, startup_stm32l1xx_md.o(.text))
<BR>[Address Reference Count : 1]<UL><LI> startup_stm32l1xx_md.o(RESET)
</UL>
<P><STRONG><a name="[20]"></a>USB_HP_IRQHandler</STRONG> (Thumb, 0 bytes, Stack size 0 bytes, startup_stm32l1xx_md.o(.text))
<BR>[Address Reference Count : 1]<UL><LI> startup_stm32l1xx_md.o(RESET)
</UL>
<P><STRONG><a name="[21]"></a>USB_LP_IRQHandler</STRONG> (Thumb, 0 bytes, Stack size 0 bytes, startup_stm32l1xx_md.o(.text))
<BR>[Address Reference Count : 1]<UL><LI> startup_stm32l1xx_md.o(RESET)
</UL>
<P><STRONG><a name="[d]"></a>WWDG_IRQHandler</STRONG> (Thumb, 0 bytes, Stack size 0 bytes, startup_stm32l1xx_md.o(.text))
<BR>[Address Reference Count : 1]<UL><LI> startup_stm32l1xx_md.o(RESET)
</UL>
<P><STRONG><a name="[a2]"></a>__user_initial_stackheap</STRONG> (Thumb, 0 bytes, Stack size unknown bytes, startup_stm32l1xx_md.o(.text))
<BR><BR>[Called By]<UL><LI><a href="#[97]">&gt;&gt;</a>&nbsp;&nbsp;&nbsp;__user_setup_stackheap
</UL>

<P><STRONG><a name="[162]"></a>__aeabi_memclr4</STRONG> (Thumb, 0 bytes, Stack size 4 bytes, rt_memclr_w.o(.text))
<BR><BR>[Stack]<UL><LI>Max Depth = 4<LI>Call Chain = __aeabi_memclr4
</UL>
<BR>[Called By]<UL><LI><a href="#[7d]">&gt;&gt;</a>&nbsp;&nbsp;&nbsp;Set_ResetAddr_Attr
</UL>

<P><STRONG><a name="[1be]"></a>__aeabi_memclr8</STRONG> (Thumb, 0 bytes, Stack size 4 bytes, rt_memclr_w.o(.text), UNUSED)

<P><STRONG><a name="[1bf]"></a>__rt_memclr_w</STRONG> (Thumb, 78 bytes, Stack size 4 bytes, rt_memclr_w.o(.text), UNUSED)

<P><STRONG><a name="[1c0]"></a>_memset_w</STRONG> (Thumb, 0 bytes, Stack size unknown bytes, rt_memclr_w.o(.text), UNUSED)

<P><STRONG><a name="[1c1]"></a>__use_two_region_memory</STRONG> (Thumb, 2 bytes, Stack size 0 bytes, heapauxi.o(.text), UNUSED)

<P><STRONG><a name="[1c2]"></a>__rt_heap_escrow$2region</STRONG> (Thumb, 2 bytes, Stack size 0 bytes, heapauxi.o(.text), UNUSED)

<P><STRONG><a name="[1c3]"></a>__rt_heap_expand$2region</STRONG> (Thumb, 2 bytes, Stack size 0 bytes, heapauxi.o(.text), UNUSED)

<P><STRONG><a name="[97]"></a>__user_setup_stackheap</STRONG> (Thumb, 74 bytes, Stack size 8 bytes, sys_stackheap_outer.o(.text))
<BR><BR>[Stack]<UL><LI>Max Depth = 8 + Unknown Stack Size
<LI>Call Chain = __user_setup_stackheap
</UL>
<BR>[Calls]<UL><LI><a href="#[a2]">&gt;&gt;</a>&nbsp;&nbsp;&nbsp;__user_initial_stackheap
<LI><a href="#[a1]">&gt;&gt;</a>&nbsp;&nbsp;&nbsp;__user_perproc_libspace
</UL>
<BR>[Called By]<UL><LI><a href="#[96]">&gt;&gt;</a>&nbsp;&nbsp;&nbsp;__rt_entry_sh
</UL>

<P><STRONG><a name="[9c]"></a>exit</STRONG> (Thumb, 18 bytes, Stack size 8 bytes, exit.o(.text))
<BR><BR>[Stack]<UL><LI>Max Depth = 8 + Unknown Stack Size
<LI>Call Chain = exit
</UL>
<BR>[Calls]<UL><LI><a href="#[a3]">&gt;&gt;</a>&nbsp;&nbsp;&nbsp;__rt_exit
</UL>
<BR>[Called By]<UL><LI><a href="#[9a]">&gt;&gt;</a>&nbsp;&nbsp;&nbsp;__rt_entry_main
</UL>

<P><STRONG><a name="[1c4]"></a>__user_libspace</STRONG> (Thumb, 8 bytes, Stack size 0 bytes, libspace.o(.text), UNUSED)

<P><STRONG><a name="[a1]"></a>__user_perproc_libspace</STRONG> (Thumb, 0 bytes, Stack size 0 bytes, libspace.o(.text))
<BR><BR>[Called By]<UL><LI><a href="#[97]">&gt;&gt;</a>&nbsp;&nbsp;&nbsp;__user_setup_stackheap
</UL>

<P><STRONG><a name="[1c5]"></a>__user_perthread_libspace</STRONG> (Thumb, 0 bytes, Stack size 0 bytes, libspace.o(.text), UNUSED)

<P><STRONG><a name="[a0]"></a>_sys_exit</STRONG> (Thumb, 8 bytes, Stack size 0 bytes, sys_exit.o(.text))
<BR><BR>[Called By]<UL><LI><a href="#[9f]">&gt;&gt;</a>&nbsp;&nbsp;&nbsp;__rt_exit_exit
</UL>

<P><STRONG><a name="[1c6]"></a>__I$use$semihosting</STRONG> (Thumb, 0 bytes, Stack size 0 bytes, use_no_semi.o(.text), UNUSED)

<P><STRONG><a name="[1c7]"></a>__use_no_semihosting_swi</STRONG> (Thumb, 2 bytes, Stack size 0 bytes, use_no_semi.o(.text), UNUSED)

<P><STRONG><a name="[1c8]"></a>__semihosting_library_function</STRONG> (Thumb, 0 bytes, Stack size unknown bytes, indicate_semi.o(.text), UNUSED)

<P><STRONG><a name="[a4]"></a>ADC_Init</STRONG> (Thumb, 208 bytes, Stack size 8 bytes, adc.o(i.ADC_Init))
<BR><BR>[Stack]<UL><LI>Max Depth = 36<LI>Call Chain = ADC_Init &rArr; ADC_PortInit &rArr; GPIOx_Cfg
</UL>
<BR>[Calls]<UL><LI><a href="#[a5]">&gt;&gt;</a>&nbsp;&nbsp;&nbsp;ADC_PortInit
</UL>
<BR>[Called By]<UL><LI><a href="#[b5]">&gt;&gt;</a>&nbsp;&nbsp;&nbsp;Battery_Init
</UL>

<P><STRONG><a name="[a9]"></a>ADC_Read</STRONG> (Thumb, 60 bytes, Stack size 0 bytes, adc.o(i.ADC_Read))
<BR><BR>[Called By]<UL><LI><a href="#[a8]">&gt;&gt;</a>&nbsp;&nbsp;&nbsp;ADC_ReadAverage
</UL>

<P><STRONG><a name="[a8]"></a>ADC_ReadAverage</STRONG> (Thumb, 100 bytes, Stack size 24 bytes, adc.o(i.ADC_ReadAverage))
<BR><BR>[Stack]<UL><LI>Max Depth = 24<LI>Call Chain = ADC_ReadAverage
</UL>
<BR>[Calls]<UL><LI><a href="#[aa]">&gt;&gt;</a>&nbsp;&nbsp;&nbsp;delay_us
<LI><a href="#[a9]">&gt;&gt;</a>&nbsp;&nbsp;&nbsp;ADC_Read
</UL>
<BR>[Called By]<UL><LI><a href="#[b4]">&gt;&gt;</a>&nbsp;&nbsp;&nbsp;Battery_GetVoltage
</UL>

<P><STRONG><a name="[ab]"></a>ADC_TestPowerOFF</STRONG> (Thumb, 12 bytes, Stack size 8 bytes, adc.o(i.ADC_TestPowerOFF))
<BR><BR>[Stack]<UL><LI>Max Depth = 8<LI>Call Chain = ADC_TestPowerOFF
</UL>
<BR>[Calls]<UL><LI><a href="#[ac]">&gt;&gt;</a>&nbsp;&nbsp;&nbsp;GPIOx_Rst
</UL>
<BR>[Called By]<UL><LI><a href="#[b4]">&gt;&gt;</a>&nbsp;&nbsp;&nbsp;Battery_GetVoltage
</UL>

<P><STRONG><a name="[ad]"></a>ADC_TestPowerON</STRONG> (Thumb, 12 bytes, Stack size 8 bytes, adc.o(i.ADC_TestPowerON))
<BR><BR>[Stack]<UL><LI>Max Depth = 8<LI>Call Chain = ADC_TestPowerON
</UL>
<BR>[Calls]<UL><LI><a href="#[a7]">&gt;&gt;</a>&nbsp;&nbsp;&nbsp;GPIOx_Set
</UL>
<BR>[Called By]<UL><LI><a href="#[b4]">&gt;&gt;</a>&nbsp;&nbsp;&nbsp;Battery_GetVoltage
</UL>

<P><STRONG><a name="[ae]"></a>ALinkClr</STRONG> (Thumb, 62 bytes, Stack size 16 bytes, linksimplest.o(i.ALinkClr))
<BR><BR>[Stack]<UL><LI>Max Depth = 164<LI>Call Chain = ALinkClr &rArr; WriteDataToEEPROM &rArr; Fault_Upload &rArr; FaultData_Save &rArr;  WriteDataToEEPROM (Cycle)
</UL>
<BR>[Calls]<UL><LI><a href="#[af]">&gt;&gt;</a>&nbsp;&nbsp;&nbsp;WriteDataToEEPROM
<LI><a href="#[b0]">&gt;&gt;</a>&nbsp;&nbsp;&nbsp;memset
</UL>
<BR>[Called By]<UL><LI><a href="#[b1]">&gt;&gt;</a>&nbsp;&nbsp;&nbsp;ALinkInit
</UL>

<P><STRONG><a name="[b1]"></a>ALinkInit</STRONG> (Thumb, 42 bytes, Stack size 8 bytes, linksimplest.o(i.ALinkInit))
<BR><BR>[Stack]<UL><LI>Max Depth = 172<LI>Call Chain = ALinkInit &rArr; ALinkClr &rArr; WriteDataToEEPROM &rArr; Fault_Upload &rArr; FaultData_Save &rArr;  WriteDataToEEPROM (Cycle)
</UL>
<BR>[Calls]<UL><LI><a href="#[ae]">&gt;&gt;</a>&nbsp;&nbsp;&nbsp;ALinkClr
<LI><a href="#[b2]">&gt;&gt;</a>&nbsp;&nbsp;&nbsp;ReadDataFromEEPROM
</UL>
<BR>[Called By]<UL><LI><a href="#[11c]">&gt;&gt;</a>&nbsp;&nbsp;&nbsp;LinkInit
</UL>

<P><STRONG><a name="[b3]"></a>Battery_GetPercent</STRONG> (Thumb, 574 bytes, Stack size 24 bytes, battery.o(i.Battery_GetPercent))
<BR><BR>[Stack]<UL><LI>Max Depth = 64<LI>Call Chain = Battery_GetPercent &rArr; Battery_GetVoltage &rArr; ADC_ReadAverage
</UL>
<BR>[Calls]<UL><LI><a href="#[b4]">&gt;&gt;</a>&nbsp;&nbsp;&nbsp;Battery_GetVoltage
</UL>
<BR>[Called By]<UL><LI><a href="#[8f]">&gt;&gt;</a>&nbsp;&nbsp;&nbsp;Get_PowerPercent_Attr
<LI><a href="#[b5]">&gt;&gt;</a>&nbsp;&nbsp;&nbsp;Battery_Init
</UL>

<P><STRONG><a name="[b4]"></a>Battery_GetVoltage</STRONG> (Thumb, 60 bytes, Stack size 16 bytes, battery.o(i.Battery_GetVoltage))
<BR><BR>[Stack]<UL><LI>Max Depth = 40<LI>Call Chain = Battery_GetVoltage &rArr; ADC_ReadAverage
</UL>
<BR>[Calls]<UL><LI><a href="#[ad]">&gt;&gt;</a>&nbsp;&nbsp;&nbsp;ADC_TestPowerON
<LI><a href="#[ab]">&gt;&gt;</a>&nbsp;&nbsp;&nbsp;ADC_TestPowerOFF
<LI><a href="#[a8]">&gt;&gt;</a>&nbsp;&nbsp;&nbsp;ADC_ReadAverage
</UL>
<BR>[Called By]<UL><LI><a href="#[b3]">&gt;&gt;</a>&nbsp;&nbsp;&nbsp;Battery_GetPercent
</UL>

<P><STRONG><a name="[b5]"></a>Battery_Init</STRONG> (Thumb, 126 bytes, Stack size 24 bytes, batteryexeattr.o(i.Battery_Init))
<BR><BR>[Stack]<UL><LI>Max Depth = 88<LI>Call Chain = Battery_Init &rArr; Battery_GetPercent &rArr; Battery_GetVoltage &rArr; ADC_ReadAverage
</UL>
<BR>[Calls]<UL><LI><a href="#[b8]">&gt;&gt;</a>&nbsp;&nbsp;&nbsp;Standby_Mode
<LI><a href="#[b7]">&gt;&gt;</a>&nbsp;&nbsp;&nbsp;bubble_sort
<LI><a href="#[b6]">&gt;&gt;</a>&nbsp;&nbsp;&nbsp;TP4056
<LI><a href="#[b3]">&gt;&gt;</a>&nbsp;&nbsp;&nbsp;Battery_GetPercent
<LI><a href="#[a4]">&gt;&gt;</a>&nbsp;&nbsp;&nbsp;ADC_Init
</UL>
<BR>[Called By]<UL><LI><a href="#[8b]">&gt;&gt;</a>&nbsp;&nbsp;&nbsp;Cube6Init
</UL>

<P><STRONG><a name="[b9]"></a>Channel_Get</STRONG> (Thumb, 52 bytes, Stack size 8 bytes, updata.o(i.Channel_Get))
<BR><BR>[Stack]<UL><LI>Max Depth = 8<LI>Call Chain = Channel_Get
</UL>
<BR>[Calls]<UL><LI><a href="#[ba]">&gt;&gt;</a>&nbsp;&nbsp;&nbsp;Flash_DefaultValue
</UL>
<BR>[Called By]<UL><LI><a href="#[15d]">&gt;&gt;</a>&nbsp;&nbsp;&nbsp;Updata_Flag
<LI><a href="#[47]">&gt;&gt;</a>&nbsp;&nbsp;&nbsp;Si4432_Init
<LI><a href="#[133]">&gt;&gt;</a>&nbsp;&nbsp;&nbsp;PartionChange
<LI><a href="#[83]">&gt;&gt;</a>&nbsp;&nbsp;&nbsp;Set_433Channel_Attr
<LI><a href="#[84]">&gt;&gt;</a>&nbsp;&nbsp;&nbsp;Get_433Channel_Attr
</UL>

<P><STRONG><a name="[c1]"></a>CheckALinkFull</STRONG> (Thumb, 18 bytes, Stack size 0 bytes, linksimplest.o(i.CheckALinkFull))
<BR><BR>[Called By]<UL><LI><a href="#[c0]">&gt;&gt;</a>&nbsp;&nbsp;&nbsp;CheckLinkFull
</UL>

<P><STRONG><a name="[c0]"></a>CheckLinkFull</STRONG> (Thumb, 18 bytes, Stack size 8 bytes, linkwrdc.o(i.CheckLinkFull))
<BR><BR>[Stack]<UL><LI>Max Depth = 8<LI>Call Chain = CheckLinkFull
</UL>
<BR>[Calls]<UL><LI><a href="#[c1]">&gt;&gt;</a>&nbsp;&nbsp;&nbsp;CheckALinkFull
</UL>
<BR>[Called By]<UL><LI><a href="#[161]">&gt;&gt;</a>&nbsp;&nbsp;&nbsp;WriteLinkItem
</UL>

<P><STRONG><a name="[c6]"></a>Check_Area</STRONG> (Thumb, 108 bytes, Stack size 24 bytes, object.o(i.Check_Area))
<BR><BR>[Stack]<UL><LI>Max Depth = 24<LI>Call Chain = Check_Area
</UL>
<BR>[Calls]<UL><LI><a href="#[c7]">&gt;&gt;</a>&nbsp;&nbsp;&nbsp;UnitCnt_Get
</UL>
<BR>[Called By]<UL><LI><a href="#[12e]">&gt;&gt;</a>&nbsp;&nbsp;&nbsp;Object_Check
<LI><a href="#[57]">&gt;&gt;</a>&nbsp;&nbsp;&nbsp;Set_Scene_Attr
<LI><a href="#[59]">&gt;&gt;</a>&nbsp;&nbsp;&nbsp;Set_Group_Attr
<LI><a href="#[58]">&gt;&gt;</a>&nbsp;&nbsp;&nbsp;Get_Scene_Attr
<LI><a href="#[5a]">&gt;&gt;</a>&nbsp;&nbsp;&nbsp;Get_Group_Attr
</UL>

<P><STRONG><a name="[c8]"></a>ChkALinkIsExist</STRONG> (Thumb, 90 bytes, Stack size 24 bytes, linksimplest.o(i.ChkALinkIsExist))
<BR><BR>[Stack]<UL><LI>Max Depth = 44<LI>Call Chain = ChkALinkIsExist &rArr; memcmp
</UL>
<BR>[Calls]<UL><LI><a href="#[c9]">&gt;&gt;</a>&nbsp;&nbsp;&nbsp;memcmp
</UL>
<BR>[Called By]<UL><LI><a href="#[ca]">&gt;&gt;</a>&nbsp;&nbsp;&nbsp;ChkLinkIsExist
</UL>

<P><STRONG><a name="[17f]"></a>ChkCrcValue</STRONG> (Thumb, 52 bytes, Stack size 16 bytes, crc.o(i.ChkCrcValue))
<BR><BR>[Stack]<UL><LI>Max Depth = 16<LI>Call Chain = ChkCrcValue
</UL>
<BR>[Called By]<UL><LI><a href="#[15c]">&gt;&gt;</a>&nbsp;&nbsp;&nbsp;Updata_Calibrate
<LI><a href="#[12c]">&gt;&gt;</a>&nbsp;&nbsp;&nbsp;cmd_put
<LI><a href="#[136]">&gt;&gt;</a>&nbsp;&nbsp;&nbsp;cmd_get
</UL>

<P><STRONG><a name="[ca]"></a>ChkLinkIsExist</STRONG> (Thumb, 26 bytes, Stack size 16 bytes, linkwrdc.o(i.ChkLinkIsExist))
<BR><BR>[Stack]<UL><LI>Max Depth = 60<LI>Call Chain = ChkLinkIsExist &rArr; ChkALinkIsExist &rArr; memcmp
</UL>
<BR>[Calls]<UL><LI><a href="#[c8]">&gt;&gt;</a>&nbsp;&nbsp;&nbsp;ChkALinkIsExist
</UL>
<BR>[Called By]<UL><LI><a href="#[161]">&gt;&gt;</a>&nbsp;&nbsp;&nbsp;WriteLinkItem
</UL>

<P><STRONG><a name="[49]"></a>ClearRecTestStatus</STRONG> (Thumb, 10 bytes, Stack size 8 bytes, sign433.o(i.ClearRecTestStatus))
<BR><BR>[Stack]<UL><LI>Max Depth = 8<LI>Call Chain = ClearRecTestStatus
</UL>
<BR>[Calls]<UL><LI><a href="#[cb]">&gt;&gt;</a>&nbsp;&nbsp;&nbsp;SetRecTestStatus
</UL>
<BR>[Called By]<UL><LI><a href="#[63]">&gt;&gt;</a>&nbsp;&nbsp;&nbsp;Set_Sign433_RecFrameStream_Attr
</UL>
<BR>[Address Reference Count : 2]<UL><LI> sign433attr.o(i.Set_Sign433_RecFrameStream_Attr)
<LI> sign433attr.o(i.Set_Sign433_StartRecFrame_Attr)
</UL>
<P><STRONG><a name="[11e]"></a>CmpSampAndLinkValue</STRONG> (Thumb, 130 bytes, Stack size 8 bytes, linksrc.o(i.CmpSampAndLinkValue))
<BR><BR>[Stack]<UL><LI>Max Depth = 8<LI>Call Chain = CmpSampAndLinkValue
</UL>
<BR>[Called By]<UL><LI><a href="#[11d]">&gt;&gt;</a>&nbsp;&nbsp;&nbsp;LinkSrcExe
</UL>

<P><STRONG><a name="[8d]"></a>Cube6Checking_Attr</STRONG> (Thumb, 16 bytes, Stack size 8 bytes, cube6exeattr.o(i.Cube6Checking_Attr))
<BR><BR>[Stack]<UL><LI>Max Depth = 104<LI>Call Chain = Cube6Checking_Attr &rArr; VibratingAlert &rArr; ChargeComplete &rArr; Thread_Login &rArr; Thread_Wake &rArr; memmove
</UL>
<BR>[Calls]<UL><LI><a href="#[cc]">&gt;&gt;</a>&nbsp;&nbsp;&nbsp;VibratingAlert
</UL>
<BR>[Address Reference Count : 1]<UL><LI> unitcfg.o(.constdata)
</UL>
<P><STRONG><a name="[8c]"></a>Cube6EepromInit</STRONG> (Thumb, 22 bytes, Stack size 8 bytes, cube6exeattr.o(i.Cube6EepromInit))
<BR><BR>[Stack]<UL><LI>Max Depth = 172<LI>Call Chain = Cube6EepromInit &rArr; EEPROM_Write &rArr; WriteDataToEEPROM &rArr; Fault_Upload &rArr; FaultData_Save &rArr;  WriteDataToEEPROM (Cycle)
</UL>
<BR>[Calls]<UL><LI><a href="#[52]">&gt;&gt;</a>&nbsp;&nbsp;&nbsp;EEPROM_Write
</UL>
<BR>[Address Reference Count : 1]<UL><LI> unitcfg.o(.constdata)
</UL>
<P><STRONG><a name="[8b]"></a>Cube6Init</STRONG> (Thumb, 52 bytes, Stack size 8 bytes, cube6exeattr.o(i.Cube6Init))
<BR><BR>[Stack]<UL><LI>Max Depth = 124<LI>Call Chain = Cube6Init &rArr; Cube6_ReadEeprom &rArr; EEPROM_Read &rArr; ReadDataFromEEPROM &rArr;  Fault_Upload (Cycle)
</UL>
<BR>[Calls]<UL><LI><a href="#[bc]">&gt;&gt;</a>&nbsp;&nbsp;&nbsp;Thread_Login
<LI><a href="#[cf]">&gt;&gt;</a>&nbsp;&nbsp;&nbsp;Cube6_ReadEeprom
<LI><a href="#[cd]">&gt;&gt;</a>&nbsp;&nbsp;&nbsp;ShakeMotor_Init
<LI><a href="#[ce]">&gt;&gt;</a>&nbsp;&nbsp;&nbsp;MPU6050_Init
<LI><a href="#[b5]">&gt;&gt;</a>&nbsp;&nbsp;&nbsp;Battery_Init
</UL>
<BR>[Address Reference Count : 1]<UL><LI> unitcfg.o(.constdata)
</UL>
<P><STRONG><a name="[cf]"></a>Cube6_ReadEeprom</STRONG> (Thumb, 32 bytes, Stack size 8 bytes, cube6.o(i.Cube6_ReadEeprom))
<BR><BR>[Stack]<UL><LI>Max Depth = 116<LI>Call Chain = Cube6_ReadEeprom &rArr; EEPROM_Read &rArr; ReadDataFromEEPROM &rArr;  Fault_Upload (Cycle)
</UL>
<BR>[Calls]<UL><LI><a href="#[d0]">&gt;&gt;</a>&nbsp;&nbsp;&nbsp;EEPROM_Read
</UL>
<BR>[Called By]<UL><LI><a href="#[8b]">&gt;&gt;</a>&nbsp;&nbsp;&nbsp;Cube6Init
</UL>

<P><STRONG><a name="[d1]"></a>Cube6_SaveEeprom</STRONG> (Thumb, 14 bytes, Stack size 8 bytes, cube6.o(i.Cube6_SaveEeprom))
<BR><BR>[Stack]<UL><LI>Max Depth = 172<LI>Call Chain = Cube6_SaveEeprom &rArr; EEPROM_Write &rArr; WriteDataToEEPROM &rArr; Fault_Upload &rArr; FaultData_Save &rArr;  WriteDataToEEPROM (Cycle)
</UL>
<BR>[Calls]<UL><LI><a href="#[52]">&gt;&gt;</a>&nbsp;&nbsp;&nbsp;EEPROM_Write
</UL>
<BR>[Called By]<UL><LI><a href="#[3f]">&gt;&gt;</a>&nbsp;&nbsp;&nbsp;LowPower_CheckTime
</UL>

<P><STRONG><a name="[3e]"></a>Cube6_SearchFace</STRONG> (Thumb, 232 bytes, Stack size 8 bytes, cube6.o(i.Cube6_SearchFace))
<BR><BR>[Stack]<UL><LI>Max Depth = 132<LI>Call Chain = Cube6_SearchFace &rArr; FindCurrentFace &rArr; MPU6050_ReadAcce &rArr; IIC_ReadDataN &rArr; IIC_GetByte &rArr; GPIOx_Cfg
</UL>
<BR>[Calls]<UL><LI><a href="#[d5]">&gt;&gt;</a>&nbsp;&nbsp;&nbsp;PropEventFifo
<LI><a href="#[d6]">&gt;&gt;</a>&nbsp;&nbsp;&nbsp;Upload
<LI><a href="#[d4]">&gt;&gt;</a>&nbsp;&nbsp;&nbsp;StandbyCountReset
<LI><a href="#[cc]">&gt;&gt;</a>&nbsp;&nbsp;&nbsp;VibratingAlert
<LI><a href="#[d3]">&gt;&gt;</a>&nbsp;&nbsp;&nbsp;FindCurrentFace
<LI><a href="#[d2]">&gt;&gt;</a>&nbsp;&nbsp;&nbsp;ChargeCheck
</UL>
<BR>[Address Reference Count : 1]<UL><LI> cube6exeattr.o(i.Cube6Init)
</UL>
<P><STRONG><a name="[f1]"></a>DATA_EEPROM_Unlock</STRONG> (Thumb, 24 bytes, Stack size 0 bytes, flash.o(i.DATA_EEPROM_Unlock))
<BR><BR>[Called By]<UL><LI><a href="#[f0]">&gt;&gt;</a>&nbsp;&nbsp;&nbsp;Flash_Unlock
</UL>

<P><STRONG><a name="[15b]"></a>DecryptionFlash</STRONG> (Thumb, 50 bytes, Stack size 0 bytes, scene&group.o(i.DecryptionFlash))
<BR><BR>[Called By]<UL><LI><a href="#[57]">&gt;&gt;</a>&nbsp;&nbsp;&nbsp;Set_Scene_Attr
<LI><a href="#[59]">&gt;&gt;</a>&nbsp;&nbsp;&nbsp;Set_Group_Attr
</UL>

<P><STRONG><a name="[d8]"></a>DelALink</STRONG> (Thumb, 234 bytes, Stack size 16 bytes, linksimplest.o(i.DelALink))
<BR><BR>[Stack]<UL><LI>Max Depth = 164<LI>Call Chain = DelALink &rArr; WriteDataToEEPROM &rArr; Fault_Upload &rArr; FaultData_Save &rArr;  WriteDataToEEPROM (Cycle)
</UL>
<BR>[Calls]<UL><LI><a href="#[af]">&gt;&gt;</a>&nbsp;&nbsp;&nbsp;WriteDataToEEPROM
<LI><a href="#[b0]">&gt;&gt;</a>&nbsp;&nbsp;&nbsp;memset
<LI><a href="#[d9]">&gt;&gt;</a>&nbsp;&nbsp;&nbsp;memcpy
</UL>
<BR>[Called By]<UL><LI><a href="#[dc]">&gt;&gt;</a>&nbsp;&nbsp;&nbsp;DelLinkFromTable
</UL>

<P><STRONG><a name="[da]"></a>DelAllLinkFromTable</STRONG> (Thumb, 46 bytes, Stack size 16 bytes, linkwrdc.o(i.DelAllLinkFromTable))
<BR><BR>[Stack]<UL><LI>Max Depth = 164<LI>Call Chain = DelAllLinkFromTable &rArr; WriteDataToEEPROM &rArr; Fault_Upload &rArr; FaultData_Save &rArr;  WriteDataToEEPROM (Cycle)
</UL>
<BR>[Calls]<UL><LI><a href="#[af]">&gt;&gt;</a>&nbsp;&nbsp;&nbsp;WriteDataToEEPROM
<LI><a href="#[b0]">&gt;&gt;</a>&nbsp;&nbsp;&nbsp;memset
</UL>
<BR>[Called By]<UL><LI><a href="#[164]">&gt;&gt;</a>&nbsp;&nbsp;&nbsp;UserEEPROMData_Init
<LI><a href="#[79]">&gt;&gt;</a>&nbsp;&nbsp;&nbsp;Set_DelLinkForUnit_Attr
<LI><a href="#[dd]">&gt;&gt;</a>&nbsp;&nbsp;&nbsp;DelLinkItem
</UL>

<P><STRONG><a name="[db]"></a>DelLinkForUnit</STRONG> (Thumb, 124 bytes, Stack size 24 bytes, linkwrdc.o(i.DelLinkForUnit))
<BR><BR>[Stack]<UL><LI>Max Depth = 172<LI>Call Chain = DelLinkForUnit &rArr; WriteDataToEEPROM &rArr; Fault_Upload &rArr; FaultData_Save &rArr;  WriteDataToEEPROM (Cycle)
</UL>
<BR>[Calls]<UL><LI><a href="#[af]">&gt;&gt;</a>&nbsp;&nbsp;&nbsp;WriteDataToEEPROM
<LI><a href="#[d9]">&gt;&gt;</a>&nbsp;&nbsp;&nbsp;memcpy
</UL>
<BR>[Called By]<UL><LI><a href="#[70]">&gt;&gt;</a>&nbsp;&nbsp;&nbsp;Set_UserDataFormat_Attr
<LI><a href="#[79]">&gt;&gt;</a>&nbsp;&nbsp;&nbsp;Set_DelLinkForUnit_Attr
</UL>

<P><STRONG><a name="[dc]"></a>DelLinkFromTable</STRONG> (Thumb, 30 bytes, Stack size 16 bytes, linkwrdc.o(i.DelLinkFromTable))
<BR><BR>[Stack]<UL><LI>Max Depth = 180<LI>Call Chain = DelLinkFromTable &rArr; DelALink &rArr; WriteDataToEEPROM &rArr; Fault_Upload &rArr; FaultData_Save &rArr;  WriteDataToEEPROM (Cycle)
</UL>
<BR>[Calls]<UL><LI><a href="#[d8]">&gt;&gt;</a>&nbsp;&nbsp;&nbsp;DelALink
</UL>
<BR>[Called By]<UL><LI><a href="#[dd]">&gt;&gt;</a>&nbsp;&nbsp;&nbsp;DelLinkItem
</UL>

<P><STRONG><a name="[dd]"></a>DelLinkItem</STRONG> (Thumb, 46 bytes, Stack size 16 bytes, linkwrdc.o(i.DelLinkItem))
<BR><BR>[Stack]<UL><LI>Max Depth = 196<LI>Call Chain = DelLinkItem &rArr; DelLinkFromTable &rArr; DelALink &rArr; WriteDataToEEPROM &rArr; Fault_Upload &rArr; FaultData_Save &rArr;  WriteDataToEEPROM (Cycle)
</UL>
<BR>[Calls]<UL><LI><a href="#[de]">&gt;&gt;</a>&nbsp;&nbsp;&nbsp;QueryLink
<LI><a href="#[dc]">&gt;&gt;</a>&nbsp;&nbsp;&nbsp;DelLinkFromTable
<LI><a href="#[da]">&gt;&gt;</a>&nbsp;&nbsp;&nbsp;DelAllLinkFromTable
</UL>
<BR>[Called By]<UL><LI><a href="#[77]">&gt;&gt;</a>&nbsp;&nbsp;&nbsp;Set_Link_Attr
</UL>

<P><STRONG><a name="[189]"></a>DeviceResetCheck_Init</STRONG> (Thumb, 2 bytes, Stack size 0 bytes, devicereset.o(i.DeviceResetCheck_Init))
<BR><BR>[Called By]<UL><LI><a href="#[9b]">&gt;&gt;</a>&nbsp;&nbsp;&nbsp;main
</UL>

<P><STRONG><a name="[d0]"></a>EEPROM_Read</STRONG> (Thumb, 46 bytes, Stack size 16 bytes, userdata.o(i.EEPROM_Read))
<BR><BR>[Stack]<UL><LI>Max Depth = 108<LI>Call Chain = EEPROM_Read &rArr; ReadDataFromEEPROM &rArr;  Fault_Upload (Cycle)
</UL>
<BR>[Calls]<UL><LI><a href="#[b2]">&gt;&gt;</a>&nbsp;&nbsp;&nbsp;ReadDataFromEEPROM
</UL>
<BR>[Called By]<UL><LI><a href="#[cf]">&gt;&gt;</a>&nbsp;&nbsp;&nbsp;Cube6_ReadEeprom
</UL>

<P><STRONG><a name="[52]"></a>EEPROM_Write</STRONG> (Thumb, 46 bytes, Stack size 16 bytes, userdata.o(i.EEPROM_Write))
<BR><BR>[Stack]<UL><LI>Max Depth = 164<LI>Call Chain = EEPROM_Write &rArr; WriteDataToEEPROM &rArr; Fault_Upload &rArr; FaultData_Save &rArr;  WriteDataToEEPROM (Cycle)
</UL>
<BR>[Calls]<UL><LI><a href="#[af]">&gt;&gt;</a>&nbsp;&nbsp;&nbsp;WriteDataToEEPROM
</UL>
<BR>[Called By]<UL><LI><a href="#[8c]">&gt;&gt;</a>&nbsp;&nbsp;&nbsp;Cube6EepromInit
<LI><a href="#[d1]">&gt;&gt;</a>&nbsp;&nbsp;&nbsp;Cube6_SaveEeprom
</UL>
<BR>[Address Reference Count : 1]<UL><LI> userdatadownload.o(i.UserDataDownload_Ready)
</UL>
<P><STRONG><a name="[13]"></a>EXTI0_IRQHandler</STRONG> (Thumb, 8 bytes, Stack size 0 bytes, lowpower.o(i.EXTI0_IRQHandler))
<BR>[Address Reference Count : 1]<UL><LI> startup_stm32l1xx_md.o(RESET)
</UL>
<P><STRONG><a name="[35]"></a>EXTI15_10_IRQHandler</STRONG> (Thumb, 18 bytes, Stack size 8 bytes, si4432.o(i.EXTI15_10_IRQHandler))
<BR><BR>[Stack]<UL><LI>Max Depth = 244<LI>Call Chain = EXTI15_10_IRQHandler &rArr; RecDataToFifo &rArr; Si4432_Fault &rArr; Fault_Upload &rArr; FaultData_Save &rArr;  WriteDataToEEPROM (Cycle)
</UL>
<BR>[Calls]<UL><LI><a href="#[df]">&gt;&gt;</a>&nbsp;&nbsp;&nbsp;RecDataToFifo
</UL>
<BR>[Address Reference Count : 1]<UL><LI> startup_stm32l1xx_md.o(RESET)
</UL>
<P><STRONG><a name="[169]"></a>Ex_NVIC_Config</STRONG> (Thumb, 144 bytes, Stack size 16 bytes, sys.o(i.Ex_NVIC_Config))
<BR><BR>[Stack]<UL><LI>Max Depth = 16<LI>Call Chain = Ex_NVIC_Config
</UL>
<BR>[Called By]<UL><LI><a href="#[47]">&gt;&gt;</a>&nbsp;&nbsp;&nbsp;Si4432_Init
</UL>

<P><STRONG><a name="[e0]"></a>FIFOInit</STRONG> (Thumb, 70 bytes, Stack size 8 bytes, cmdprocess.o(i.FIFOInit))
<BR><BR>[Stack]<UL><LI>Max Depth = 80<LI>Call Chain = FIFOInit &rArr; Thread_Login &rArr; Thread_Wake &rArr; memmove
</UL>
<BR>[Calls]<UL><LI><a href="#[e1]">&gt;&gt;</a>&nbsp;&nbsp;&nbsp;fifo_Init
<LI><a href="#[bc]">&gt;&gt;</a>&nbsp;&nbsp;&nbsp;Thread_Login
</UL>
<BR>[Called By]<UL><LI><a href="#[9b]">&gt;&gt;</a>&nbsp;&nbsp;&nbsp;main
</UL>

<P><STRONG><a name="[e2]"></a>FLASH_ErasePage</STRONG> (Thumb, 86 bytes, Stack size 16 bytes, flash.o(i.FLASH_ErasePage))
<BR><BR>[Stack]<UL><LI>Max Depth = 16<LI>Call Chain = FLASH_ErasePage
</UL>
<BR>[Calls]<UL><LI><a href="#[e3]">&gt;&gt;</a>&nbsp;&nbsp;&nbsp;Flash_Status
<LI><a href="#[e4]">&gt;&gt;</a>&nbsp;&nbsp;&nbsp;Flash_EOP
</UL>
<BR>[Called By]<UL><LI><a href="#[135]">&gt;&gt;</a>&nbsp;&nbsp;&nbsp;Program_Erase
<LI><a href="#[ef]">&gt;&gt;</a>&nbsp;&nbsp;&nbsp;Program_Write_Ext
</UL>

<P><STRONG><a name="[e5]"></a>FaultData_Get</STRONG> (Thumb, 22 bytes, Stack size 16 bytes, userdata.o(i.FaultData_Get))
<BR><BR>[Stack]<UL><LI>Max Depth = 108<LI>Call Chain = FaultData_Get &rArr; ReadDataFromEEPROM &rArr;  Fault_Upload (Cycle)
</UL>
<BR>[Calls]<UL><LI><a href="#[b2]">&gt;&gt;</a>&nbsp;&nbsp;&nbsp;ReadDataFromEEPROM
</UL>
<BR>[Called By]<UL><LI><a href="#[89]">&gt;&gt;</a>&nbsp;&nbsp;&nbsp;Get_FaultFlag_Attr
</UL>

<P><STRONG><a name="[e6]"></a>FaultData_Init</STRONG> (Thumb, 14 bytes, Stack size 8 bytes, userdata.o(i.FaultData_Init))
<BR><BR>[Stack]<UL><LI>Max Depth = 156<LI>Call Chain = FaultData_Init &rArr; WriteDataToEEPROMEx &rArr; Fault_Upload &rArr; FaultData_Save &rArr;  WriteDataToEEPROM (Cycle)
</UL>
<BR>[Calls]<UL><LI><a href="#[e7]">&gt;&gt;</a>&nbsp;&nbsp;&nbsp;WriteDataToEEPROMEx
</UL>
<BR>[Called By]<UL><LI><a href="#[16c]">&gt;&gt;</a>&nbsp;&nbsp;&nbsp;UserData_Init
<LI><a href="#[88]">&gt;&gt;</a>&nbsp;&nbsp;&nbsp;Set_FaultFlag_Attr
</UL>

<P><STRONG><a name="[e8]"></a>FaultData_Save</STRONG> (Thumb, 32 bytes, Stack size 16 bytes, userdata.o(i.FaultData_Save))
<BR><BR>[Stack]<UL><LI>Max Depth = 108 + In Cycle
<LI>Call Chain = FaultData_Save &rArr;  WriteDataToEEPROM (Cycle)
</UL>
<BR>[Calls]<UL><LI><a href="#[af]">&gt;&gt;</a>&nbsp;&nbsp;&nbsp;WriteDataToEEPROM
<LI><a href="#[b2]">&gt;&gt;</a>&nbsp;&nbsp;&nbsp;ReadDataFromEEPROM
</UL>
<BR>[Called By]<UL><LI><a href="#[ea]">&gt;&gt;</a>&nbsp;&nbsp;&nbsp;Fault_Upload
</UL>

<P><STRONG><a name="[ea]"></a>Fault_Upload</STRONG> (Thumb, 74 bytes, Stack size 16 bytes, faultmanage.o(i.Fault_Upload))
<BR><BR>[Stack]<UL><LI>Max Depth = 124<LI>Call Chain = Fault_Upload &rArr; FaultData_Save &rArr;  WriteDataToEEPROM (Cycle)
</UL>
<BR>[Calls]<UL><LI><a href="#[ec]">&gt;&gt;</a>&nbsp;&nbsp;&nbsp;WDG_FeedOFF
<LI><a href="#[eb]">&gt;&gt;</a>&nbsp;&nbsp;&nbsp;Upload_Fault
<LI><a href="#[bf]">&gt;&gt;</a>&nbsp;&nbsp;&nbsp;Thread_Logout
<LI><a href="#[e8]">&gt;&gt;</a>&nbsp;&nbsp;&nbsp;FaultData_Save
<LI><a href="#[bc]">&gt;&gt;</a>&nbsp;&nbsp;&nbsp;Thread_Login
</UL>
<BR>[Called By]<UL><LI><a href="#[e7]">&gt;&gt;</a>&nbsp;&nbsp;&nbsp;WriteDataToEEPROMEx
<LI><a href="#[af]">&gt;&gt;</a>&nbsp;&nbsp;&nbsp;WriteDataToEEPROM
<LI><a href="#[b2]">&gt;&gt;</a>&nbsp;&nbsp;&nbsp;ReadDataFromEEPROM
<LI><a href="#[12b]">&gt;&gt;</a>&nbsp;&nbsp;&nbsp;Msg_Feedback
<LI><a href="#[8a]">&gt;&gt;</a>&nbsp;&nbsp;&nbsp;SysAttr_Init
<LI><a href="#[c5]">&gt;&gt;</a>&nbsp;&nbsp;&nbsp;Si4432_Fault
<LI><a href="#[df]">&gt;&gt;</a>&nbsp;&nbsp;&nbsp;RecDataToFifo
</UL>

<P><STRONG><a name="[ee]"></a>FlashEncryptionInit</STRONG> (Thumb, 110 bytes, Stack size 16 bytes, program.o(i.FlashEncryptionInit))
<BR><BR>[Stack]<UL><LI>Max Depth = 328<LI>Call Chain = FlashEncryptionInit &rArr; Program_Write_Ext &rArr; Flash_Write
</UL>
<BR>[Calls]<UL><LI><a href="#[ef]">&gt;&gt;</a>&nbsp;&nbsp;&nbsp;Program_Write_Ext
</UL>
<BR>[Called By]<UL><LI><a href="#[170]">&gt;&gt;</a>&nbsp;&nbsp;&nbsp;SysHard_Init
</UL>

<P><STRONG><a name="[171]"></a>FlashSizeFlagInit</STRONG> (Thumb, 10 bytes, Stack size 0 bytes, flashsizeflag.o(i.FlashSizeFlagInit))
<BR><BR>[Called By]<UL><LI><a href="#[170]">&gt;&gt;</a>&nbsp;&nbsp;&nbsp;SysHard_Init
</UL>

<P><STRONG><a name="[ba]"></a>Flash_DefaultValue</STRONG> (Thumb, 4 bytes, Stack size 0 bytes, program.o(i.Flash_DefaultValue))
<BR><BR>[Called By]<UL><LI><a href="#[158]">&gt;&gt;</a>&nbsp;&nbsp;&nbsp;Updata_Channel
<LI><a href="#[133]">&gt;&gt;</a>&nbsp;&nbsp;&nbsp;PartionChange
<LI><a href="#[b9]">&gt;&gt;</a>&nbsp;&nbsp;&nbsp;Channel_Get
</UL>

<P><STRONG><a name="[f0]"></a>Flash_Unlock</STRONG> (Thumb, 30 bytes, Stack size 4 bytes, flash.o(i.Flash_Unlock))
<BR><BR>[Stack]<UL><LI>Max Depth = 4<LI>Call Chain = Flash_Unlock
</UL>
<BR>[Calls]<UL><LI><a href="#[f1]">&gt;&gt;</a>&nbsp;&nbsp;&nbsp;DATA_EEPROM_Unlock
</UL>
<BR>[Called By]<UL><LI><a href="#[51]">&gt;&gt;</a>&nbsp;&nbsp;&nbsp;Program_Write
<LI><a href="#[135]">&gt;&gt;</a>&nbsp;&nbsp;&nbsp;Program_Erase
<LI><a href="#[ef]">&gt;&gt;</a>&nbsp;&nbsp;&nbsp;Program_Write_Ext
</UL>

<P><STRONG><a name="[f2]"></a>Flash_Write</STRONG> (Thumb, 58 bytes, Stack size 16 bytes, flash.o(i.Flash_Write))
<BR><BR>[Stack]<UL><LI>Max Depth = 16<LI>Call Chain = Flash_Write
</UL>
<BR>[Calls]<UL><LI><a href="#[e3]">&gt;&gt;</a>&nbsp;&nbsp;&nbsp;Flash_Status
</UL>
<BR>[Called By]<UL><LI><a href="#[51]">&gt;&gt;</a>&nbsp;&nbsp;&nbsp;Program_Write
<LI><a href="#[ef]">&gt;&gt;</a>&nbsp;&nbsp;&nbsp;Program_Write_Ext
</UL>

<P><STRONG><a name="[139]"></a>Flash_lock</STRONG> (Thumb, 14 bytes, Stack size 0 bytes, flash.o(i.Flash_lock))
<BR><BR>[Called By]<UL><LI><a href="#[51]">&gt;&gt;</a>&nbsp;&nbsp;&nbsp;Program_Write
<LI><a href="#[135]">&gt;&gt;</a>&nbsp;&nbsp;&nbsp;Program_Erase
<LI><a href="#[ef]">&gt;&gt;</a>&nbsp;&nbsp;&nbsp;Program_Write_Ext
</UL>

<P><STRONG><a name="[14d]"></a>GPIOx_AF</STRONG> (Thumb, 92 bytes, Stack size 20 bytes, gpio.o(i.GPIOx_AF))
<BR><BR>[Stack]<UL><LI>Max Depth = 20<LI>Call Chain = GPIOx_AF
</UL>
<BR>[Called By]<UL><LI><a href="#[14b]">&gt;&gt;</a>&nbsp;&nbsp;&nbsp;SPI2_Port_Init
<LI><a href="#[176]">&gt;&gt;</a>&nbsp;&nbsp;&nbsp;UART_Init
</UL>

<P><STRONG><a name="[a6]"></a>GPIOx_Cfg</STRONG> (Thumb, 144 bytes, Stack size 20 bytes, gpio.o(i.GPIOx_Cfg))
<BR><BR>[Stack]<UL><LI>Max Depth = 20<LI>Call Chain = GPIOx_Cfg
</UL>
<BR>[Called By]<UL><LI><a href="#[14b]">&gt;&gt;</a>&nbsp;&nbsp;&nbsp;SPI2_Port_Init
<LI><a href="#[168]">&gt;&gt;</a>&nbsp;&nbsp;&nbsp;Si4432_PortInit
<LI><a href="#[108]">&gt;&gt;</a>&nbsp;&nbsp;&nbsp;I2C_Init
<LI><a href="#[10b]">&gt;&gt;</a>&nbsp;&nbsp;&nbsp;I2C_WaitAck
<LI><a href="#[109]">&gt;&gt;</a>&nbsp;&nbsp;&nbsp;I2C_RecvB_Ack
<LI><a href="#[cd]">&gt;&gt;</a>&nbsp;&nbsp;&nbsp;ShakeMotor_Init
<LI><a href="#[118]">&gt;&gt;</a>&nbsp;&nbsp;&nbsp;IIC_WaitAck
<LI><a href="#[112]">&gt;&gt;</a>&nbsp;&nbsp;&nbsp;IIC_InitPort
<LI><a href="#[110]">&gt;&gt;</a>&nbsp;&nbsp;&nbsp;IIC_GetByte
<LI><a href="#[b6]">&gt;&gt;</a>&nbsp;&nbsp;&nbsp;TP4056
<LI><a href="#[a5]">&gt;&gt;</a>&nbsp;&nbsp;&nbsp;ADC_PortInit
<LI><a href="#[176]">&gt;&gt;</a>&nbsp;&nbsp;&nbsp;UART_Init
<LI><a href="#[175]">&gt;&gt;</a>&nbsp;&nbsp;&nbsp;Test_Init
</UL>

<P><STRONG><a name="[c4]"></a>GPIOx_Get</STRONG> (Thumb, 14 bytes, Stack size 0 bytes, gpio.o(i.GPIOx_Get))
<BR><BR>[Called By]<UL><LI><a href="#[df]">&gt;&gt;</a>&nbsp;&nbsp;&nbsp;RecDataToFifo
<LI><a href="#[c2]">&gt;&gt;</a>&nbsp;&nbsp;&nbsp;Check_433M_Busy
<LI><a href="#[10b]">&gt;&gt;</a>&nbsp;&nbsp;&nbsp;I2C_WaitAck
<LI><a href="#[109]">&gt;&gt;</a>&nbsp;&nbsp;&nbsp;I2C_RecvB_Ack
<LI><a href="#[3f]">&gt;&gt;</a>&nbsp;&nbsp;&nbsp;LowPower_CheckTime
<LI><a href="#[175]">&gt;&gt;</a>&nbsp;&nbsp;&nbsp;Test_Init
</UL>

<P><STRONG><a name="[ac]"></a>GPIOx_Rst</STRONG> (Thumb, 14 bytes, Stack size 0 bytes, gpio.o(i.GPIOx_Rst))
<BR><BR>[Called By]<UL><LI><a href="#[47]">&gt;&gt;</a>&nbsp;&nbsp;&nbsp;Si4432_Init
<LI><a href="#[11b]">&gt;&gt;</a>&nbsp;&nbsp;&nbsp;IIC_WriteSame
<LI><a href="#[11a]">&gt;&gt;</a>&nbsp;&nbsp;&nbsp;IIC_Write
<LI><a href="#[141]">&gt;&gt;</a>&nbsp;&nbsp;&nbsp;SPI_RW_Reg
<LI><a href="#[10b]">&gt;&gt;</a>&nbsp;&nbsp;&nbsp;I2C_WaitAck
<LI><a href="#[10d]">&gt;&gt;</a>&nbsp;&nbsp;&nbsp;I2C_Stop
<LI><a href="#[10c]">&gt;&gt;</a>&nbsp;&nbsp;&nbsp;I2C_Start
<LI><a href="#[10a]">&gt;&gt;</a>&nbsp;&nbsp;&nbsp;I2C_SendB_Ack
<LI><a href="#[109]">&gt;&gt;</a>&nbsp;&nbsp;&nbsp;I2C_RecvB_Ack
<LI><a href="#[106]">&gt;&gt;</a>&nbsp;&nbsp;&nbsp;I2C_ACK
<LI><a href="#[bd]">&gt;&gt;</a>&nbsp;&nbsp;&nbsp;ShakeMotor_Stop
<LI><a href="#[cd]">&gt;&gt;</a>&nbsp;&nbsp;&nbsp;ShakeMotor_Init
<LI><a href="#[b8]">&gt;&gt;</a>&nbsp;&nbsp;&nbsp;Standby_Mode
<LI><a href="#[ab]">&gt;&gt;</a>&nbsp;&nbsp;&nbsp;ADC_TestPowerOFF
</UL>

<P><STRONG><a name="[a7]"></a>GPIOx_Set</STRONG> (Thumb, 20 bytes, Stack size 0 bytes, gpio.o(i.GPIOx_Set))
<BR><BR>[Called By]<UL><LI><a href="#[47]">&gt;&gt;</a>&nbsp;&nbsp;&nbsp;Si4432_Init
<LI><a href="#[11b]">&gt;&gt;</a>&nbsp;&nbsp;&nbsp;IIC_WriteSame
<LI><a href="#[11a]">&gt;&gt;</a>&nbsp;&nbsp;&nbsp;IIC_Write
<LI><a href="#[168]">&gt;&gt;</a>&nbsp;&nbsp;&nbsp;Si4432_PortInit
<LI><a href="#[141]">&gt;&gt;</a>&nbsp;&nbsp;&nbsp;SPI_RW_Reg
<LI><a href="#[108]">&gt;&gt;</a>&nbsp;&nbsp;&nbsp;I2C_Init
<LI><a href="#[10b]">&gt;&gt;</a>&nbsp;&nbsp;&nbsp;I2C_WaitAck
<LI><a href="#[10d]">&gt;&gt;</a>&nbsp;&nbsp;&nbsp;I2C_Stop
<LI><a href="#[10c]">&gt;&gt;</a>&nbsp;&nbsp;&nbsp;I2C_Start
<LI><a href="#[10a]">&gt;&gt;</a>&nbsp;&nbsp;&nbsp;I2C_SendB_Ack
<LI><a href="#[109]">&gt;&gt;</a>&nbsp;&nbsp;&nbsp;I2C_RecvB_Ack
<LI><a href="#[106]">&gt;&gt;</a>&nbsp;&nbsp;&nbsp;I2C_ACK
<LI><a href="#[bb]">&gt;&gt;</a>&nbsp;&nbsp;&nbsp;ShakeMotor_Start
<LI><a href="#[112]">&gt;&gt;</a>&nbsp;&nbsp;&nbsp;IIC_InitPort
<LI><a href="#[ad]">&gt;&gt;</a>&nbsp;&nbsp;&nbsp;ADC_TestPowerON
<LI><a href="#[a5]">&gt;&gt;</a>&nbsp;&nbsp;&nbsp;ADC_PortInit
</UL>

<P><STRONG><a name="[f4]"></a>GetALinkNum</STRONG> (Thumb, 80 bytes, Stack size 8 bytes, linksimplest.o(i.GetALinkNum))
<BR><BR>[Stack]<UL><LI>Max Depth = 8<LI>Call Chain = GetALinkNum
</UL>
<BR>[Called By]<UL><LI><a href="#[f3]">&gt;&gt;</a>&nbsp;&nbsp;&nbsp;GetLinkNum
</UL>

<P><STRONG><a name="[f3]"></a>GetLinkNum</STRONG> (Thumb, 22 bytes, Stack size 16 bytes, linkwrdc.o(i.GetLinkNum))
<BR><BR>[Stack]<UL><LI>Max Depth = 24<LI>Call Chain = GetLinkNum &rArr; GetALinkNum
</UL>
<BR>[Calls]<UL><LI><a href="#[f4]">&gt;&gt;</a>&nbsp;&nbsp;&nbsp;GetALinkNum
</UL>
<BR>[Called By]<UL><LI><a href="#[161]">&gt;&gt;</a>&nbsp;&nbsp;&nbsp;WriteLinkItem
</UL>

<P><STRONG><a name="[163]"></a>GetRSSIPara</STRONG> (Thumb, 4 bytes, Stack size 0 bytes, si4432.o(i.GetRSSIPara))
<BR><BR>[Called By]<UL><LI><a href="#[61]">&gt;&gt;</a>&nbsp;&nbsp;&nbsp;Set_Sign433_StartRecFrame_Attr
<LI><a href="#[4a]">&gt;&gt;</a>&nbsp;&nbsp;&nbsp;Sign433_SendTestReport
</UL>

<P><STRONG><a name="[f5]"></a>GetThresholdPara</STRONG> (Thumb, 4 bytes, Stack size 0 bytes, si4432.o(i.GetThresholdPara))
<BR><BR>[Called By]<UL><LI><a href="#[64]">&gt;&gt;</a>&nbsp;&nbsp;&nbsp;Get_DeviceThreshold_Attr
</UL>

<P><STRONG><a name="[84]"></a>Get_433Channel_Attr</STRONG> (Thumb, 20 bytes, Stack size 16 bytes, flashattr.o(i.Get_433Channel_Attr))
<BR><BR>[Stack]<UL><LI>Max Depth = 24<LI>Call Chain = Get_433Channel_Attr &rArr; Channel_Get
</UL>
<BR>[Calls]<UL><LI><a href="#[b9]">&gt;&gt;</a>&nbsp;&nbsp;&nbsp;Channel_Get
</UL>
<BR>[Address Reference Count : 1]<UL><LI> sysexeattr.o(.constdata)
</UL>
<P><STRONG><a name="[90]"></a>Get_ChargeState_Attr</STRONG> (Thumb, 6 bytes, Stack size 0 bytes, batteryexeattr.o(i.Get_ChargeState_Attr))
<BR>[Address Reference Count : 1]<UL><LI> cube6exeattr.o(.constdata)
</UL>
<P><STRONG><a name="[6d]"></a>Get_CmdAckNum_Attr</STRONG> (Thumb, 14 bytes, Stack size 0 bytes, sysexeattr.o(i.Get_CmdAckNum_Attr))
<BR>[Address Reference Count : 1]<UL><LI> sysexeattr.o(.constdata)
</UL>
<P><STRONG><a name="[76]"></a>Get_CommonType_Attr</STRONG> (Thumb, 104 bytes, Stack size 24 bytes, sysexeattr.o(i.Get_CommonType_Attr))
<BR><BR>[Stack]<UL><LI>Max Depth = 24<LI>Call Chain = Get_CommonType_Attr
</UL>
<BR>[Calls]<UL><LI><a href="#[c7]">&gt;&gt;</a>&nbsp;&nbsp;&nbsp;UnitCnt_Get
</UL>
<BR>[Address Reference Count : 1]<UL><LI> sysexeattr.o(.constdata)
</UL>
<P><STRONG><a name="[8e]"></a>Get_Cube6Face_Attr</STRONG> (Thumb, 16 bytes, Stack size 0 bytes, cube6exeattr.o(i.Get_Cube6Face_Attr))
<BR>[Address Reference Count : 1]<UL><LI> cube6exeattr.o(.constdata)
</UL>
<P><STRONG><a name="[6b]"></a>Get_DeviceAddr_Attr</STRONG> (Thumb, 16 bytes, Stack size 0 bytes, sysexeattr.o(i.Get_DeviceAddr_Attr))
<BR>[Address Reference Count : 1]<UL><LI> sysexeattr.o(.constdata)
</UL>
<P><STRONG><a name="[64]"></a>Get_DeviceThreshold_Attr</STRONG> (Thumb, 22 bytes, Stack size 16 bytes, sign433attr.o(i.Get_DeviceThreshold_Attr))
<BR><BR>[Stack]<UL><LI>Max Depth = 16<LI>Call Chain = Get_DeviceThreshold_Attr
</UL>
<BR>[Calls]<UL><LI><a href="#[f5]">&gt;&gt;</a>&nbsp;&nbsp;&nbsp;GetThresholdPara
</UL>
<BR>[Address Reference Count : 1]<UL><LI> sysexeattr.o(.constdata)
</UL>
<P><STRONG><a name="[67]"></a>Get_DeviceType_Attr</STRONG> (Thumb, 74 bytes, Stack size 8 bytes, sysexeattr.o(i.Get_DeviceType_Attr))
<BR><BR>[Stack]<UL><LI>Max Depth = 8<LI>Call Chain = Get_DeviceType_Attr
</UL>
<BR>[Address Reference Count : 1]<UL><LI> sysexeattr.o(.constdata)
</UL>
<P><STRONG><a name="[87]"></a>Get_Eeprom_Info_Attr</STRONG> (Thumb, 82 bytes, Stack size 24 bytes, sysexeattr.o(i.Get_Eeprom_Info_Attr))
<BR><BR>[Stack]<UL><LI>Max Depth = 116<LI>Call Chain = Get_Eeprom_Info_Attr &rArr; ReadDataFromEEPROM &rArr;  Fault_Upload (Cycle)
</UL>
<BR>[Calls]<UL><LI><a href="#[b2]">&gt;&gt;</a>&nbsp;&nbsp;&nbsp;ReadDataFromEEPROM
</UL>
<BR>[Address Reference Count : 1]<UL><LI> sysexeattr.o(.constdata)
</UL>
<P><STRONG><a name="[89]"></a>Get_FaultFlag_Attr</STRONG> (Thumb, 20 bytes, Stack size 16 bytes, sysexeattr.o(i.Get_FaultFlag_Attr))
<BR><BR>[Stack]<UL><LI>Max Depth = 124<LI>Call Chain = Get_FaultFlag_Attr &rArr; FaultData_Get &rArr; ReadDataFromEEPROM &rArr;  Fault_Upload (Cycle)
</UL>
<BR>[Calls]<UL><LI><a href="#[e5]">&gt;&gt;</a>&nbsp;&nbsp;&nbsp;FaultData_Get
</UL>
<BR>[Address Reference Count : 1]<UL><LI> sysexeattr.o(.constdata)
</UL>
<P><STRONG><a name="[5a]"></a>Get_Group_Attr</STRONG> (Thumb, 94 bytes, Stack size 24 bytes, scene&group.o(i.Get_Group_Attr))
<BR><BR>[Stack]<UL><LI>Max Depth = 188<LI>Call Chain = Get_Group_Attr &rArr; GroupEEPROM_Get &rArr; ReadDataFromEEPROM &rArr;  Fault_Upload (Cycle)
</UL>
<BR>[Calls]<UL><LI><a href="#[c7]">&gt;&gt;</a>&nbsp;&nbsp;&nbsp;UnitCnt_Get
<LI><a href="#[f6]">&gt;&gt;</a>&nbsp;&nbsp;&nbsp;GroupEEPROM_Get
<LI><a href="#[c6]">&gt;&gt;</a>&nbsp;&nbsp;&nbsp;Check_Area
</UL>
<BR>[Address Reference Count : 1]<UL><LI> sysexeattr.o(.constdata)
</UL>
<P><STRONG><a name="[81]"></a>Get_IAPPackCheck_Attr</STRONG> (Thumb, 66 bytes, Stack size 16 bytes, flashattr.o(i.Get_IAPPackCheck_Attr))
<BR><BR>[Stack]<UL><LI>Max Depth = 28<LI>Call Chain = Get_IAPPackCheck_Attr &rArr; Updata_PackCheck
</UL>
<BR>[Calls]<UL><LI><a href="#[f7]">&gt;&gt;</a>&nbsp;&nbsp;&nbsp;Updata_PackCheck
<LI><a href="#[53]">&gt;&gt;</a>&nbsp;&nbsp;&nbsp;WDG_Feed
</UL>
<BR>[Address Reference Count : 1]<UL><LI> sysexeattr.o(.constdata)
</UL>
<P><STRONG><a name="[78]"></a>Get_Link_Attr</STRONG> (Thumb, 68 bytes, Stack size 16 bytes, sysexeattr.o(i.Get_Link_Attr))
<BR><BR>[Stack]<UL><LI>Max Depth = 100<LI>Call Chain = Get_Link_Attr &rArr; ReadLinkItem &rArr; ReadLinkFromTable &rArr; ReadALink &rArr; memcpy
</UL>
<BR>[Calls]<UL><LI><a href="#[f8]">&gt;&gt;</a>&nbsp;&nbsp;&nbsp;ReadLinkItem
<LI><a href="#[f9]">&gt;&gt;</a>&nbsp;&nbsp;&nbsp;QueryLinkItem
</UL>
<BR>[Address Reference Count : 1]<UL><LI> sysexeattr.o(.constdata)
</UL>
<P><STRONG><a name="[55]"></a>Get_ManyUnit_Attr</STRONG> (Thumb, 310 bytes, Stack size 288 bytes, unitshare_attr.o(i.Get_ManyUnit_Attr))
<BR><BR>[Stack]<UL><LI>Max Depth = 392<LI>Call Chain = Get_ManyUnit_Attr &rArr; Msg_Execute &rArr; Upload &rArr; Thread_Login &rArr; Thread_Wake &rArr; memmove
</UL>
<BR>[Calls]<UL><LI><a href="#[c7]">&gt;&gt;</a>&nbsp;&nbsp;&nbsp;UnitCnt_Get
<LI><a href="#[fa]">&gt;&gt;</a>&nbsp;&nbsp;&nbsp;Msg_Execute
[...]
<BR><BR>[Stack]<UL><LI>Max Depth = 12<LI>Call Chain = Thread_Check
</UL>
<BR>[Called By]<UL><LI><a href="#[bf]">&gt;&gt;</a>&nbsp;&nbsp;&nbsp;Thread_Logout
<LI><a href="#[bc]">&gt;&gt;</a>&nbsp;&nbsp;&nbsp;Thread_Login
<LI><a href="#[178]">&gt;&gt;</a>&nbsp;&nbsp;&nbsp;Thread_Wake
</UL>

<P><STRONG><a name="[50]"></a>FaultMsg</STRONG> (Thumb, 16 bytes, Stack size 8 bytes, upload.o(i.FaultMsg))
<BR><BR>[Stack]<UL><LI>Max Depth = 548<LI>Call Chain = FaultMsg &rArr; Msg_Upload &rArr; Msg_UploadUnit &rArr; Msg_Package &rArr; Msg_Feedback &rArr; Fault_Upload &rArr; FaultData_Save &rArr;  WriteDataToEEPROM (Cycle)
</UL>
<BR>[Calls]<UL><LI><a href="#[e9]">&gt;&gt;</a>&nbsp;&nbsp;&nbsp;Msg_Upload
</UL>
<BR>[Address Reference Count : 1]<UL><LI> upload.o(i.Upload_Fault)
</UL>
<P><STRONG><a name="[14e]"></a>SceneEEPROMData_Clr</STRONG> (Thumb, 76 bytes, Stack size 16 bytes, userdata.o(i.SceneEEPROMData_Clr))
<BR><BR>[Stack]<UL><LI>Max Depth = 164<LI>Call Chain = SceneEEPROMData_Clr &rArr; WriteDataToEEPROM &rArr; Fault_Upload &rArr; FaultData_Save &rArr;  WriteDataToEEPROM (Cycle)
</UL>
<BR>[Calls]<UL><LI><a href="#[af]">&gt;&gt;</a>&nbsp;&nbsp;&nbsp;WriteDataToEEPROM
<LI><a href="#[b2]">&gt;&gt;</a>&nbsp;&nbsp;&nbsp;ReadDataFromEEPROM
</UL>
<BR>[Called By]<UL><LI><a href="#[157]">&gt;&gt;</a>&nbsp;&nbsp;&nbsp;SceneEEPROM_Set
<LI><a href="#[154]">&gt;&gt;</a>&nbsp;&nbsp;&nbsp;SceneEEPROM_Clr
<LI><a href="#[153]">&gt;&gt;</a>&nbsp;&nbsp;&nbsp;SceneEEPROMUnit_Init
</UL>

<P><STRONG><a name="[14f]"></a>SceneEEPROMData_Init</STRONG> (Thumb, 16 bytes, Stack size 8 bytes, userdata.o(i.SceneEEPROMData_Init))
<BR><BR>[Stack]<UL><LI>Max Depth = 156<LI>Call Chain = SceneEEPROMData_Init &rArr; WriteDataToEEPROMEx &rArr; Fault_Upload &rArr; FaultData_Save &rArr;  WriteDataToEEPROM (Cycle)
</UL>
<BR>[Calls]<UL><LI><a href="#[e7]">&gt;&gt;</a>&nbsp;&nbsp;&nbsp;WriteDataToEEPROMEx
</UL>
<BR>[Called By]<UL><LI><a href="#[156]">&gt;&gt;</a>&nbsp;&nbsp;&nbsp;SceneEEPROM_Init
</UL>

<P><STRONG><a name="[150]"></a>SceneEEPROMData_Save</STRONG> (Thumb, 20 bytes, Stack size 16 bytes, userdata.o(i.SceneEEPROMData_Save))
<BR><BR>[Stack]<UL><LI>Max Depth = 164<LI>Call Chain = SceneEEPROMData_Save &rArr; WriteDataToEEPROM &rArr; Fault_Upload &rArr; FaultData_Save &rArr;  WriteDataToEEPROM (Cycle)
</UL>
<BR>[Calls]<UL><LI><a href="#[af]">&gt;&gt;</a>&nbsp;&nbsp;&nbsp;WriteDataToEEPROM
</UL>
<BR>[Called By]<UL><LI><a href="#[157]">&gt;&gt;</a>&nbsp;&nbsp;&nbsp;SceneEEPROM_Set
</UL>

<P><STRONG><a name="[151]"></a>SceneEEPROMData_Seat</STRONG> (Thumb, 116 bytes, Stack size 48 bytes, userdata.o(i.SceneEEPROMData_Seat))
<BR><BR>[Stack]<UL><LI>Max Depth = 196<LI>Call Chain = SceneEEPROMData_Seat &rArr; WriteDataToEEPROM &rArr; Fault_Upload &rArr; FaultData_Save &rArr;  WriteDataToEEPROM (Cycle)
</UL>
<BR>[Calls]<UL><LI><a href="#[af]">&gt;&gt;</a>&nbsp;&nbsp;&nbsp;WriteDataToEEPROM
<LI><a href="#[b2]">&gt;&gt;</a>&nbsp;&nbsp;&nbsp;ReadDataFromEEPROM
<LI><a href="#[152]">&gt;&gt;</a>&nbsp;&nbsp;&nbsp;SceneEEPROMSave_Seat
</UL>
<BR>[Called By]<UL><LI><a href="#[157]">&gt;&gt;</a>&nbsp;&nbsp;&nbsp;SceneEEPROM_Set
</UL>

<P><STRONG><a name="[155]"></a>SceneEEPROMSave_Addr</STRONG> (Thumb, 60 bytes, Stack size 0 bytes, userdata.o(i.SceneEEPROMSave_Addr))
<BR><BR>[Called By]<UL><LI><a href="#[157]">&gt;&gt;</a>&nbsp;&nbsp;&nbsp;SceneEEPROM_Set
<LI><a href="#[fc]">&gt;&gt;</a>&nbsp;&nbsp;&nbsp;SceneEEPROM_Get
</UL>

<P><STRONG><a name="[152]"></a>SceneEEPROMSave_Seat</STRONG> (Thumb, 32 bytes, Stack size 0 bytes, userdata.o(i.SceneEEPROMSave_Seat))
<BR><BR>[Called By]<UL><LI><a href="#[151]">&gt;&gt;</a>&nbsp;&nbsp;&nbsp;SceneEEPROMData_Seat
<LI><a href="#[157]">&gt;&gt;</a>&nbsp;&nbsp;&nbsp;SceneEEPROM_Set
</UL>

<P><STRONG><a name="[e4]"></a>Flash_EOP</STRONG> (Thumb, 24 bytes, Stack size 0 bytes, flash.o(i.Flash_EOP))
<BR><BR>[Called By]<UL><LI><a href="#[e2]">&gt;&gt;</a>&nbsp;&nbsp;&nbsp;FLASH_ErasePage
</UL>

<P><STRONG><a name="[e3]"></a>Flash_Status</STRONG> (Thumb, 52 bytes, Stack size 0 bytes, flash.o(i.Flash_Status))
<BR><BR>[Called By]<UL><LI><a href="#[f2]">&gt;&gt;</a>&nbsp;&nbsp;&nbsp;Flash_Write
<LI><a href="#[e2]">&gt;&gt;</a>&nbsp;&nbsp;&nbsp;FLASH_ErasePage
</UL>

<P><STRONG><a name="[107]"></a>Delay_nNOP</STRONG> (Thumb, 26 bytes, Stack size 0 bytes, i2c.o(i.Delay_nNOP))
<BR><BR>[Called By]<UL><LI><a href="#[10b]">&gt;&gt;</a>&nbsp;&nbsp;&nbsp;I2C_WaitAck
<LI><a href="#[10d]">&gt;&gt;</a>&nbsp;&nbsp;&nbsp;I2C_Stop
<LI><a href="#[10c]">&gt;&gt;</a>&nbsp;&nbsp;&nbsp;I2C_Start
<LI><a href="#[10a]">&gt;&gt;</a>&nbsp;&nbsp;&nbsp;I2C_SendB_Ack
<LI><a href="#[109]">&gt;&gt;</a>&nbsp;&nbsp;&nbsp;I2C_RecvB_Ack
<LI><a href="#[106]">&gt;&gt;</a>&nbsp;&nbsp;&nbsp;I2C_ACK
</UL>

<P><STRONG><a name="[106]"></a>I2C_ACK</STRONG> (Thumb, 68 bytes, Stack size 8 bytes, i2c.o(i.I2C_ACK))
<BR><BR>[Stack]<UL><LI>Max Depth = 8<LI>Call Chain = I2C_ACK
</UL>
<BR>[Calls]<UL><LI><a href="#[107]">&gt;&gt;</a>&nbsp;&nbsp;&nbsp;Delay_nNOP
<LI><a href="#[a7]">&gt;&gt;</a>&nbsp;&nbsp;&nbsp;GPIOx_Set
<LI><a href="#[ac]">&gt;&gt;</a>&nbsp;&nbsp;&nbsp;GPIOx_Rst
</UL>
<BR>[Called By]<UL><LI><a href="#[109]">&gt;&gt;</a>&nbsp;&nbsp;&nbsp;I2C_RecvB_Ack
</UL>

<P><STRONG><a name="[109]"></a>I2C_RecvB_Ack</STRONG> (Thumb, 136 bytes, Stack size 16 bytes, i2c.o(i.I2C_RecvB_Ack))
<BR><BR>[Stack]<UL><LI>Max Depth = 36<LI>Call Chain = I2C_RecvB_Ack &rArr; GPIOx_Cfg
</UL>
<BR>[Calls]<UL><LI><a href="#[106]">&gt;&gt;</a>&nbsp;&nbsp;&nbsp;I2C_ACK
<LI><a href="#[107]">&gt;&gt;</a>&nbsp;&nbsp;&nbsp;Delay_nNOP
<LI><a href="#[a7]">&gt;&gt;</a>&nbsp;&nbsp;&nbsp;GPIOx_Set
<LI><a href="#[ac]">&gt;&gt;</a>&nbsp;&nbsp;&nbsp;GPIOx_Rst
<LI><a href="#[c4]">&gt;&gt;</a>&nbsp;&nbsp;&nbsp;GPIOx_Get
<LI><a href="#[a6]">&gt;&gt;</a>&nbsp;&nbsp;&nbsp;GPIOx_Cfg
</UL>
<BR>[Called By]<UL><LI><a href="#[114]">&gt;&gt;</a>&nbsp;&nbsp;&nbsp;IIC_Read
</UL>

<P><STRONG><a name="[10a]"></a>I2C_SendB_Ack</STRONG> (Thumb, 98 bytes, Stack size 16 bytes, i2c.o(i.I2C_SendB_Ack))
<BR><BR>[Stack]<UL><LI>Max Depth = 44<LI>Call Chain = I2C_SendB_Ack &rArr; I2C_WaitAck &rArr; GPIOx_Cfg
</UL>
<BR>[Calls]<UL><LI><a href="#[10b]">&gt;&gt;</a>&nbsp;&nbsp;&nbsp;I2C_WaitAck
<LI><a href="#[107]">&gt;&gt;</a>&nbsp;&nbsp;&nbsp;Delay_nNOP
<LI><a href="#[a7]">&gt;&gt;</a>&nbsp;&nbsp;&nbsp;GPIOx_Set
<LI><a href="#[ac]">&gt;&gt;</a>&nbsp;&nbsp;&nbsp;GPIOx_Rst
</UL>
<BR>[Called By]<UL><LI><a href="#[11b]">&gt;&gt;</a>&nbsp;&nbsp;&nbsp;IIC_WriteSame
<LI><a href="#[11a]">&gt;&gt;</a>&nbsp;&nbsp;&nbsp;IIC_Write
<LI><a href="#[114]">&gt;&gt;</a>&nbsp;&nbsp;&nbsp;IIC_Read
<LI><a href="#[111]">&gt;&gt;</a>&nbsp;&nbsp;&nbsp;IIC_GetState
</UL>

<P><STRONG><a name="[10c]"></a>I2C_Start</STRONG> (Thumb, 48 bytes, Stack size 8 bytes, i2c.o(i.I2C_Start))
<BR><BR>[Stack]<UL><LI>Max Depth = 8<LI>Call Chain = I2C_Start
</UL>
<BR>[Calls]<UL><LI><a href="#[107]">&gt;&gt;</a>&nbsp;&nbsp;&nbsp;Delay_nNOP
<LI><a href="#[a7]">&gt;&gt;</a>&nbsp;&nbsp;&nbsp;GPIOx_Set
<LI><a href="#[ac]">&gt;&gt;</a>&nbsp;&nbsp;&nbsp;GPIOx_Rst
</UL>
<BR>[Called By]<UL><LI><a href="#[11b]">&gt;&gt;</a>&nbsp;&nbsp;&nbsp;IIC_WriteSame
<LI><a href="#[11a]">&gt;&gt;</a>&nbsp;&nbsp;&nbsp;IIC_Write
<LI><a href="#[114]">&gt;&gt;</a>&nbsp;&nbsp;&nbsp;IIC_Read
<LI><a href="#[111]">&gt;&gt;</a>&nbsp;&nbsp;&nbsp;IIC_GetState
</UL>

<P><STRONG><a name="[10d]"></a>I2C_Stop</STRONG> (Thumb, 46 bytes, Stack size 8 bytes, i2c.o(i.I2C_Stop))
<BR><BR>[Stack]<UL><LI>Max Depth = 8<LI>Call Chain = I2C_Stop
</UL>
<BR>[Calls]<UL><LI><a href="#[107]">&gt;&gt;</a>&nbsp;&nbsp;&nbsp;Delay_nNOP
<LI><a href="#[a7]">&gt;&gt;</a>&nbsp;&nbsp;&nbsp;GPIOx_Set
<LI><a href="#[ac]">&gt;&gt;</a>&nbsp;&nbsp;&nbsp;GPIOx_Rst
</UL>
<BR>[Called By]<UL><LI><a href="#[11b]">&gt;&gt;</a>&nbsp;&nbsp;&nbsp;IIC_WriteSame
<LI><a href="#[11a]">&gt;&gt;</a>&nbsp;&nbsp;&nbsp;IIC_Write
<LI><a href="#[114]">&gt;&gt;</a>&nbsp;&nbsp;&nbsp;IIC_Read
<LI><a href="#[111]">&gt;&gt;</a>&nbsp;&nbsp;&nbsp;IIC_GetState
</UL>

<P><STRONG><a name="[10b]"></a>I2C_WaitAck</STRONG> (Thumb, 132 bytes, Stack size 8 bytes, i2c.o(i.I2C_WaitAck))
<BR><BR>[Stack]<UL><LI>Max Depth = 28<LI>Call Chain = I2C_WaitAck &rArr; GPIOx_Cfg
</UL>
<BR>[Calls]<UL><LI><a href="#[107]">&gt;&gt;</a>&nbsp;&nbsp;&nbsp;Delay_nNOP
<LI><a href="#[a7]">&gt;&gt;</a>&nbsp;&nbsp;&nbsp;GPIOx_Set
<LI><a href="#[ac]">&gt;&gt;</a>&nbsp;&nbsp;&nbsp;GPIOx_Rst
<LI><a href="#[c4]">&gt;&gt;</a>&nbsp;&nbsp;&nbsp;GPIOx_Get
<LI><a href="#[a6]">&gt;&gt;</a>&nbsp;&nbsp;&nbsp;GPIOx_Cfg
</UL>
<BR>[Called By]<UL><LI><a href="#[10a]">&gt;&gt;</a>&nbsp;&nbsp;&nbsp;I2C_SendB_Ack
</UL>

<P><STRONG><a name="[c2]"></a>Check_433M_Busy</STRONG> (Thumb, 146 bytes, Stack size 8 bytes, si4432.o(i.Check_433M_Busy))
<BR><BR>[Stack]<UL><LI>Max Depth = 140<LI>Call Chain = Check_433M_Busy &rArr; Si4432_Fault &rArr; Fault_Upload &rArr; FaultData_Save &rArr;  WriteDataToEEPROM (Cycle)
</UL>
<BR>[Calls]<UL><LI><a href="#[c3]">&gt;&gt;</a>&nbsp;&nbsp;&nbsp;Time_Get
<LI><a href="#[c5]">&gt;&gt;</a>&nbsp;&nbsp;&nbsp;Si4432_Fault
<LI><a href="#[c4]">&gt;&gt;</a>&nbsp;&nbsp;&nbsp;GPIOx_Get
</UL>
<BR>[Called By]<UL><LI><a href="#[41]">&gt;&gt;</a>&nbsp;&nbsp;&nbsp;Si4432_Send
</UL>

<P><STRONG><a name="[df]"></a>RecDataToFifo</STRONG> (Thumb, 430 bytes, Stack size 104 bytes, si4432.o(i.RecDataToFifo))
<BR><BR>[Stack]<UL><LI>Max Depth = 236<LI>Call Chain = RecDataToFifo &rArr; Si4432_Fault &rArr; Fault_Upload &rArr; FaultData_Save &rArr;  WriteDataToEEPROM (Cycle)
</UL>
<BR>[Calls]<UL><LI><a href="#[ea]">&gt;&gt;</a>&nbsp;&nbsp;&nbsp;Fault_Upload
<LI><a href="#[13c]">&gt;&gt;</a>&nbsp;&nbsp;&nbsp;fifo_puts
<LI><a href="#[142]">&gt;&gt;</a>&nbsp;&nbsp;&nbsp;fifo_putc
<LI><a href="#[144]">&gt;&gt;</a>&nbsp;&nbsp;&nbsp;Get_Sign433_TestPackNum
<LI><a href="#[143]">&gt;&gt;</a>&nbsp;&nbsp;&nbsp;Get_Sign433_MasterAddr
<LI><a href="#[c5]">&gt;&gt;</a>&nbsp;&nbsp;&nbsp;Si4432_Fault
<LI><a href="#[145]">&gt;&gt;</a>&nbsp;&nbsp;&nbsp;SetMode_RX
<LI><a href="#[141]">&gt;&gt;</a>&nbsp;&nbsp;&nbsp;SPI_RW_Reg
<LI><a href="#[c4]">&gt;&gt;</a>&nbsp;&nbsp;&nbsp;GPIOx_Get
</UL>
<BR>[Called By]<UL><LI><a href="#[35]">&gt;&gt;</a>&nbsp;&nbsp;&nbsp;EXTI15_10_IRQHandler
</UL>

<P><STRONG><a name="[4d]"></a>SI4432_SendEn</STRONG> (Thumb, 8 bytes, Stack size 0 bytes, si4432.o(i.SI4432_SendEn))
<BR><BR>[Called By]<UL><LI><a href="#[47]">&gt;&gt;</a>&nbsp;&nbsp;&nbsp;Si4432_Init
</UL>
<BR>[Address Reference Count : 1]<UL><LI> si4432.o(i.Si4432_Send)
</UL>
<P><STRONG><a name="[148]"></a>SI4432_Send_All_Data</STRONG> (Thumb, 162 bytes, Stack size 24 bytes, si4432.o(i.SI4432_Send_All_Data))
<BR><BR>[Stack]<UL><LI>Max Depth = 156<LI>Call Chain = SI4432_Send_All_Data &rArr; Si4432_Fault &rArr; Fault_Upload &rArr; FaultData_Save &rArr;  WriteDataToEEPROM (Cycle)
</UL>
<BR>[Calls]<UL><LI><a href="#[aa]">&gt;&gt;</a>&nbsp;&nbsp;&nbsp;delay_us
<LI><a href="#[147]">&gt;&gt;</a>&nbsp;&nbsp;&nbsp;Si4432_Idle
<LI><a href="#[c5]">&gt;&gt;</a>&nbsp;&nbsp;&nbsp;Si4432_Fault
<LI><a href="#[149]">&gt;&gt;</a>&nbsp;&nbsp;&nbsp;SetMode_TX
<LI><a href="#[145]">&gt;&gt;</a>&nbsp;&nbsp;&nbsp;SetMode_RX
<LI><a href="#[141]">&gt;&gt;</a>&nbsp;&nbsp;&nbsp;SPI_RW_Reg
</UL>
<BR>[Called By]<UL><LI><a href="#[41]">&gt;&gt;</a>&nbsp;&nbsp;&nbsp;Si4432_Send
</UL>

<P><STRONG><a name="[141]"></a>SPI_RW_Reg</STRONG> (Thumb, 44 bytes, Stack size 16 bytes, si4432.o(i.SPI_RW_Reg))
<BR><BR>[Stack]<UL><LI>Max Depth = 16<LI>Call Chain = SPI_RW_Reg
</UL>
<BR>[Calls]<UL><LI><a href="#[14c]">&gt;&gt;</a>&nbsp;&nbsp;&nbsp;SPI2_ReadWriteByte
<LI><a href="#[a7]">&gt;&gt;</a>&nbsp;&nbsp;&nbsp;GPIOx_Set
<LI><a href="#[ac]">&gt;&gt;</a>&nbsp;&nbsp;&nbsp;GPIOx_Rst
</UL>
<BR>[Called By]<UL><LI><a href="#[47]">&gt;&gt;</a>&nbsp;&nbsp;&nbsp;Si4432_Init
<LI><a href="#[147]">&gt;&gt;</a>&nbsp;&nbsp;&nbsp;Si4432_Idle
<LI><a href="#[149]">&gt;&gt;</a>&nbsp;&nbsp;&nbsp;SetMode_TX
<LI><a href="#[145]">&gt;&gt;</a>&nbsp;&nbsp;&nbsp;SetMode_RX
<LI><a href="#[148]">&gt;&gt;</a>&nbsp;&nbsp;&nbsp;SI4432_Send_All_Data
<LI><a href="#[df]">&gt;&gt;</a>&nbsp;&nbsp;&nbsp;RecDataToFifo
</UL>

<P><STRONG><a name="[145]"></a>SetMode_RX</STRONG> (Thumb, 80 bytes, Stack size 8 bytes, si4432.o(i.SetMode_RX))
<BR><BR>[Stack]<UL><LI>Max Depth = 24<LI>Call Chain = SetMode_RX &rArr; SPI_RW_Reg
</UL>
<BR>[Calls]<UL><LI><a href="#[141]">&gt;&gt;</a>&nbsp;&nbsp;&nbsp;SPI_RW_Reg
</UL>
<BR>[Called By]<UL><LI><a href="#[47]">&gt;&gt;</a>&nbsp;&nbsp;&nbsp;Si4432_Init
<LI><a href="#[148]">&gt;&gt;</a>&nbsp;&nbsp;&nbsp;SI4432_Send_All_Data
<LI><a href="#[df]">&gt;&gt;</a>&nbsp;&nbsp;&nbsp;RecDataToFifo
</UL>

<P><STRONG><a name="[149]"></a>SetMode_TX</STRONG> (Thumb, 28 bytes, Stack size 8 bytes, si4432.o(i.SetMode_TX))
<BR><BR>[Stack]<UL><LI>Max Depth = 24<LI>Call Chain = SetMode_TX &rArr; SPI_RW_Reg
</UL>
<BR>[Calls]<UL><LI><a href="#[141]">&gt;&gt;</a>&nbsp;&nbsp;&nbsp;SPI_RW_Reg
</UL>
<BR>[Called By]<UL><LI><a href="#[148]">&gt;&gt;</a>&nbsp;&nbsp;&nbsp;SI4432_Send_All_Data
</UL>

<P><STRONG><a name="[c5]"></a>Si4432_Fault</STRONG> (Thumb, 16 bytes, Stack size 8 bytes, si4432.o(i.Si4432_Fault))
<BR><BR>[Stack]<UL><LI>Max Depth = 132<LI>Call Chain = Si4432_Fault &rArr; Fault_Upload &rArr; FaultData_Save &rArr;  WriteDataToEEPROM (Cycle)
</UL>
<BR>[Calls]<UL><LI><a href="#[ea]">&gt;&gt;</a>&nbsp;&nbsp;&nbsp;Fault_Upload
</UL>
<BR>[Called By]<UL><LI><a href="#[148]">&gt;&gt;</a>&nbsp;&nbsp;&nbsp;SI4432_Send_All_Data
<LI><a href="#[df]">&gt;&gt;</a>&nbsp;&nbsp;&nbsp;RecDataToFifo
<LI><a href="#[c2]">&gt;&gt;</a>&nbsp;&nbsp;&nbsp;Check_433M_Busy
</UL>

<P><STRONG><a name="[168]"></a>Si4432_PortInit</STRONG> (Thumb, 106 bytes, Stack size 8 bytes, si4432.o(i.Si4432_PortInit))
<BR><BR>[Stack]<UL><LI>Max Depth = 44<LI>Call Chain = Si4432_PortInit &rArr; SPI2_Init &rArr; SPI2_Port_Init &rArr; GPIOx_Cfg
</UL>
<BR>[Calls]<UL><LI><a href="#[16a]">&gt;&gt;</a>&nbsp;&nbsp;&nbsp;SPI2_SetSpeed
<LI><a href="#[14a]">&gt;&gt;</a>&nbsp;&nbsp;&nbsp;SPI2_Init
<LI><a href="#[a7]">&gt;&gt;</a>&nbsp;&nbsp;&nbsp;GPIOx_Set
<LI><a href="#[a6]">&gt;&gt;</a>&nbsp;&nbsp;&nbsp;GPIOx_Cfg
</UL>
<BR>[Called By]<UL><LI><a href="#[47]">&gt;&gt;</a>&nbsp;&nbsp;&nbsp;Si4432_Init
</UL>

<P><STRONG><a name="[a5]"></a>ADC_PortInit</STRONG> (Thumb, 32 bytes, Stack size 8 bytes, adc.o(i.ADC_PortInit))
<BR><BR>[Stack]<UL><LI>Max Depth = 28<LI>Call Chain = ADC_PortInit &rArr; GPIOx_Cfg
</UL>
<BR>[Calls]<UL><LI><a href="#[a7]">&gt;&gt;</a>&nbsp;&nbsp;&nbsp;GPIOx_Set
<LI><a href="#[a6]">&gt;&gt;</a>&nbsp;&nbsp;&nbsp;GPIOx_Cfg
</UL>
<BR>[Called By]<UL><LI><a href="#[a4]">&gt;&gt;</a>&nbsp;&nbsp;&nbsp;ADC_Init
</UL>

<P><STRONG><a name="[b6]"></a>TP4056</STRONG> (Thumb, 28 bytes, Stack size 8 bytes, batteryexeattr.o(i.TP4056))
<BR><BR>[Stack]<UL><LI>Max Depth = 28<LI>Call Chain = TP4056 &rArr; GPIOx_Cfg
</UL>
<BR>[Calls]<UL><LI><a href="#[a6]">&gt;&gt;</a>&nbsp;&nbsp;&nbsp;GPIOx_Cfg
</UL>
<BR>[Called By]<UL><LI><a href="#[b5]">&gt;&gt;</a>&nbsp;&nbsp;&nbsp;Battery_Init
</UL>

<P><STRONG><a name="[b7]"></a>bubble_sort</STRONG> (Thumb, 52 bytes, Stack size 20 bytes, batteryexeattr.o(i.bubble_sort))
<BR><BR>[Stack]<UL><LI>Max Depth = 20<LI>Call Chain = bubble_sort
</UL>
<BR>[Called By]<UL><LI><a href="#[b5]">&gt;&gt;</a>&nbsp;&nbsp;&nbsp;Battery_Init
</UL>

<P><STRONG><a name="[120]"></a>MPU6050_Read</STRONG> (Thumb, 62 bytes, Stack size 16 bytes, mpu6050.o(i.MPU6050_Read))
<BR><BR>[Stack]<UL><LI>Max Depth = 52<LI>Call Chain = MPU6050_Read &rArr; IIC_GetByte &rArr; GPIOx_Cfg
</UL>
<BR>[Calls]<UL><LI><a href="#[118]">&gt;&gt;</a>&nbsp;&nbsp;&nbsp;IIC_WaitAck
<LI><a href="#[119]">&gt;&gt;</a>&nbsp;&nbsp;&nbsp;IIC_Stop
<LI><a href="#[116]">&gt;&gt;</a>&nbsp;&nbsp;&nbsp;IIC_Start
<LI><a href="#[117]">&gt;&gt;</a>&nbsp;&nbsp;&nbsp;IIC_SendByte
<LI><a href="#[113]">&gt;&gt;</a>&nbsp;&nbsp;&nbsp;IIC_NACK
<LI><a href="#[110]">&gt;&gt;</a>&nbsp;&nbsp;&nbsp;IIC_GetByte
</UL>
<BR>[Called By]<UL><LI><a href="#[ce]">&gt;&gt;</a>&nbsp;&nbsp;&nbsp;MPU6050_Init
</UL>

<P><STRONG><a name="[121]"></a>MPU6050_Write</STRONG> (Thumb, 46 bytes, Stack size 16 bytes, mpu6050.o(i.MPU6050_Write))
<BR><BR>[Stack]<UL><LI>Max Depth = 44<LI>Call Chain = MPU6050_Write &rArr; IIC_WaitAck &rArr; GPIOx_Cfg
</UL>
<BR>[Calls]<UL><LI><a href="#[118]">&gt;&gt;</a>&nbsp;&nbsp;&nbsp;IIC_WaitAck
<LI><a href="#[119]">&gt;&gt;</a>&nbsp;&nbsp;&nbsp;IIC_Stop
<LI><a href="#[116]">&gt;&gt;</a>&nbsp;&nbsp;&nbsp;IIC_Start
<LI><a href="#[117]">&gt;&gt;</a>&nbsp;&nbsp;&nbsp;IIC_SendByte
</UL>
<BR>[Called By]<UL><LI><a href="#[ce]">&gt;&gt;</a>&nbsp;&nbsp;&nbsp;MPU6050_Init
</UL>

<P><STRONG><a name="[10f]"></a>IIC_delay</STRONG> (Thumb, 10 bytes, Stack size 8 bytes, iic.o(i.IIC_delay))
<BR><BR>[Stack]<UL><LI>Max Depth = 8<LI>Call Chain = IIC_delay
</UL>
<BR>[Calls]<UL><LI><a href="#[aa]">&gt;&gt;</a>&nbsp;&nbsp;&nbsp;delay_us
</UL>
<BR>[Called By]<UL><LI><a href="#[10e]">&gt;&gt;</a>&nbsp;&nbsp;&nbsp;IIC_ACK
<LI><a href="#[118]">&gt;&gt;</a>&nbsp;&nbsp;&nbsp;IIC_WaitAck
<LI><a href="#[119]">&gt;&gt;</a>&nbsp;&nbsp;&nbsp;IIC_Stop
<LI><a href="#[116]">&gt;&gt;</a>&nbsp;&nbsp;&nbsp;IIC_Start
<LI><a href="#[117]">&gt;&gt;</a>&nbsp;&nbsp;&nbsp;IIC_SendByte
<LI><a href="#[113]">&gt;&gt;</a>&nbsp;&nbsp;&nbsp;IIC_NACK
<LI><a href="#[110]">&gt;&gt;</a>&nbsp;&nbsp;&nbsp;IIC_GetByte
</UL>

<P><STRONG><a name="[d2]"></a>ChargeCheck</STRONG> (Thumb, 26 bytes, Stack size 0 bytes, cube6.o(i.ChargeCheck))
<BR><BR>[Called By]<UL><LI><a href="#[3e]">&gt;&gt;</a>&nbsp;&nbsp;&nbsp;Cube6_SearchFace
</UL>

<P><STRONG><a name="[3d]"></a>ChargeComplete</STRONG> (Thumb, 22 bytes, Stack size 8 bytes, cube6.o(i.ChargeComplete))
<BR><BR>[Stack]<UL><LI>Max Depth = 80<LI>Call Chain = ChargeComplete &rArr; Thread_Login &rArr; Thread_Wake &rArr; memmove
</UL>
<BR>[Calls]<UL><LI><a href="#[bc]">&gt;&gt;</a>&nbsp;&nbsp;&nbsp;Thread_Login
<LI><a href="#[bb]">&gt;&gt;</a>&nbsp;&nbsp;&nbsp;ShakeMotor_Start
</UL>
<BR>[Called By]<UL><LI><a href="#[cc]">&gt;&gt;</a>&nbsp;&nbsp;&nbsp;VibratingAlert
</UL>
<BR>[Address Reference Count : 2]<UL><LI> cube6.o(i.ChargeComplete1)
<LI> cube6.o(i.ChargeCompleteDlr)
</UL>
<P><STRONG><a name="[3c]"></a>ChargeComplete1</STRONG> (Thumb, 46 bytes, Stack size 8 bytes, cube6.o(i.ChargeComplete1))
<BR><BR>[Stack]<UL><LI>Max Depth = 80<LI>Call Chain = ChargeComplete1 &rArr; Thread_Login &rArr; Thread_Wake &rArr; memmove
</UL>
<BR>[Calls]<UL><LI><a href="#[bc]">&gt;&gt;</a>&nbsp;&nbsp;&nbsp;Thread_Login
<LI><a href="#[be]">&gt;&gt;</a>&nbsp;&nbsp;&nbsp;ChargeCompleteDlr
<LI><a href="#[bd]">&gt;&gt;</a>&nbsp;&nbsp;&nbsp;ShakeMotor_Stop
</UL>
<BR>[Address Reference Count : 2]<UL><LI> cube6.o(i.ChargeComplete)
<LI> cube6.o(i.ChargeCompleteDlr)
</UL>
<P><STRONG><a name="[be]"></a>ChargeCompleteDlr</STRONG> (Thumb, 16 bytes, Stack size 8 bytes, cube6.o(i.ChargeCompleteDlr))
<BR><BR>[Stack]<UL><LI>Max Depth = 40<LI>Call Chain = ChargeCompleteDlr &rArr; Thread_Logout &rArr; memmove
</UL>
<BR>[Calls]<UL><LI><a href="#[bf]">&gt;&gt;</a>&nbsp;&nbsp;&nbsp;Thread_Logout
</UL>
<BR>[Called By]<UL><LI><a href="#[cc]">&gt;&gt;</a>&nbsp;&nbsp;&nbsp;VibratingAlert
<LI><a href="#[3c]">&gt;&gt;</a>&nbsp;&nbsp;&nbsp;ChargeComplete1
</UL>

<P><STRONG><a name="[d3]"></a>FindCurrentFace</STRONG> (Thumb, 196 bytes, Stack size 16 bytes, cube6.o(i.FindCurrentFace))
<BR><BR>[Stack]<UL><LI>Max Depth = 124<LI>Call Chain = FindCurrentFace &rArr; MPU6050_ReadAcce &rArr; IIC_ReadDataN &rArr; IIC_GetByte &rArr; GPIOx_Cfg
</UL>
<BR>[Calls]<UL><LI><a href="#[ed]">&gt;&gt;</a>&nbsp;&nbsp;&nbsp;MPU6050_ReadAcce
</UL>
<BR>[Called By]<UL><LI><a href="#[3e]">&gt;&gt;</a>&nbsp;&nbsp;&nbsp;Cube6_SearchFace
</UL>

<P><STRONG><a name="[193]"></a>_dadd1</STRONG> (Thumb, 0 bytes, Stack size unknown bytes, daddsub_clz.o(x$fpl$dadd), UNUSED)
<BR><BR>[Called By]<UL><LI><a href="#[192]">&gt;&gt;</a>&nbsp;&nbsp;&nbsp;_dsub
</UL>

<P><STRONG><a name="[18b]"></a>_dsub1</STRONG> (Thumb, 0 bytes, Stack size unknown bytes, daddsub_clz.o(x$fpl$dsub), UNUSED)
<BR><BR>[Called By]<UL><LI><a href="#[18a]">&gt;&gt;</a>&nbsp;&nbsp;&nbsp;_dadd
</UL>
<P>
<H3>
Undefined Global Symbols
</H3><HR></body></html>
