<html>
<body>
<pre>
<h1>礦ision Build Log</h1>
<h2>Tool Versions:</h2>
IDE-Version: μVision V5.20.0.0
Copyright (C) 2016 ARM Ltd and ARM Germany GmbH. All rights reserved.
License Information: m Microsoft, Microsoft, LIC=TIVHL-0ED2F-JI25S-LEGYA-AGN9Z-W47WG
 
Tool Versions:
Toolchain:       MDK-ARM Plus  Version: 5.20
Toolchain Path:  d:\Keil\ARM\ARMCC\Bin
C Compiler:      Armcc.exe V5.06 update 2 (build 183)
Assembler:       Armasm.exe V5.06 update 2 (build 183)
Linker/Locator:  ArmLink.exe V5.06 update 2 (build 183)
Library Manager: ArmAr.exe V5.06 update 2 (build 183)
Hex Converter:   FromElf.exe V5.06 update 2 (build 183)
CPU DLL:         SARMCM3.DLL V5.20
Dialog DLL:      DCM.DLL V1.13.7.0
Target DLL:      Segger\JL2CM3.dll V2.99.20.0
Dialog DLL:      TCM.DLL V1.14.9.0
 
<h2>Project:</h2>
E:\CompanyFiles\原始功能代码-功能实现\20160330系统库测试\20160601系统库测试设备端移植程序\280.IS6001-智能魔方(未验证)\Branches\Transition Upgrade package SRC\SRC_64K\Cube6_V2.05.02\Project\Cube6.uvprojx
Project File Date:  06/28/2016

<h2>Output:</h2>
*** Using Compiler 'V5.06 update 2 (build 183)', folder: 'd:\Keil\ARM\ARMCC\Bin'
Rebuild target 'STM32L151'
compiling BestFuLib.c...
assembling startup_stm32l1xx_md.s...
compiling Command.c...
compiling CMDProcess.c...
compiling CRC.c...
compiling system_stm32l1xx.c...
compiling FaultManage.c...
compiling Delay.c...
compiling EEPROM.c...
compiling Fifo.c...
compiling LinkScanFifo.c...
compiling FlashAttr.c...
compiling Linksimplest.c...
compiling Linksrc.c...
compiling LinkWRDC.c...
compiling MsgPackage.c...
compiling Sign433.c...
compiling Object.c...
compiling Scene&Group.c...
compiling Sign433Attr.c...
compiling SysTestAttr.c...
compiling Thread.c...
compiling UnitShare_Attr.c...
compiling SysExeAttr.c...
compiling Upload.c...
compiling Updata.c...
compiling UserData.c...
compiling DeviceReset.c...
compiling UserDataDownload.c...
compiling Gpio.c...
compiling Flash.c...
compiling I2C.C...
compiling Instruct.c...
compiling Program.c...
compiling SI4432.c...
compiling SPI.c...
compiling Sys.c...
compiling SysHard.c...
compiling SysTick.c...
compiling Usart.c...
compiling Test.c...
compiling WDG.c...
compiling Battery.c...
compiling ADC.c...
compiling BatteryExeAttr.c...
compiling LowPower.c...
compiling FlashSizeFlag.c...
compiling UnitCfg.c...
compiling main.c...
compiling ShakeMotor.c...
compiling MPU6050.c...
compiling IIC.c...
compiling Cube6ExeAttr.c...
compiling Cube6.c...
linking...
Program Size: Code=28864 RO-data=1524 RW-data=72 ZI-data=8288  
FromELF: creating hex file...
"..\Output\Cube6_A_V9999.axf" - 0 Error(s), 0 Warning(s).

<h2>Collection of Component include folders:</h2>
  E:\CompanyFiles\原始功能代码-功能实现\20160330系统库测试\20160601系统库测试设备端移植程序\280.IS6001-智能魔方(未验证)\Branches\Transition Upgrade package SRC\SRC_64K\Cube6_V2.05.02\Project\RTE
  d:\Keil\ARM\PACK\Keil\STM32L1xx_DFP\1.0.2\Device\Include

<h2>Collection of Component Files used:</h2>
Build Time Elapsed:  00:00:07
</pre>
</body>
</html>
