Component: ARM Compiler 5.06 update 2 (build 183) Tool: armlink [4d35b7]

==============================================================================

Section Cross References

    system_stm32l1xx.o(.text) refers to system_stm32l1xx.o(.data) for PLLMulTable
    startup_stm32l1xx_md.o(STACK) refers (Special) to heapauxi.o(.text) for __use_two_region_memory
    startup_stm32l1xx_md.o(HEAP) refers (Special) to heapauxi.o(.text) for __use_two_region_memory
    startup_stm32l1xx_md.o(RESET) refers (Special) to heapauxi.o(.text) for __use_two_region_memory
    startup_stm32l1xx_md.o(RESET) refers to startup_stm32l1xx_md.o(STACK) for __initial_sp
    startup_stm32l1xx_md.o(RESET) refers to startup_stm32l1xx_md.o(.text) for Reset_Handler
    startup_stm32l1xx_md.o(RESET) refers to systick.o(.text) for SysTick_Handler
    startup_stm32l1xx_md.o(RESET) refers to lowpower.o(.text) for EXTI0_IRQHandler
    startup_stm32l1xx_md.o(RESET) refers to usart.o(.text) for USART2_IRQHandler
    startup_stm32l1xx_md.o(RESET) refers to si4432.o(.text) for EXTI15_10_IRQHandler
    startup_stm32l1xx_md.o(.text) refers (Special) to heapauxi.o(.text) for __use_two_region_memory
    startup_stm32l1xx_md.o(.text) refers to system_stm32l1xx.o(.text) for SystemInit
    startup_stm32l1xx_md.o(.text) refers to __main.o(!!!main) for __main
    startup_stm32l1xx_md.o(.text) refers to startup_stm32l1xx_md.o(HEAP) for Heap_Mem
    startup_stm32l1xx_md.o(.text) refers to startup_stm32l1xx_md.o(STACK) for Stack_Mem
    devicereset.o(.text) refers to gpio.o(.text) for GPIOx_Get
    devicereset.o(.text) refers to thread.o(.text) for Thread_Login
    devicereset.o(.text) refers to userdata.o(.text) for UserEEPROMData_Init
    devicereset.o(.text) refers to unitshare_attr.o(.text) for Set_UnitChecking_Attr
    devicereset.o(.text) refers to devicereset.o(.data) for cnt
    i2c.o(.text) refers to gpio.o(.text) for GPIOx_Cfg
    program.o(.text) refers to flash.o(.text) for Flash_Unlock
    program.o(.text) refers to program.o(.constdata) for .constdata
    si4432.o(.text) refers to gpio.o(.text) for GPIOx_Rst
    si4432.o(.text) refers to spi.o(.text) for SPI2_ReadWriteByte
    si4432.o(.text) refers to delay.o(.text) for delay_ms
    si4432.o(.text) refers to updata.o(.text) for Channel_Get
    si4432.o(.text) refers to sys.o(.text) for Ex_NVIC_Config
    si4432.o(.text) refers to si4432.o(.data) for TestRecFlag
    si4432.o(.text) refers to si4432.o(.bss) for TestRecRSSI
    si4432.o(.text) refers to si4432.o(.constdata) for Si4432Cfg_Tab
    si4432.o(.text) refers to faultmanage.o(.text) for Fault_Upload
    si4432.o(.text) refers to dataencrypt.o(.text) for DecryptData
    si4432.o(.text) refers to sign433attr.o(.text) for Get_Sign433_MasterAddr
    si4432.o(.text) refers to command.o(.text) for head_put
    si4432.o(.text) refers to fifo.o(.text) for fifo_putc
    si4432.o(.text) refers to systick.o(.text) for Time_Get
    si4432.o(.text) refers to thread.o(.text) for Thread_Login
    si4432.o(.text) refers to cmdprocess.o(.bss) for rcv433_shortfifo
    spi.o(.text) refers to gpio.o(.text) for GPIOx_Cfg
    sys.o(.text) refers to sys.o(.emb_text) for WFI_SET
    syshard.o(.text) refers to devparttab.o(.text) for DevPivotalSetInit
    syshard.o(.text) refers to systick.o(.text) for SysTick_Init
    syshard.o(.text) refers to program.o(.text) for FlashEncryptionInit
    syshard.o(.text) refers to i2c.o(.text) for I2C_Init
    syshard.o(.text) refers to si4432.o(.text) for Si4432_Init
    syshard.o(.text) refers to userdata.o(.bss) for gSysData
    systick.o(.text) refers to system_stm32l1xx.o(.text) for Get_SysClk_FrqAndSrc
    systick.o(.text) refers to thread.o(.text) for Thread_RunCheck
    systick.o(.text) refers to systick.o(.data) for timer
    test.o(.text) refers to gpio.o(.text) for GPIOx_Cfg
    test.o(.text) refers to test.o(.data) for Test
    usart.o(.text) refers to gpio.o(.text) for GPIOx_Cfg
    usart.o(.text) refers to sys.o(.text) for MY_NVIC_Init
    usart.o(.text) refers to fifo.o(.text) for fifo_putc
    usart.o(.text) refers to cmdprocess.o(.bss) for rcv433fifo
    adc.o(.text) refers to gpio.o(.text) for GPIOx_Cfg
    adc.o(.text) refers to delay.o(.text) for delay_us
    battery.o(.text) refers to adc.o(.text) for ADC_TestPowerON
    battery.o(.text) refers to battery.o(.constdata) for VoltageTab
    batteryexeattr.o(.text) refers to gpio.o(.text) for GPIOx_Cfg
    batteryexeattr.o(.text) refers to adc.o(.text) for ADC_Init
    batteryexeattr.o(.text) refers to battery.o(.text) for Battery_GetPercent
    batteryexeattr.o(.text) refers to lowpower.o(.text) for Standby_Mode
    batteryexeattr.o(.text) refers to battery.o(.data) for gPowerPercent
    batteryexeattr.o(.text) refers to cube6.o(.bss) for CubeHandle
    lowpower.o(.text) refers to gpio.o(.text) for GPIOx_Cfg
    lowpower.o(.text) refers to sys.o(.emb_text) for DisableIRQ
    lowpower.o(.text) refers to cube6.o(.text) for Cube6_SaveEeprom
[...]
    .text                                    0x0800bafc   Section        0  linkwrdc.o(.text)
    .text                                    0x0800c00c   Section        0  msgpackage.o(.text)
    Msg_Package                              0x0800c08b   Thumb Code    74  msgpackage.o(.text)
    .text                                    0x0800c19c   Section        0  object.o(.text)
    Check_Repeat                             0x0800c20d   Thumb Code   186  object.o(.text)
    Short_Len                                0x0800c77d   Thumb Code    18  object.o(.text)
    ShortMsg_Check                           0x0800c78f   Thumb Code    24  object.o(.text)
    .text                                    0x0800c7f4   Section        0  scene&group.o(.text)
    .text                                    0x0800cab4   Section        0  systestattr.o(.text)
    .text                                    0x0800cb18   Section        0  userdatadownload.o(.text)
    .text                                    0x0800ccc8   Section        0  sign433.o(.text)
    .text                                    0x0800cd80   Section        0  deviceidsetattr.o(.text)
    .text                                    0x0800cee8   Section        0  linksimplest.o(.text)
    .text                                    0x0800d20c   Section        0  linksimplesttime.o(.text)
    .text                                    0x0800d4ac   Section        0  timehandle.o(.text)
    CheckTimePara                            0x0800d573   Thumb Code   130  timehandle.o(.text)
    CheckTimeParaIsOK                        0x0800d607   Thumb Code    62  timehandle.o(.text)
    .text                                    0x0800d66c   Section       78  rt_memclr_w.o(.text)
    .text                                    0x0800d6ba   Section        0  heapauxi.o(.text)
    .text                                    0x0800d6c0   Section       74  sys_stackheap_outer.o(.text)
    .text                                    0x0800d70a   Section        0  exit.o(.text)
    .text                                    0x0800d71c   Section        8  libspace.o(.text)
    .text                                    0x0800d724   Section        0  sys_exit.o(.text)
    .text                                    0x0800d730   Section        2  use_no_semi.o(.text)
    .text                                    0x0800d732   Section        0  indicate_semi.o(.text)
    i.DecryptionFlash                        0x0800d734   Section        0  scene&group.o(i.DecryptionFlash)
    i.VibratingAlert                         0x0800d774   Section        0  cube6.o(i.VibratingAlert)
    x$fpl$dadd                               0x0800d794   Section      336  daddsub_clz.o(x$fpl$dadd)
    _dadd1                                   0x0800d7a5   Thumb Code     0  daddsub_clz.o(x$fpl$dadd)
    x$fpl$ddiv                               0x0800d8e4   Section      688  ddiv.o(x$fpl$ddiv)
    ddiv_entry                               0x0800d8eb   Thumb Code     0  ddiv.o(x$fpl$ddiv)
    x$fpl$dfix                               0x0800db94   Section       94  dfix.o(x$fpl$dfix)
    x$fpl$dfixu                              0x0800dbf4   Section       90  dfixu.o(x$fpl$dfixu)
    x$fpl$dflt                               0x0800dc4e   Section       46  dflt_clz.o(x$fpl$dflt)
    x$fpl$dfltu                              0x0800dc7c   Section       38  dflt_clz.o(x$fpl$dfltu)
    x$fpl$dmul                               0x0800dca4   Section      340  dmul.o(x$fpl$dmul)
    x$fpl$dnaninf                            0x0800ddf8   Section      156  dnaninf.o(x$fpl$dnaninf)
    x$fpl$dretinf                            0x0800de94   Section       12  dretinf.o(x$fpl$dretinf)
    x$fpl$dsub                               0x0800dea0   Section      468  daddsub_clz.o(x$fpl$dsub)
    _dsub1                                   0x0800deb1   Thumb Code     0  daddsub_clz.o(x$fpl$dsub)
    x$fpl$f2d                                0x0800e074   Section       86  f2d.o(x$fpl$f2d)
    x$fpl$fflt                               0x0800e0cc   Section       48  fflt_clz.o(x$fpl$fflt)
    x$fpl$fnaninf                            0x0800e0fc   Section      140  fnaninf.o(x$fpl$fnaninf)
    .constdata                               0x0800e188   Section        8  program.o(.constdata)
    x$fpl$usenofp                            0x0800e188   Section        0  usenofp.o(x$fpl$usenofp)
    .constdata                               0x0800e190   Section       30  si4432.o(.constdata)
    randWait_Tab                             0x0800e1a6   Data           8  si4432.o(.constdata)
    .constdata                               0x0800e1ae   Section       22  battery.o(.constdata)
    .constdata                               0x0800e1c4   Section       40  unitcfg.o(.constdata)
    .constdata                               0x0800e1ec   Section       60  cube6exeattr.o(.constdata)
    .constdata                               0x0800e228   Section       12  command.o(.constdata)
    .constdata                               0x0800e234   Section      740  sysexeattr.o(.constdata)
    .constdata                               0x0800e518   Section       16  dataencrypt.o(.constdata)
    .constdata                               0x0800e528   Section       72  devparttab.o(.constdata)
    .constdata                               0x0800e570   Section      512  crc.o(.constdata)
    .data                                    0x20000000   Section       25  system_stm32l1xx.o(.data)
    .data                                    0x2000001c   Section        4  devicereset.o(.data)
    cnt                                      0x2000001c   Data           4  devicereset.o(.data)
    .data                                    0x20000020   Section       10  si4432.o(.data)
    SI4432_RSSI                              0x20000020   Data           1  si4432.o(.data)
    SI4432SendEn                             0x20000021   Data           1  si4432.o(.data)
    seat                                     0x20000023   Data           1  si4432.o(.data)
    busyTime                                 0x20000024   Data           2  si4432.o(.data)
    idleTime                                 0x20000026   Data           2  si4432.o(.data)
    rand                                     0x20000028   Data           2  si4432.o(.data)
    .data                                    0x2000002c   Section        8  systick.o(.data)
    timer                                    0x2000002c   Data           4  systick.o(.data)
    RandTime                                 0x20000030   Data           4  systick.o(.data)
    .data                                    0x20000034   Section        4  test.o(.data)
    .data                                    0x20000038   Section        1  battery.o(.data)
    .data                                    0x2000003a   Section        2  lowpower.o(.data)
    LowPowerTimeCount                        0x2000003a   Data           2  lowpower.o(.data)
    .data                                    0x2000003c   Section        3  shakemotor.o(.data)
    run_count                                0x2000003d   Data           1  shakemotor.o(.data)
    stop_count                               0x2000003e   Data           1  shakemotor.o(.data)
    .data                                    0x20000040   Section       26  cube6.o(.data)
    UpFaceTab                                0x20000040   Data          18  cube6.o(.data)
    ChargeFlag                               0x20000054   Data           4  cube6.o(.data)
    CubeFaceBackup                           0x20000058   Data           1  cube6.o(.data)
    DebounceTimes                            0x20000059   Data           1  cube6.o(.data)
    .data                                    0x2000005c   Section      268  updata.o(.data)
    .data                                    0x20000168   Section        1  upload.o(.data)
    Fault                                    0x20000168   Data           1  upload.o(.data)
    .data                                    0x2000016c   Section        5  userdata.o(.data)
    pSceneManage                             0x2000016c   Data           4  userdata.o(.data)
    cnt                                      0x20000170   Data           1  userdata.o(.data)
    .data                                    0x20000171   Section        8  dataencrypt.o(.data)
    DevMac                                   0x20000171   Data           4  dataencrypt.o(.data)
    ActiveKey                                0x20000175   Data           4  dataencrypt.o(.data)
    .data                                    0x2000017c   Section        4  devparttab.o(.data)
    pDevPivotalSet                           0x2000017c   Data           4  devparttab.o(.data)
    .data                                    0x20000180   Section        5  object.o(.data)
    seat                                     0x20000184   Data           1  object.o(.data)
    .data                                    0x20000185   Section        2  sign433.o(.data)
    SendCount                                0x20000186   Data           1  sign433.o(.data)
    .bss                                     0x20000188   Section      100  si4432.o(.bss)
    .bss                                     0x200001ec   Section       20  unitcfg.o(.bss)
    .bss                                     0x20000200   Section       12  cube6.o(.bss)
    .bss                                     0x2000020c   Section     3456  cmdprocess.o(.bss)
    sendBuf                                  0x2000062c   Data        1024  cmdprocess.o(.bss)
    sendshortBuf                             0x20000cec   Data         128  cmdprocess.o(.bss)
    .bss                                     0x20000f8c   Section      144  linkscanfifo.o(.bss)
    .bss                                     0x2000101c   Section      324  thread.o(.bss)
    thread                                   0x2000101c   Data         324  thread.o(.bss)
    .bss                                     0x20001160   Section       44  updata.o(.bss)
    .bss                                     0x2000118c   Section      288  upload.o(.bss)
    UploadUnit                               0x2000118c   Data         288  upload.o(.bss)
    .bss                                     0x200012ac   Section      575  userdata.o(.bss)
    sceneManage                              0x200012cb   Data         544  userdata.o(.bss)
    .bss                                     0x200014ec   Section      320  object.o(.bss)
    RData                                    0x200014ec   Data         320  object.o(.bss)
    .bss                                     0x2000162c   Section      140  userdatadownload.o(.bss)
    .bss                                     0x200016b8   Section       12  sign433.o(.bss)
    .bss                                     0x200016c4   Section     1651  linksimplest.o(.bss)
    .bss                                     0x20001d37   Section      351  linksimplesttime.o(.bss)
    .bss                                     0x20001e98   Section       96  libspace.o(.bss)
    HEAP                                     0x20001ef8   Section      512  startup_stm32l1xx_md.o(HEAP)
    Heap_Mem                                 0x20001ef8   Data         512  startup_stm32l1xx_md.o(HEAP)
    STACK                                    0x200020f8   Section     1536  startup_stm32l1xx_md.o(STACK)
    Stack_Mem                                0x200020f8   Data        1536  startup_stm32l1xx_md.o(STACK)
    __initial_sp                             0x200026f8   Data           0  startup_stm32l1xx_md.o(STACK)

    Global Symbols

    Symbol Name                              Value     Ov Type        Size  Object(Section)

    BuildAttributes$$THM_ISAv4$P$D$K$B$S$PE$A:L22UL41UL21$X:L11$S22US41US21$IEEE1$IW$USESV6$~STKCKD$USESV7$~SHL$OSPACE$ROPI$EBA8$UX$STANDARDLIB$REQ8$PRES8$EABIv2 0x00000000   Number         0  anon$$obj.o ABSOLUTE
    __ARM_use_no_argv                        0x00000000   Number         0  main.o ABSOLUTE
    __ARM_exceptions_init                     - Undefined Weak Reference
    __alloca_initialize                       - Undefined Weak Reference
    __arm_preinit_                            - Undefined Weak Reference
    __cpp_initialize__aeabi_                  - Undefined Weak Reference
    __cxa_finalize                            - Undefined Weak Reference
    __rt_locale                               - Undefined Weak Reference
    __sigvec_lookup                           - Undefined Weak Reference
    _atexit_init                              - Undefined Weak Reference
    _call_atexit_fns                          - Undefined Weak Reference
    _clock_init                               - Undefined Weak Reference
    _fp_trap_init                             - Undefined Weak Reference
    _fp_trap_shutdown                         - Undefined Weak Reference
    _get_lc_collate                           - Undefined Weak Reference
    _get_lc_ctype                             - Undefined Weak Reference
    _get_lc_monetary                          - Undefined Weak Reference
    _get_lc_numeric                           - Undefined Weak Reference
    _get_lc_time                              - Undefined Weak Reference
    _getenv_init                              - Undefined Weak Reference
    _handle_redirection                       - Undefined Weak Reference
    _init_alloc                               - Undefined Weak Reference
    _init_user_alloc                          - Undefined Weak Reference
    _initio                                   - Undefined Weak Reference
    _rand_init                                - Undefined Weak Reference
    _signal_finish                            - Undefined Weak Reference
    _signal_init                              - Undefined Weak Reference
    _terminate_alloc                          - Undefined Weak Reference
    _terminate_user_alloc                     - Undefined Weak Reference
    _terminateio                              - Undefined Weak Reference
    __Vectors_Size                           0x000000f4   Number         0  startup_stm32l1xx_md.o ABSOLUTE
    __Vectors                                0x08005400   Data           4  startup_stm32l1xx_md.o(RESET)
    __Vectors_End                            0x080054f4   Data           0  startup_stm32l1xx_md.o(RESET)
    __main                                   0x080054f5   Thumb Code     8  __main.o(!!!main)
    __scatterload                            0x080054fd   Thumb Code     0  __scatter.o(!!!scatter)
    __scatterload_rt2                        0x080054fd   Thumb Code    44  __scatter.o(!!!scatter)
    __scatterload_rt2_thumb_only             0x080054fd   Thumb Code     0  __scatter.o(!!!scatter)
    __scatterload_null                       0x0800550b   Thumb Code     0  __scatter.o(!!!scatter)
    __decompress                             0x08005531   Thumb Code    58  __dczerorl.o(!!dczerorl)
    __decompress0                            0x08005531   Thumb Code     0  __dczerorl.o(!!dczerorl)
    __scatterload_zeroinit                   0x0800556d   Thumb Code    28  __scatter_zi.o(!!handler_zi)
    __rt_lib_init                            0x08005589   Thumb Code     0  libinit.o(.ARM.Collect$$libinit$$00000000)
    __rt_lib_init_alloca_1                   0x0800558b   Thumb Code     0  libinit2.o(.ARM.Collect$$libinit$$0000002E)
    __rt_lib_init_argv_1                     0x0800558b   Thumb Code     0  libinit2.o(.ARM.Collect$$libinit$$0000002C)
    __rt_lib_init_atexit_1                   0x0800558b   Thumb Code     0  libinit2.o(.ARM.Collect$$libinit$$0000001B)
    __rt_lib_init_clock_1                    0x0800558b   Thumb Code     0  libinit2.o(.ARM.Collect$$libinit$$00000021)
    __rt_lib_init_cpp_1                      0x0800558b   Thumb Code     0  libinit2.o(.ARM.Collect$$libinit$$00000032)
    __rt_lib_init_exceptions_1               0x0800558b   Thumb Code     0  libinit2.o(.ARM.Collect$$libinit$$00000030)
    __rt_lib_init_fp_1                       0x0800558b   Thumb Code     0  libinit2.o(.ARM.Collect$$libinit$$00000002)
    __rt_lib_init_fp_trap_1                  0x0800558b   Thumb Code     0  libinit2.o(.ARM.Collect$$libinit$$0000001F)
    __rt_lib_init_getenv_1                   0x0800558b   Thumb Code     0  libinit2.o(.ARM.Collect$$libinit$$00000023)
    __rt_lib_init_heap_1                     0x0800558b   Thumb Code     0  libinit2.o(.ARM.Collect$$libinit$$0000000A)
    __rt_lib_init_lc_collate_1               0x0800558b   Thumb Code     0  libinit2.o(.ARM.Collect$$libinit$$00000011)
    __rt_lib_init_lc_ctype_1                 0x0800558b   Thumb Code     0  libinit2.o(.ARM.Collect$$libinit$$00000013)
    __rt_lib_init_lc_monetary_1              0x0800558b   Thumb Code     0  libinit2.o(.ARM.Collect$$libinit$$00000015)
    __rt_lib_init_lc_numeric_1               0x0800558b   Thumb Code     0  libinit2.o(.ARM.Collect$$libinit$$00000017)
    __rt_lib_init_lc_time_1                  0x0800558b   Thumb Code     0  libinit2.o(.ARM.Collect$$libinit$$00000019)
    __rt_lib_init_preinit_1                  0x0800558b   Thumb Code     0  libinit2.o(.ARM.Collect$$libinit$$00000004)
    __rt_lib_init_rand_1                     0x0800558b   Thumb Code     0  libinit2.o(.ARM.Collect$$libinit$$0000000E)
    __rt_lib_init_return                     0x0800558b   Thumb Code     0  libinit2.o(.ARM.Collect$$libinit$$00000033)
    __rt_lib_init_signal_1                   0x0800558b   Thumb Code     0  libinit2.o(.ARM.Collect$$libinit$$0000001D)
    __rt_lib_init_stdio_1                    0x0800558b   Thumb Code     0  libinit2.o(.ARM.Collect$$libinit$$00000025)
    __rt_lib_init_user_alloc_1               0x0800558b   Thumb Code     0  libinit2.o(.ARM.Collect$$libinit$$0000000C)
    __rt_lib_shutdown                        0x0800558d   Thumb Code     0  libshutdown.o(.ARM.Collect$$libshutdown$$00000000)
    __rt_lib_shutdown_cpp_1                  0x0800558f   Thumb Code     0  libshutdown2.o(.ARM.Collect$$libshutdown$$00000002)
    __rt_lib_shutdown_fp_trap_1              0x0800558f   Thumb Code     0  libshutdown2.o(.ARM.Collect$$libshutdown$$00000007)
    __rt_lib_shutdown_heap_1                 0x0800558f   Thumb Code     0  libshutdown2.o(.ARM.Collect$$libshutdown$$0000000F)
    __rt_lib_shutdown_return                 0x0800558f   Thumb Code     0  libshutdown2.o(.ARM.Collect$$libshutdown$$00000010)
    __rt_lib_shutdown_signal_1               0x0800558f   Thumb Code     0  libshutdown2.o(.ARM.Collect$$libshutdown$$0000000A)
    __rt_lib_shutdown_stdio_1                0x0800558f   Thumb Code     0  libshutdown2.o(.ARM.Collect$$libshutdown$$00000004)
    __rt_lib_shutdown_user_alloc_1           0x0800558f   Thumb Code     0  libshutdown2.o(.ARM.Collect$$libshutdown$$0000000C)
    __rt_entry                               0x08005591   Thumb Code     0  __rtentry.o(.ARM.Collect$$rtentry$$00000000)
    __rt_entry_presh_1                       0x08005591   Thumb Code     0  __rtentry2.o(.ARM.Collect$$rtentry$$00000002)
    __rt_entry_sh                            0x08005591   Thumb Code     0  __rtentry4.o(.ARM.Collect$$rtentry$$00000004)
    __rt_entry_li                            0x08005597   Thumb Code     0  __rtentry2.o(.ARM.Collect$$rtentry$$0000000A)
    __rt_entry_postsh_1                      0x08005597   Thumb Code     0  __rtentry2.o(.ARM.Collect$$rtentry$$00000009)
    __rt_entry_main                          0x0800559b   Thumb Code     0  __rtentry2.o(.ARM.Collect$$rtentry$$0000000D)
    __rt_entry_postli_1                      0x0800559b   Thumb Code     0  __rtentry2.o(.ARM.Collect$$rtentry$$0000000C)
    __rt_exit                                0x080055a3   Thumb Code     0  rtexit.o(.ARM.Collect$$rtexit$$00000000)
    __rt_exit_ls                             0x080055a5   Thumb Code     0  rtexit2.o(.ARM.Collect$$rtexit$$00000003)
    __rt_exit_prels_1                        0x080055a5   Thumb Code     0  rtexit2.o(.ARM.Collect$$rtexit$$00000002)
    __rt_exit_exit                           0x080055a9   Thumb Code     0  rtexit2.o(.ARM.Collect$$rtexit$$00000004)
    DisableIRQ                               0x080055b1   Thumb Code     4  sys.o(.emb_text)
    EnableIRQ                                0x080055b5   Thumb Code     4  sys.o(.emb_text)
    WFI_SET                                  0x080055b9   Thumb Code     2  sys.o(.emb_text)
    INTX_DISABLE                             0x080055bb   Thumb Code     2  sys.o(.emb_text)
    INTX_ENABLE                              0x080055bd   Thumb Code     2  sys.o(.emb_text)
    Set_MSP                                  0x080055bf   Thumb Code     6  sys.o(.emb_text)
    CPU_SR_Restore                           0x080055c5   Thumb Code     6  sys.o(.emb_text)
    CPU_SR_Save                              0x080055cb   Thumb Code     8  sys.o(.emb_text)
    SystemInit                               0x080057eb   Thumb Code    88  system_stm32l1xx.o(.text)
    Get_SysClk_FrqAndSrc                     0x08005843   Thumb Code   214  system_stm32l1xx.o(.text)
    Reset_Handler                            0x08005945   Thumb Code     8  startup_stm32l1xx_md.o(.text)
    NMI_Handler                              0x0800594d   Thumb Code     2  startup_stm32l1xx_md.o(.text)
    HardFault_Handler                        0x0800594f   Thumb Code     2  startup_stm32l1xx_md.o(.text)
    MemManage_Handler                        0x08005951   Thumb Code     2  startup_stm32l1xx_md.o(.text)
    BusFault_Handler                         0x08005953   Thumb Code     2  startup_stm32l1xx_md.o(.text)
    UsageFault_Handler                       0x08005955   Thumb Code     2  startup_stm32l1xx_md.o(.text)
    SVC_Handler                              0x08005957   Thumb Code     2  startup_stm32l1xx_md.o(.text)
    DebugMon_Handler                         0x08005959   Thumb Code     2  startup_stm32l1xx_md.o(.text)
    PendSV_Handler                           0x0800595b   Thumb Code     2  startup_stm32l1xx_md.o(.text)
    ADC1_IRQHandler                          0x0800595f   Thumb Code     0  startup_stm32l1xx_md.o(.text)
    COMP_IRQHandler                          0x0800595f   Thumb Code     0  startup_stm32l1xx_md.o(.text)
    DAC_IRQHandler                           0x0800595f   Thumb Code     0  startup_stm32l1xx_md.o(.text)
    DMA1_Channel1_IRQHandler                 0x0800595f   Thumb Code     0  startup_stm32l1xx_md.o(.text)
    DMA1_Channel2_IRQHandler                 0x0800595f   Thumb Code     0  startup_stm32l1xx_md.o(.text)
    DMA1_Channel3_IRQHandler                 0x0800595f   Thumb Code     0  startup_stm32l1xx_md.o(.text)
    DMA1_Channel4_IRQHandler                 0x0800595f   Thumb Code     0  startup_stm32l1xx_md.o(.text)
    DMA1_Channel5_IRQHandler                 0x0800595f   Thumb Code     0  startup_stm32l1xx_md.o(.text)
    DMA1_Channel6_IRQHandler                 0x0800595f   Thumb Code     0  startup_stm32l1xx_md.o(.text)
    DMA1_Channel7_IRQHandler                 0x0800595f   Thumb Code     0  startup_stm32l1xx_md.o(.text)
    EXTI1_IRQHandler                         0x0800595f   Thumb Code     0  startup_stm32l1xx_md.o(.text)
    EXTI2_IRQHandler                         0x0800595f   Thumb Code     0  startup_stm32l1xx_md.o(.text)
    EXTI3_IRQHandler                         0x0800595f   Thumb Code     0  startup_stm32l1xx_md.o(.text)
    EXTI4_IRQHandler                         0x0800595f   Thumb Code     0  startup_stm32l1xx_md.o(.text)
    EXTI9_5_IRQHandler                       0x0800595f   Thumb Code     0  startup_stm32l1xx_md.o(.text)
    FLASH_IRQHandler                         0x0800595f   Thumb Code     0  startup_stm32l1xx_md.o(.text)
    I2C1_ER_IRQHandler                       0x0800595f   Thumb Code     0  startup_stm32l1xx_md.o(.text)
    I2C1_EV_IRQHandler                       0x0800595f   Thumb Code     0  startup_stm32l1xx_md.o(.text)
    I2C2_ER_IRQHandler                       0x0800595f   Thumb Code     0  startup_stm32l1xx_md.o(.text)
    I2C2_EV_IRQHandler                       0x0800595f   Thumb Code     0  startup_stm32l1xx_md.o(.text)
    LCD_IRQHandler                           0x0800595f   Thumb Code     0  startup_stm32l1xx_md.o(.text)
    PVD_IRQHandler                           0x0800595f   Thumb Code     0  startup_stm32l1xx_md.o(.text)
    RCC_IRQHandler                           0x0800595f   Thumb Code     0  startup_stm32l1xx_md.o(.text)
    RTC_Alarm_IRQHandler                     0x0800595f   Thumb Code     0  startup_stm32l1xx_md.o(.text)
    RTC_WKUP_IRQHandler                      0x0800595f   Thumb Code     0  startup_stm32l1xx_md.o(.text)
    SPI1_IRQHandler                          0x0800595f   Thumb Code     0  startup_stm32l1xx_md.o(.text)
    SPI2_IRQHandler                          0x0800595f   Thumb Code     0  startup_stm32l1xx_md.o(.text)
    TAMPER_STAMP_IRQHandler                  0x0800595f   Thumb Code     0  startup_stm32l1xx_md.o(.text)
    TIM10_IRQHandler                         0x0800595f   Thumb Code     0  startup_stm32l1xx_md.o(.text)
    TIM11_IRQHandler                         0x0800595f   Thumb Code     0  startup_stm32l1xx_md.o(.text)
    TIM2_IRQHandler                          0x0800595f   Thumb Code     0  startup_stm32l1xx_md.o(.text)
    TIM3_IRQHandler                          0x0800595f   Thumb Code     0  startup_stm32l1xx_md.o(.text)
    TIM4_IRQHandler                          0x0800595f   Thumb Code     0  startup_stm32l1xx_md.o(.text)
    TIM6_IRQHandler                          0x0800595f   Thumb Code     0  startup_stm32l1xx_md.o(.text)
    TIM7_IRQHandler                          0x0800595f   Thumb Code     0  startup_stm32l1xx_md.o(.text)
    TIM9_IRQHandler                          0x0800595f   Thumb Code     0  startup_stm32l1xx_md.o(.text)
    USART1_IRQHandler                        0x0800595f   Thumb Code     0  startup_stm32l1xx_md.o(.text)
    USART3_IRQHandler                        0x0800595f   Thumb Code     0  startup_stm32l1xx_md.o(.text)
    USB_FS_WKUP_IRQHandler                   0x0800595f   Thumb Code     0  startup_stm32l1xx_md.o(.text)
    USB_HP_IRQHandler                        0x0800595f   Thumb Code     0  startup_stm32l1xx_md.o(.text)
    USB_LP_IRQHandler                        0x0800595f   Thumb Code     0  startup_stm32l1xx_md.o(.text)
    WWDG_IRQHandler                          0x0800595f   Thumb Code     0  startup_stm32l1xx_md.o(.text)
    __user_initial_stackheap                 0x08005961   Thumb Code     0  startup_stm32l1xx_md.o(.text)
    DeviceResetCheck_Init                    0x080059db   Thumb Code    38  devicereset.o(.text)
    DATA_EEPROM_Unlock                       0x08005a0d   Thumb Code    24  flash.o(.text)
    Flash_Unlock                             0x08005a25   Thumb Code    30  flash.o(.text)
    Flash_lock                               0x08005a43   Thumb Code    14  flash.o(.text)
    FLASH_ErasePage                          0x08005aa7   Thumb Code    86  flash.o(.text)
    Flash_Write                              0x08005afd   Thumb Code    58  flash.o(.text)
    GPIOx_Cfg                                0x08005b4d   Thumb Code   144  gpio.o(.text)
    GPIOx_AF                                 0x08005bdd   Thumb Code    92  gpio.o(.text)
    GPIOx_Set                                0x08005c39   Thumb Code    20  gpio.o(.text)
    GPIOx_Rst                                0x08005c4d   Thumb Code    14  gpio.o(.text)
    GPIOx_Rvrs                               0x08005c5b   Thumb Code    14  gpio.o(.text)
    GPIOx_Get                                0x08005c69   Thumb Code    14  gpio.o(.text)
    I2C_Init                                 0x08005c9b   Thumb Code    40  i2c.o(.text)
    IIC_GetState                             0x08005ed3   Thumb Code    40  i2c.o(.text)
    IIC_Read                                 0x08005efb   Thumb Code   102  i2c.o(.text)
    IIC_Write                                0x08005f61   Thumb Code    96  i2c.o(.text)
    IIC_WriteSame                            0x08005fc1   Thumb Code    94  i2c.o(.text)
    Instruct_Init                            0x0800601f   Thumb Code     2  instruct.o(.text)
    Instruct                                 0x08006021   Thumb Code     2  instruct.o(.text)
    Instruct_Run                             0x08006023   Thumb Code     2  instruct.o(.text)
    Program_Erase                            0x08006025   Thumb Code    62  program.o(.text)
    Program_Write                            0x08006063   Thumb Code    48  program.o(.text)
    Program_Read                             0x08006093   Thumb Code    22  program.o(.text)
    Program_WriteEx                          0x080060a9   Thumb Code   232  program.o(.text)
    FlashEncryptionInit                      0x08006191   Thumb Code   110  program.o(.text)
    Get_UniqueDeviceID                       0x080061ff   Thumb Code    20  program.o(.text)
    Flash_DefaultValue                       0x08006213   Thumb Code     4  program.o(.text)
    Flash_PageSize                           0x08006217   Thumb Code     6  program.o(.text)
    Flash_ChipSize                           0x0800621d   Thumb Code     8  program.o(.text)
    SetRecTestStatus                         0x08006245   Thumb Code    14  si4432.o(.text)
    GetRSSIPara                              0x08006253   Thumb Code     4  si4432.o(.text)
    GetThresholdPara                         0x08006257   Thumb Code     4  si4432.o(.text)
    Si4432_Idle                              0x08006349   Thumb Code    70  si4432.o(.text)
    Si4432_Init                              0x0800638f   Thumb Code   698  si4432.o(.text)
    EXTI15_10_IRQHandler                     0x08006927   Thumb Code    20  si4432.o(.text)
    Si4432_Send                              0x080069cd   Thumb Code    72  si4432.o(.text)
    SPI2_Port_Init                           0x08006a49   Thumb Code    28  spi.o(.text)
    SPI2_ReadWriteByte                       0x08006a65   Thumb Code    86  spi.o(.text)
    SPI2_Init                                0x08006abb   Thumb Code   142  spi.o(.text)
    SPI2_SetSpeed                            0x08006b49   Thumb Code    42  spi.o(.text)
    MY_NVIC_SetVectorTable                   0x08006b7d   Thumb Code    12  sys.o(.text)
    MY_NVIC_PriorityGroupConfig              0x08006b89   Thumb Code    36  sys.o(.text)
    MY_NVIC_Init                             0x08006bad   Thumb Code    68  sys.o(.text)
    Ex_NVIC_Config                           0x08006bf1   Thumb Code   144  sys.o(.text)
    MYRCC_DeInit                             0x08006c81   Thumb Code   112  sys.o(.text)
    Sys_Standby                              0x08006cf1   Thumb Code    72  sys.o(.text)
    Sys_Soft_Reset                           0x08006d39   Thumb Code    12  sys.o(.text)
    JTAG_Set                                 0x08006d45   Thumb Code    18  sys.o(.text)
    Stm32_Clock_Init                         0x08006d57   Thumb Code   154  sys.o(.text)
    JumpToCode                               0x08006df1   Thumb Code    30  sys.o(.text)
    SysHard_Init                             0x08006e41   Thumb Code    24  syshard.o(.text)
    HardID_Check                             0x08006e59   Thumb Code   122  syshard.o(.text)
    HardID_Change                            0x08006ed3   Thumb Code    96  syshard.o(.text)
    SysTick_Init                             0x08006f49   Thumb Code    66  systick.o(.text)
    Time_Get                                 0x08006f8b   Thumb Code     6  systick.o(.text)
    UpdateRandomTime                         0x08006f91   Thumb Code    10  systick.o(.text)
    GetRandomTime                            0x08006f9b   Thumb Code     6  systick.o(.text)
    SysTick_Handler                          0x08006fa1   Thumb Code    34  systick.o(.text)
    Test_Init                                0x08006fd1   Thumb Code    30  test.o(.text)
    UART_Init                                0x08006ff5   Thumb Code   136  usart.o(.text)
    UART_Write                               0x0800707d   Thumb Code    50  usart.o(.text)
    UART_Send                                0x080070af   Thumb Code    44  usart.o(.text)
    USART2_IRQHandler                        0x080070db   Thumb Code    30  usart.o(.text)
    WDG_Init                                 0x08007109   Thumb Code     2  wdg.o(.text)
    WDG_Feed                                 0x0800710b   Thumb Code     2  wdg.o(.text)
    WDG_FeedOFF                              0x0800710d   Thumb Code     2  wdg.o(.text)
    HardWDGTest_Attr                         0x0800710f   Thumb Code     6  wdg.o(.text)
    ADC_TestPowerON                          0x08007135   Thumb Code    12  adc.o(.text)
    ADC_TestPowerOFF                         0x08007141   Thumb Code    12  adc.o(.text)
    ADC_Init                                 0x0800714d   Thumb Code   208  adc.o(.text)
    ADC_Read                                 0x0800721d   Thumb Code    64  adc.o(.text)
    ADC_ReadAverage                          0x0800725d   Thumb Code   112  adc.o(.text)
    Battery_GetVoltage                       0x080072dd   Thumb Code    60  battery.o(.text)
    Battery_GetPercent                       0x08007319   Thumb Code   574  battery.o(.text)
    Battery_Init                             0x080075ad   Thumb Code   126  batteryexeattr.o(.text)
    Get_PowerPercent_Attr                    0x0800762b   Thumb Code    34  batteryexeattr.o(.text)
    Get_ChargeState_Attr                     0x0800764d   Thumb Code     6  batteryexeattr.o(.text)
    WKUP_PortInit                            0x0800765d   Thumb Code    14  lowpower.o(.text)
    StandbyCountReset                        0x0800766b   Thumb Code     8  lowpower.o(.text)
    WKUP_GetState                            0x08007673   Thumb Code    20  lowpower.o(.text)
    Standby_Mode                             0x08007687   Thumb Code   154  lowpower.o(.text)
    LowPower_CheckTime                       0x08007721   Thumb Code    52  lowpower.o(.text)
    EXTI0_IRQHandler                         0x08007755   Thumb Code     8  lowpower.o(.text)
    main                                     0x08007779   Thumb Code    62  main.o(.text)
    UnitCnt_Get                              0x080077c9   Thumb Code     4  unitcfg.o(.text)
    Unit_Init                                0x080077cd   Thumb Code    52  unitcfg.o(.text)
    MPU6050_Init                             0x08007875   Thumb Code    78  mpu6050.o(.text)
    MPU6050_ReadGyro                         0x080078c3   Thumb Code    64  mpu6050.o(.text)
    MPU6050_ReadAcce                         0x08007903   Thumb Code   188  mpu6050.o(.text)
    ShakeMotor_Init                          0x080079c9   Thumb Code    26  shakemotor.o(.text)
    ShakeMotor_Start                         0x080079e3   Thumb Code    14  shakemotor.o(.text)
    ShakeMotor_Stop                          0x080079f1   Thumb Code    14  shakemotor.o(.text)
    ShakeMotor_RunState                      0x080079ff   Thumb Code   112  shakemotor.o(.text)
    IIC_InitPort                             0x08007a87   Thumb Code    48  iic.o(.text)
    IIC_Start                                0x08007ab7   Thumb Code    62  iic.o(.text)
    IIC_Stop                                 0x08007af5   Thumb Code    46  iic.o(.text)
    IIC_WaitAck                              0x08007b23   Thumb Code   150  iic.o(.text)
    IIC_ACK                                  0x08007bb9   Thumb Code    56  iic.o(.text)
    IIC_NACK                                 0x08007bf1   Thumb Code    56  iic.o(.text)
    IIC_SendByte                             0x08007c29   Thumb Code    86  iic.o(.text)
    IIC_GetByte                              0x08007c7f   Thumb Code   104  iic.o(.text)
    IIC_WriteByte                            0x08007ce7   Thumb Code    46  iic.o(.text)
    IIC_ReadByte                             0x08007d15   Thumb Code    60  iic.o(.text)
    IIC_WriteDataN                           0x08007d51   Thumb Code    68  iic.o(.text)
    IIC_ReadDataN                            0x08007d95   Thumb Code    96  iic.o(.text)
    Cube6_SearchFace                         0x08007f2b   Thumb Code   236  cube6.o(.text)
    Cube6_SaveEeprom                         0x08008017   Thumb Code    16  cube6.o(.text)
    Cube6_ReadEeprom                         0x08008027   Thumb Code    30  cube6.o(.text)
    Cube6Init                                0x0800806d   Thumb Code    52  cube6exeattr.o(.text)
    Cube_UnitAttrNum                         0x080080a1   Thumb Code     4  cube6exeattr.o(.text)
    Cube6EepromInit                          0x080080a5   Thumb Code    22  cube6exeattr.o(.text)
    Get_Cube6Face_Attr                       0x080080bb   Thumb Code    16  cube6exeattr.o(.text)
    Cube6Checking_Attr                       0x080080cb   Thumb Code    16  cube6exeattr.o(.text)
    Process_FIFOData                         0x080080e9   Thumb Code   102  cmdprocess.o(.text)
    Msg_Execute                              0x080081bd   Thumb Code   240  cmdprocess.o(.text)
    FIFOInit                                 0x08008329   Thumb Code   172  cmdprocess.o(.text)
    ProcessSend_Fun                          0x080083d5   Thumb Code     8  cmdprocess.o(.text)
    head_put                                 0x08008435   Thumb Code    16  command.o(.text)
    tail_put                                 0x08008445   Thumb Code    16  command.o(.text)
    short_get                                0x08008455   Thumb Code   226  command.o(.text)
    short_put                                0x08008537   Thumb Code   140  command.o(.text)
    EncryptCmd_get                           0x080085c3   Thumb Code   200  command.o(.text)
    EncryptCmd_getEx                         0x0800868b   Thumb Code    48  command.o(.text)
    EncryptCmd_put                           0x080086bb   Thumb Code   158  command.o(.text)
    delay_us                                 0x08008761   Thumb Code    24  delay.o(.text)
    delay_ms                                 0x08008779   Thumb Code    28  delay.o(.text)
    Fault_Upload                             0x08008795   Thumb Code    74  faultmanage.o(.text)
    fifo_Init                                0x080087e5   Thumb Code    26  fifo.o(.text)
    fifo_Rst                                 0x080087ff   Thumb Code    18  fifo.o(.text)
    fifo_empty                               0x08008811   Thumb Code    18  fifo.o(.text)
    fifo_validSize                           0x08008863   Thumb Code    30  fifo.o(.text)
    fifo_puts                                0x08008881   Thumb Code   106  fifo.o(.text)
    fifo_gets                                0x080088eb   Thumb Code   124  fifo.o(.text)
    fifo_putc                                0x08008967   Thumb Code    60  fifo.o(.text)
    fifo_getc                                0x080089a3   Thumb Code    62  fifo.o(.text)
    fifo_find                                0x080089e1   Thumb Code    92  fifo.o(.text)
    fifo_cmp                                 0x08008a3d   Thumb Code    62  fifo.o(.text)
    PropFifoInit                             0x08008a7d   Thumb Code    14  linkscanfifo.o(.text)
    PropChangeScanAndExe                     0x08008a8b   Thumb Code    46  linkscanfifo.o(.text)
    PropEventFifo                            0x08008ab9   Thumb Code    86  linkscanfifo.o(.text)
    Sys_UnitAttrNum                          0x08008b1d   Thumb Code     4  sysexeattr.o(.text)
    Upload_RESTART                           0x08008b21   Thumb Code    10  sysexeattr.o(.text)
    SysAttr_Init                             0x08008b2b   Thumb Code    58  sysexeattr.o(.text)
    Get_Version_Attr                         0x08008b65   Thumb Code   140  sysexeattr.o(.text)
    Get_DeviceType_Attr                      0x08008bf1   Thumb Code    84  sysexeattr.o(.text)
    Set_UserID_Attr                          0x08008c45   Thumb Code    44  sysexeattr.o(.text)
    Get_UserID_Attr                          0x08008c71   Thumb Code    18  sysexeattr.o(.text)
    Set_DeviceChannelFlag_Attr               0x08008c83   Thumb Code    30  sysexeattr.o(.text)
    Get_DeviceChannelFlag_Attr               0x08008ca1   Thumb Code    22  sysexeattr.o(.text)
    Get_DeviceAddr_Attr                      0x08008cb7   Thumb Code    18  sysexeattr.o(.text)
    Set_CmdAckNum_Attr                       0x08008cc9   Thumb Code    44  sysexeattr.o(.text)
    Get_CmdAckNum_Attr                       0x08008cf5   Thumb Code    16  sysexeattr.o(.text)
    Set_RepeatBandAddr_Attr                  0x08008d05   Thumb Code   138  sysexeattr.o(.text)
    Get_RepeatBandAddr_Attr                  0x08008d8f   Thumb Code   138  sysexeattr.o(.text)
    Set_RepeatBroadcast_Attr                 0x08008e19   Thumb Code    38  sysexeattr.o(.text)
    Get_RepeatBroadcast_Attr                 0x08008e3f   Thumb Code    24  sysexeattr.o(.text)
    Set_UnitArea_Attr                        0x08008e57   Thumb Code   126  sysexeattr.o(.text)
    Get_UnitArea_Attr                        0x08008ed5   Thumb Code   122  sysexeattr.o(.text)
    Set_UnitType_Attr                        0x08008f4f   Thumb Code   134  sysexeattr.o(.text)
    Get_UnitType_Attr                        0x08008fd5   Thumb Code   112  sysexeattr.o(.text)
    Set_CommonType_Attr                      0x08009045   Thumb Code   134  sysexeattr.o(.text)
    Get_CommonType_Attr                      0x080090cb   Thumb Code   112  sysexeattr.o(.text)
    Set_UploadAble_Attr                      0x0800913b   Thumb Code   164  sysexeattr.o(.text)
    Get_UploadAble_Attr                      0x080091df   Thumb Code   144  sysexeattr.o(.text)
    Set_UnitAble_Attr                        0x0800926f   Thumb Code   134  sysexeattr.o(.text)
    Get_UnitAble_Attr                        0x080092f5   Thumb Code   118  sysexeattr.o(.text)
    Get_Eeprom_Info_Attr                     0x0800936b   Thumb Code    82  sysexeattr.o(.text)
    Set_FaultFlag_Attr                       0x080093bd   Thumb Code    36  sysexeattr.o(.text)
    Get_FaultFlag_Attr                       0x080093e1   Thumb Code    20  sysexeattr.o(.text)
    Set_UserDataFormat_Attr                  0x080093f5   Thumb Code    94  sysexeattr.o(.text)
    Set_Link_Attr                            0x08009453   Thumb Code    98  sysexeattr.o(.text)
    Get_Link_Attr                            0x080094b5   Thumb Code    68  sysexeattr.o(.text)
    Set_Link_Time_Attr                       0x080094f9   Thumb Code    98  sysexeattr.o(.text)
    Set_DelLinkForUnit_Attr                  0x0800955b   Thumb Code    40  sysexeattr.o(.text)
    Get_DeveiceSysClockFeature_Attr          0x08009583   Thumb Code    50  sysexeattr.o(.text)
    Thread_Init                              0x080095b9   Thumb Code     8  thread.o(.text)
    Thread_Wake                              0x080095e9   Thumb Code   132  thread.o(.text)
    Thread_Login                             0x0800966d   Thumb Code   228  thread.o(.text)
    Thread_Logout                            0x08009751   Thumb Code    94  thread.o(.text)
    Thread_Hang                              0x080097af   Thumb Code   108  thread.o(.text)
    Thread_Process                           0x0800981b   Thumb Code   106  thread.o(.text)
    Thread_RunCheck                          0x08009885   Thumb Code    44  thread.o(.text)
    Thread_Query                             0x080098b1   Thumb Code    48  thread.o(.text)
    Set_ManyUnit_Attr                        0x080098e5   Thumb Code   102  unitshare_attr.o(.text)
    Get_ManyUnit_Attr                        0x0800994b   Thumb Code   322  unitshare_attr.o(.text)
    Set_UnitChecking_Attr                    0x08009a8d   Thumb Code   126  unitshare_attr.o(.text)
    Get_SingleUnit_AttrLen                   0x08009b0b   Thumb Code   110  unitshare_attr.o(.text)
    UpgradePreStage                          0x08009bdb   Thumb Code   184  updata.o(.text)
    Updata_PackProcess                       0x08009c93   Thumb Code   118  updata.o(.text)
    Updata_PackCheck                         0x08009d09   Thumb Code    78  updata.o(.text)
    Updata_Calibrate                         0x08009d57   Thumb Code    32  updata.o(.text)
    Updata_Flag                              0x08009d77   Thumb Code    84  updata.o(.text)
    Updata_Channel                           0x08009dcb   Thumb Code   114  updata.o(.text)
    Channel_Get                              0x08009e3d   Thumb Code    60  updata.o(.text)
    Upload_Fault                             0x08009ea9   Thumb Code    34  upload.o(.text)
    Upload_Check                             0x08009f41   Thumb Code   170  upload.o(.text)
    Upload                                   0x08009feb   Thumb Code   152  upload.o(.text)
    Upload_Immediately                       0x0800a083   Thumb Code    80  upload.o(.text)
    SceneEEPROM_Init                         0x0800a0e5   Thumb Code    44  userdata.o(.text)
    GroupEEPROMUnit_Init                     0x0800a111   Thumb Code    54  userdata.o(.text)
    GroupEEPROM_Init                         0x0800a147   Thumb Code    26  userdata.o(.text)
    UnitPrivateEEPROMUnitData_Init           0x0800a161   Thumb Code    36  userdata.o(.text)
    UnitPrivateEEPROMData_Init               0x0800a185   Thumb Code    26  userdata.o(.text)
    UnitPublicEEPROMUnitData_Init            0x0800a19f   Thumb Code   102  userdata.o(.text)
    UnitPublicEEPROMData_Init                0x0800a205   Thumb Code    26  userdata.o(.text)
    SysEEPROMData_Init                       0x0800a21f   Thumb Code    58  userdata.o(.text)
    UserEEPROMData_Init                      0x0800a259   Thumb Code    54  userdata.o(.text)
    FaultData_Init                           0x0800a28f   Thumb Code    14  userdata.o(.text)
    UserData_Init                            0x0800a29d   Thumb Code    92  userdata.o(.text)
    FaultData_Save                           0x0800a2f9   Thumb Code    32  userdata.o(.text)
    FaultData_Get                            0x0800a319   Thumb Code    22  userdata.o(.text)
    SysEEPROMData_Set                        0x0800a32f   Thumb Code    24  userdata.o(.text)
    UnitPublicEEPROMData_Get                 0x0800a347   Thumb Code    40  userdata.o(.text)
    UnitPublicEEPROMData_Set                 0x0800a36f   Thumb Code    48  userdata.o(.text)
    SetDeviceChannelFlag                     0x0800a39f   Thumb Code   116  userdata.o(.text)
    GetDeviceChannelFlag                     0x0800a413   Thumb Code    82  userdata.o(.text)
    GroupEEPROM_Clr                          0x0800a465   Thumb Code   410  userdata.o(.text)
    GroupEEPROM_Set                          0x0800a5ff   Thumb Code   294  userdata.o(.text)
    GroupEEPROM_Get                          0x0800a725   Thumb Code   158  userdata.o(.text)
    SceneData_Init                           0x0800a7c3   Thumb Code    38  userdata.o(.text)
    SceneEEPROMUnit_Init                     0x0800a7e9   Thumb Code   154  userdata.o(.text)
    SceneEEPROM_Clr                          0x0800a9cd   Thumb Code   212  userdata.o(.text)
    SceneEEPROM_Set                          0x0800ab5f   Thumb Code   250  userdata.o(.text)
    SceneEEPROM_Get                          0x0800ac6f   Thumb Code    66  userdata.o(.text)
    EEPROM_Write                             0x0800acb1   Thumb Code    46  userdata.o(.text)
    EEPROM_Read                              0x0800acdf   Thumb Code    46  userdata.o(.text)
    Set_Sign433_StartSendFrame_Attr          0x0800ad11   Thumb Code    70  sign433attr.o(.text)
    Get_Sign433_MasterAddr                   0x0800ad57   Thumb Code     6  sign433attr.o(.text)
    Get_Sign433_TestPackNum                  0x0800ad5d   Thumb Code     6  sign433attr.o(.text)
    Get_Sign433_StartSendFrame_Attr          0x0800ad63   Thumb Code    46  sign433attr.o(.text)
    Set_Sign433_StartRecFrame_Attr           0x0800ad91   Thumb Code   100  sign433attr.o(.text)
    Get_Sign433_StartRecFrame_Attr           0x0800adf5   Thumb Code    46  sign433attr.o(.text)
    Set_Sign433_RecFrameStream_Attr          0x0800ae23   Thumb Code    66  sign433attr.o(.text)
    Get_DeviceThreshold_Attr                 0x0800ae65   Thumb Code    22  sign433attr.o(.text)
    Set_Sign433_TestState_Attr               0x0800ae7b   Thumb Code    20  sign433attr.o(.text)
    Get_Sign433_TestState_Attr               0x0800ae8f   Thumb Code    16  sign433attr.o(.text)
    EncryptData                              0x0800b197   Thumb Code    80  dataencrypt.o(.text)
    DecryptData                              0x0800b1e7   Thumb Code    86  dataencrypt.o(.text)
    EncryptInit                              0x0800b23d   Thumb Code    32  dataencrypt.o(.text)
    DevPivotalSetInit                        0x0800b275   Thumb Code   156  devparttab.o(.text)
    GetDevPivotalSet                         0x0800b311   Thumb Code     6  devparttab.o(.text)
    memcpy                                   0x0800b325   Thumb Code    28  bestfulib.o(.text)
    memcmp                                   0x0800b341   Thumb Code    40  bestfulib.o(.text)
    memset                                   0x0800b369   Thumb Code    18  bestfulib.o(.text)
    memmove                                  0x0800b37b   Thumb Code    58  bestfulib.o(.text)
    memfind                                  0x0800b3b5   Thumb Code    64  bestfulib.o(.text)
    memcharget                               0x0800b3f5   Thumb Code    48  bestfulib.o(.text)
    ChkCrcValue                              0x0800b425   Thumb Code    52  crc.o(.text)
    ChkCrcValueEx                            0x0800b459   Thumb Code    56  crc.o(.text)
    ReadDataFromEEPROM                       0x0800b495   Thumb Code   120  eeprom.o(.text)
    WriteDataToEEPROM                        0x0800b50d   Thumb Code   120  eeprom.o(.text)
    WriteDataToEEPROMEx                      0x0800b585   Thumb Code   118  eeprom.o(.text)
    Set_IAPReady_Attr                        0x0800b65b   Thumb Code    42  flashattr.o(.text)
    Get_IAPReady_Attr                        0x0800b755   Thumb Code    52  flashattr.o(.text)
    Set_IAPPackSave_Attr                     0x0800b789   Thumb Code    56  flashattr.o(.text)
    Set_433Channel_Attr                      0x0800b7c1   Thumb Code    70  flashattr.o(.text)
    Get_433Channel_Attr                      0x0800b807   Thumb Code    20  flashattr.o(.text)
    LinkInit                                 0x0800b82d   Thumb Code     8  linksrc.o(.text)
    LinkClr                                  0x0800b835   Thumb Code     8  linksrc.o(.text)
    CmpSampAndLinkValue                      0x0800b83d   Thumb Code   130  linksrc.o(.text)
    GetConditionReverse                      0x0800b8bf   Thumb Code    56  linksrc.o(.text)
    GetConditionOffset                       0x0800b8f7   Thumb Code    78  linksrc.o(.text)
    LinkSrcExe                               0x0800b945   Thumb Code   436  linksrc.o(.text)
    CheckLinkFull                            0x0800bafd   Thumb Code    18  linkwrdc.o(.text)
    QueryLink                                0x0800bb0f   Thumb Code    22  linkwrdc.o(.text)
    QueryAllLinkFromTable                    0x0800bb25   Thumb Code    64  linkwrdc.o(.text)
    ReadLinkFromTable                        0x0800bb65   Thumb Code    34  linkwrdc.o(.text)
    WriteLinkToTable                         0x0800bb87   Thumb Code    62  linkwrdc.o(.text)
    DelAllLinkFromTable                      0x0800bbc5   Thumb Code    46  linkwrdc.o(.text)
    DelLinkFromTable                         0x0800bbf3   Thumb Code    30  linkwrdc.o(.text)
    ChkLinkIsExist                           0x0800bc11   Thumb Code    26  linkwrdc.o(.text)
    GetLinkNum                               0x0800bc2b   Thumb Code    22  linkwrdc.o(.text)
    WriteLinkItem                            0x0800bc41   Thumb Code   118  linkwrdc.o(.text)
    ModifyLinkItem                           0x0800bcb7   Thumb Code    76  linkwrdc.o(.text)
    ReadLinkItem                             0x0800bd03   Thumb Code   108  linkwrdc.o(.text)
    QueryLinkItem                            0x0800bd6f   Thumb Code    56  linkwrdc.o(.text)
    DelLinkItem                              0x0800bda7   Thumb Code    68  linkwrdc.o(.text)
    WriteLinkItemEx                          0x0800bdeb   Thumb Code   180  linkwrdc.o(.text)
    ModifyLinkItemEx                         0x0800be9f   Thumb Code   138  linkwrdc.o(.text)
    DelLinkForUnit                           0x0800bf29   Thumb Code   140  linkwrdc.o(.text)
    DelLinkForPropIDandVal                   0x0800bfb5   Thumb Code    84  linkwrdc.o(.text)
    SaveSerialNum                            0x0800c00d   Thumb Code    12  msgpackage.o(.text)
    Msg_Feedback                             0x0800c019   Thumb Code   114  msgpackage.o(.text)
    Msg_UploadUnit                           0x0800c0d5   Thumb Code    62  msgpackage.o(.text)
    Msg_Upload                               0x0800c113   Thumb Code    58  msgpackage.o(.text)
    Msg_Send                                 0x0800c14d   Thumb Code    68  msgpackage.o(.text)
    Check_Area                               0x0800c19d   Thumb Code   112  object.o(.text)
    Object_Check                             0x0800c2c7   Thumb Code  1206  object.o(.text)
    ShortObject_Check                        0x0800c7a7   Thumb Code    68  object.o(.text)
    Set_Scene_Attr                           0x0800c7f5   Thumb Code   260  scene&group.o(.text)
    Get_Scene_Attr                           0x0800c8f9   Thumb Code   110  scene&group.o(.text)
    Set_Group_Attr                           0x0800c967   Thumb Code   240  scene&group.o(.text)
    Get_Group_Attr                           0x0800ca57   Thumb Code    94  scene&group.o(.text)
    SI4432Test_Fail                          0x0800cab5   Thumb Code    16  systestattr.o(.text)
    SI4432Test_Attr                          0x0800cac5   Thumb Code    68  systestattr.o(.text)
    UserDataDownload_Init                    0x0800cb19   Thumb Code    20  userdatadownload.o(.text)
    UserDataDownload_Ready                   0x0800cb2d   Thumb Code   184  userdatadownload.o(.text)
    UserDataFrame_Save                       0x0800cbe5   Thumb Code   134  userdatadownload.o(.text)
    UserDataFrame_Check                      0x0800cc6b   Thumb Code    78  userdatadownload.o(.text)
    Sign433_SendTestFrame                    0x0800ccc9   Thumb Code    82  sign433.o(.text)
    Sign433_SendTestFrameStream              0x0800cd1b   Thumb Code    28  sign433.o(.text)
    ClearRecTestStatus                       0x0800cd37   Thumb Code    10  sign433.o(.text)
    Sign433_SendTestReport                   0x0800cd41   Thumb Code    54  sign433.o(.text)
    Get_ResetAddr_Attr                       0x0800cd81   Thumb Code   100  deviceidsetattr.o(.text)
    Set_ResetAddr_Attr                       0x0800cde5   Thumb Code   236  deviceidsetattr.o(.text)
    ALinkClr                                 0x0800cee9   Thumb Code    62  linksimplest.o(.text)
    ALinkInit                                0x0800cf27   Thumb Code    62  linksimplest.o(.text)
    ChkALinkIsExist                          0x0800cf65   Thumb Code    90  linksimplest.o(.text)
    GetALinkNum                              0x0800cfbf   Thumb Code    80  linksimplest.o(.text)
    QueryALink                               0x0800d00f   Thumb Code    50  linksimplest.o(.text)
    CheckALinkFull                           0x0800d041   Thumb Code    18  linksimplest.o(.text)
    ReadALink                                0x0800d053   Thumb Code    50  linksimplest.o(.text)
    WriteALink                               0x0800d085   Thumb Code   148  linksimplest.o(.text)
    DelALink                                 0x0800d119   Thumb Code   234  linksimplest.o(.text)
    AllALinkTimeClr                          0x0800d20d   Thumb Code    42  linksimplesttime.o(.text)
    ALinkTimeInit                            0x0800d237   Thumb Code    42  linksimplesttime.o(.text)
    QueryALinkTime                           0x0800d261   Thumb Code    50  linksimplesttime.o(.text)
    DelALinkTime                             0x0800d293   Thumb Code   234  linksimplesttime.o(.text)
    WriteALinkTime                           0x0800d37d   Thumb Code   134  linksimplesttime.o(.text)
    ReadALinkTime                            0x0800d403   Thumb Code    34  linksimplesttime.o(.text)
    AddALinkTimeCmdX1                        0x0800d425   Thumb Code    74  linksimplesttime.o(.text)
    WriteALinkTimeToTable                    0x0800d46f   Thumb Code    42  linksimplesttime.o(.text)
    DelALinkTimeFromTable                    0x0800d499   Thumb Code    12  linksimplesttime.o(.text)
    TransformTimePara                        0x0800d4ad   Thumb Code   198  timehandle.o(.text)
    CheckTimeParaIsZero                      0x0800d5f5   Thumb Code    18  timehandle.o(.text)
    CheckAllTimeParaIsOK                     0x0800d645   Thumb Code    40  timehandle.o(.text)
    __aeabi_memclr4                          0x0800d66d   Thumb Code     0  rt_memclr_w.o(.text)
    __aeabi_memclr8                          0x0800d66d   Thumb Code     0  rt_memclr_w.o(.text)
    __rt_memclr_w                            0x0800d66d   Thumb Code    78  rt_memclr_w.o(.text)
    _memset_w                                0x0800d671   Thumb Code     0  rt_memclr_w.o(.text)
    __use_two_region_memory                  0x0800d6bb   Thumb Code     2  heapauxi.o(.text)
    __rt_heap_escrow$2region                 0x0800d6bd   Thumb Code     2  heapauxi.o(.text)
    __rt_heap_expand$2region                 0x0800d6bf   Thumb Code     2  heapauxi.o(.text)
    __user_setup_stackheap                   0x0800d6c1   Thumb Code    74  sys_stackheap_outer.o(.text)
    exit                                     0x0800d70b   Thumb Code    18  exit.o(.text)
    __user_libspace                          0x0800d71d   Thumb Code     8  libspace.o(.text)
    __user_perproc_libspace                  0x0800d71d   Thumb Code     0  libspace.o(.text)
    __user_perthread_libspace                0x0800d71d   Thumb Code     0  libspace.o(.text)
    _sys_exit                                0x0800d725   Thumb Code     8  sys_exit.o(.text)
    __I$use$semihosting                      0x0800d731   Thumb Code     0  use_no_semi.o(.text)
    __use_no_semihosting_swi                 0x0800d731   Thumb Code     2  use_no_semi.o(.text)
    __semihosting_library_function           0x0800d733   Thumb Code     0  indicate_semi.o(.text)
    DecryptionFlash                          0x0800d735   Thumb Code    50  scene&group.o(i.DecryptionFlash)
    VibratingAlert                           0x0800d775   Thumb Code    26  cube6.o(i.VibratingAlert)
    __aeabi_dadd                             0x0800d795   Thumb Code     0  daddsub_clz.o(x$fpl$dadd)
    _dadd                                    0x0800d795   Thumb Code   332  daddsub_clz.o(x$fpl$dadd)
    __aeabi_ddiv                             0x0800d8e5   Thumb Code     0  ddiv.o(x$fpl$ddiv)
    _ddiv                                    0x0800d8e5   Thumb Code   552  ddiv.o(x$fpl$ddiv)
    __aeabi_d2iz                             0x0800db95   Thumb Code     0  dfix.o(x$fpl$dfix)
    _dfix                                    0x0800db95   Thumb Code    94  dfix.o(x$fpl$dfix)
    __aeabi_d2uiz                            0x0800dbf5   Thumb Code     0  dfixu.o(x$fpl$dfixu)
    _dfixu                                   0x0800dbf5   Thumb Code    90  dfixu.o(x$fpl$dfixu)
    __aeabi_i2d                              0x0800dc4f   Thumb Code     0  dflt_clz.o(x$fpl$dflt)
    _dflt                                    0x0800dc4f   Thumb Code    46  dflt_clz.o(x$fpl$dflt)
    __aeabi_ui2d                             0x0800dc7d   Thumb Code     0  dflt_clz.o(x$fpl$dfltu)
    _dfltu                                   0x0800dc7d   Thumb Code    38  dflt_clz.o(x$fpl$dfltu)
    __aeabi_dmul                             0x0800dca5   Thumb Code     0  dmul.o(x$fpl$dmul)
    _dmul                                    0x0800dca5   Thumb Code   332  dmul.o(x$fpl$dmul)
    __fpl_dnaninf                            0x0800ddf9   Thumb Code   156  dnaninf.o(x$fpl$dnaninf)
    __fpl_dretinf                            0x0800de95   Thumb Code    12  dretinf.o(x$fpl$dretinf)
    __aeabi_dsub                             0x0800dea1   Thumb Code     0  daddsub_clz.o(x$fpl$dsub)
    _dsub                                    0x0800dea1   Thumb Code   464  daddsub_clz.o(x$fpl$dsub)
    __aeabi_f2d                              0x0800e075   Thumb Code     0  f2d.o(x$fpl$f2d)
    _f2d                                     0x0800e075   Thumb Code    86  f2d.o(x$fpl$f2d)
    __aeabi_i2f                              0x0800e0cd   Thumb Code     0  fflt_clz.o(x$fpl$fflt)
    _fflt                                    0x0800e0cd   Thumb Code    48  fflt_clz.o(x$fpl$fflt)
    __fpl_fnaninf                            0x0800e0fd   Thumb Code   140  fnaninf.o(x$fpl$fnaninf)
    __I$use$fp                               0x0800e188   Number         0  usenofp.o(x$fpl$usenofp)
    Si4432Cfg_Tab                            0x0800e190   Data          21  si4432.o(.constdata)
    VoltageTab                               0x0800e1ae   Data          22  battery.o(.constdata)
    UnitTab                                  0x0800e1c4   Data          40  unitcfg.o(.constdata)
    Cube6AttrTab                             0x0800e1ec   Data          60  cube6exeattr.o(.constdata)
    HeadCMD                                  0x0800e228   Data           6  command.o(.constdata)
    TailCMD                                  0x0800e22e   Data           6  command.o(.constdata)
    SysAttrTable                             0x0800e234   Data         740  sysexeattr.o(.constdata)
    ShiftBit                                 0x0800e518   Data           4  dataencrypt.o(.constdata)
    DerictShift                              0x0800e51c   Data           4  dataencrypt.o(.constdata)
    EncodeX                                  0x0800e520   Data           4  dataencrypt.o(.constdata)
    EncodeY                                  0x0800e524   Data           4  dataencrypt.o(.constdata)
    DevPivotalSet                            0x0800e528   Data          72  devparttab.o(.constdata)
    CRCTable                                 0x0800e570   Data         512  crc.o(.constdata)
    Region$$Table$$Base                      0x0800e770   Number         0  anon$$obj.o(Region$$Table)
    Region$$Table$$Limit                     0x0800e790   Number         0  anon$$obj.o(Region$$Table)
    PLLMulTable                              0x20000000   Data           9  system_stm32l1xx.o(.data)
    AHBPrescTable                            0x20000009   Data          16  system_stm32l1xx.o(.data)
    TestRecFlag                              0x20000022   Data           1  si4432.o(.data)
    Test                                     0x20000034   Data           4  test.o(.data)
    gPowerPercent                            0x20000038   Data           1  battery.o(.data)
    gMotorRunFlag                            0x2000003c   Data           1  shakemotor.o(.data)
    UPDATA_LEVEL                             0x2000005c   Data           1  updata.o(.data)
    UpgradeAim                               0x2000005d   Data           1  updata.o(.data)
    UpgradePre                               0x20000060   Data         264  updata.o(.data)
    DelayID                                  0x20000180   Data           4  object.o(.data)
    Sign433_State                            0x20000185   Data           1  sign433.o(.data)
    TestRecRSSI                              0x20000188   Data         100  si4432.o(.bss)
    gUnitData                                0x200001ec   Data          20  unitcfg.o(.bss)
    CubeHandle                               0x20000200   Data          12  cube6.o(.bss)
    rcv433fifo                               0x2000020c   Data          16  cmdprocess.o(.bss)
    send433fifo                              0x2000021c   Data          16  cmdprocess.o(.bss)
    rcvBuf                                   0x2000022c   Data        1024  cmdprocess.o(.bss)
    rcv_433                                  0x20000a2c   Data         272  cmdprocess.o(.bss)
    send_433                                 0x20000b3c   Data         272  cmdprocess.o(.bss)
    rcv433_shortfifo                         0x20000c4c   Data          16  cmdprocess.o(.bss)
    send433_shortfifo                        0x20000c5c   Data          16  cmdprocess.o(.bss)
    rcvshortBuf                              0x20000c6c   Data         128  cmdprocess.o(.bss)
    rcv_433short                             0x20000d6c   Data         272  cmdprocess.o(.bss)
    send_433short                            0x20000e7c   Data         272  cmdprocess.o(.bss)
    propfifo                                 0x20000f8c   Data          16  linkscanfifo.o(.bss)
    propbuf                                  0x20000f9c   Data         128  linkscanfifo.o(.bss)
    IAP_FLAG                                 0x20001160   Data          16  updata.o(.bss)
    bootflag                                 0x20001170   Data          12  updata.o(.bss)
    RADIO_PARA                               0x2000117c   Data          16  updata.o(.bss)
    gSysData                                 0x200012ac   Data          31  userdata.o(.bss)
    UserDownload                             0x2000162c   Data         140  userdatadownload.o(.bss)
    gSign433Comm                             0x200016b8   Data          12  sign433.o(.bss)
    ALink                                    0x200016c4   Data        1651  linksimplest.o(.bss)
    ALinkTime                                0x20001d37   Data         351  linksimplesttime.o(.bss)
    __libspace_start                         0x20001e98   Data          96  libspace.o(.bss)
    __temporary_stack_top$libspace           0x20001ef8   Data           0  libspace.o(.bss)



==============================================================================

Memory Map of the image

  Image Entry point : 0x080054f5

  Load Region LR_IROM1 (Base: 0x08005400, Size: 0x00009518, Max: 0x00010000, ABSOLUTE, COMPRESSED[0x000093c0])

    Execution Region ER_IROM1 (Base: 0x08005400, Size: 0x00009390, Max: 0x00010000, ABSOLUTE)

    Base Addr    Size         Type   Attr      Idx    E Section Name        Object

    0x08005400   0x000000f4   Data   RO           58    RESET               startup_stm32l1xx_md.o
    0x080054f4   0x00000008   Code   RO         1686  * !!!main             c_w.l(__main.o)
    0x080054fc   0x00000034   Code   RO         1886    !!!scatter          c_w.l(__scatter.o)
    0x08005530   0x0000003a   Code   RO         1884    !!dczerorl          c_w.l(__dczerorl.o)
    0x0800556a   0x00000002   PAD
    0x0800556c   0x0000001c   Code   RO         1888    !!handler_zi        c_w.l(__scatter_zi.o)
    0x08005588   0x00000002   Code   RO         1754    .ARM.Collect$$libinit$$00000000  c_w.l(libinit.o)
    0x0800558a   0x00000000   Code   RO         1761    .ARM.Collect$$libinit$$00000002  c_w.l(libinit2.o)
    0x0800558a   0x00000000   Code   RO         1763    .ARM.Collect$$libinit$$00000004  c_w.l(libinit2.o)
    0x0800558a   0x00000000   Code   RO         1766    .ARM.Collect$$libinit$$0000000A  c_w.l(libinit2.o)
    0x0800558a   0x00000000   Code   RO         1768    .ARM.Collect$$libinit$$0000000C  c_w.l(libinit2.o)
    0x0800558a   0x00000000   Code   RO         1770    .ARM.Collect$$libinit$$0000000E  c_w.l(libinit2.o)
    0x0800558a   0x00000000   Code   RO         1773    .ARM.Collect$$libinit$$00000011  c_w.l(libinit2.o)
    0x0800558a   0x00000000   Code   RO         1775    .ARM.Collect$$libinit$$00000013  c_w.l(libinit2.o)
    0x0800558a   0x00000000   Code   RO         1777    .ARM.Collect$$libinit$$00000015  c_w.l(libinit2.o)
    0x0800558a   0x00000000   Code   RO         1779    .ARM.Collect$$libinit$$00000017  c_w.l(libinit2.o)
    0x0800558a   0x00000000   Code   RO         1781    .ARM.Collect$$libinit$$00000019  c_w.l(libinit2.o)
    0x0800558a   0x00000000   Code   RO         1783    .ARM.Collect$$libinit$$0000001B  c_w.l(libinit2.o)
    0x0800558a   0x00000000   Code   RO         1785    .ARM.Collect$$libinit$$0000001D  c_w.l(libinit2.o)
    0x0800558a   0x00000000   Code   RO         1787    .ARM.Collect$$libinit$$0000001F  c_w.l(libinit2.o)
    0x0800558a   0x00000000   Code   RO         1789    .ARM.Collect$$libinit$$00000021  c_w.l(libinit2.o)
    0x0800558a   0x00000000   Code   RO         1791    .ARM.Collect$$libinit$$00000023  c_w.l(libinit2.o)
    0x0800558a   0x00000000   Code   RO         1793    .ARM.Collect$$libinit$$00000025  c_w.l(libinit2.o)
    0x0800558a   0x00000000   Code   RO         1797    .ARM.Collect$$libinit$$0000002C  c_w.l(libinit2.o)
    0x0800558a   0x00000000   Code   RO         1799    .ARM.Collect$$libinit$$0000002E  c_w.l(libinit2.o)
    0x0800558a   0x00000000   Code   RO         1801    .ARM.Collect$$libinit$$00000030  c_w.l(libinit2.o)
    0x0800558a   0x00000000   Code   RO         1803    .ARM.Collect$$libinit$$00000032  c_w.l(libinit2.o)
    0x0800558a   0x00000002   Code   RO         1804    .ARM.Collect$$libinit$$00000033  c_w.l(libinit2.o)
    0x0800558c   0x00000002   Code   RO         1824    .ARM.Collect$$libshutdown$$00000000  c_w.l(libshutdown.o)
    0x0800558e   0x00000000   Code   RO         1837    .ARM.Collect$$libshutdown$$00000002  c_w.l(libshutdown2.o)
    0x0800558e   0x00000000   Code   RO         1839    .ARM.Collect$$libshutdown$$00000004  c_w.l(libshutdown2.o)
    0x0800558e   0x00000000   Code   RO         1842    .ARM.Collect$$libshutdown$$00000007  c_w.l(libshutdown2.o)
    0x0800558e   0x00000000   Code   RO         1845    .ARM.Collect$$libshutdown$$0000000A  c_w.l(libshutdown2.o)
    0x0800558e   0x00000000   Code   RO         1847    .ARM.Collect$$libshutdown$$0000000C  c_w.l(libshutdown2.o)
    0x0800558e   0x00000000   Code   RO         1850    .ARM.Collect$$libshutdown$$0000000F  c_w.l(libshutdown2.o)
    0x0800558e   0x00000002   Code   RO         1851    .ARM.Collect$$libshutdown$$00000010  c_w.l(libshutdown2.o)
    0x08005590   0x00000000   Code   RO         1722    .ARM.Collect$$rtentry$$00000000  c_w.l(__rtentry.o)
    0x08005590   0x00000000   Code   RO         1731    .ARM.Collect$$rtentry$$00000002  c_w.l(__rtentry2.o)
    0x08005590   0x00000006   Code   RO         1743    .ARM.Collect$$rtentry$$00000004  c_w.l(__rtentry4.o)
    0x08005596   0x00000000   Code   RO         1733    .ARM.Collect$$rtentry$$00000009  c_w.l(__rtentry2.o)
    0x08005596   0x00000004   Code   RO         1734    .ARM.Collect$$rtentry$$0000000A  c_w.l(__rtentry2.o)
    0x0800559a   0x00000000   Code   RO         1736    .ARM.Collect$$rtentry$$0000000C  c_w.l(__rtentry2.o)
    0x0800559a   0x00000008   Code   RO         1737    .ARM.Collect$$rtentry$$0000000D  c_w.l(__rtentry2.o)
    0x080055a2   0x00000002   Code   RO         1758    .ARM.Collect$$rtexit$$00000000  c_w.l(rtexit.o)
    0x080055a4   0x00000000   Code   RO         1806    .ARM.Collect$$rtexit$$00000002  c_w.l(rtexit2.o)
    0x080055a4   0x00000004   Code   RO         1807    .ARM.Collect$$rtexit$$00000003  c_w.l(rtexit2.o)
    0x080055a8   0x00000006   Code   RO         1808    .ARM.Collect$$rtexit$$00000004  c_w.l(rtexit2.o)
    0x080055ae   0x00000002   PAD
    0x080055b0   0x00000022   Code   RO          337    .emb_text           sys.o
    0x080055d2   0x00000002   PAD
    0x080055d4   0x00000370   Code   RO            3    .text               system_stm32l1xx.o
    0x08005944   0x00000040   Code   RO           59    .text               startup_stm32l1xx_md.o
    0x08005984   0x00000088   Code   RO           65    .text               devicereset.o
    0x08005a0c   0x00000140   Code   RO          119    .text               flash.o
    0x08005b4c   0x00000134   Code   RO          143    .text               gpio.o
    0x08005c80   0x0000039e   Code   RO          163    .text               i2c.o
    0x0800601e   0x00000006   Code   RO          186    .text               instruct.o
    0x08006024   0x00000220   Code   RO          209    .text               program.o
    0x08006244   0x00000804   Code   RO          243    .text               si4432.o
    0x08006a48   0x00000134   Code   RO          311    .text               spi.o
    0x08006b7c   0x000002c4   Code   RO          338    .text               sys.o
    0x08006e40   0x00000108   Code   RO          364    .text               syshard.o
    0x08006f48   0x00000088   Code   RO          387    .text               systick.o
    0x08006fd0   0x00000024   Code   RO          409    .text               test.o
    0x08006ff4   0x00000114   Code   RO          442    .text               usart.o
    0x08007108   0x0000000c   Code   RO          465    .text               wdg.o
    0x08007114   0x000001c8   Code   RO          488    .text               adc.o
    0x080072dc   0x00000280   Code   RO          511    .text               battery.o
    0x0800755c   0x00000100   Code   RO          542    .text               batteryexeattr.o
    0x0800765c   0x0000011c   Code   RO          591    .text               lowpower.o
    0x08007778   0x00000050   Code   RO          625    .text               main.o
    0x080077c8   0x00000040   Code   RO          647    .text               unitcfg.o
    0x08007808   0x000001c0   Code   RO          708    .text               mpu6050.o
    0x080079c8   0x000000b4   Code   RO          735    .text               shakemotor.o
    0x08007a7c   0x0000037c   Code   RO          761    .text               iic.o
    0x08007df8   0x00000274   Code   RO          781    .text               cube6.o
    0x0800806c   0x0000007c   Code   RO          829    .text               cube6exeattr.o
    0x080080e8   0x0000034c   Code   RO          857    .text               BestFu_STM32L15X_L10200.lib(cmdprocess.o)
    0x08008434   0x0000032c   Code   RO          934    .text               BestFu_STM32L15X_L10200.lib(command.o)
    0x08008760   0x00000034   Code   RO          957    .text               BestFu_STM32L15X_L10200.lib(delay.o)
    0x08008794   0x00000050   Code   RO         1004    .text               BestFu_STM32L15X_L10200.lib(faultmanage.o)
    0x080087e4   0x00000296   Code   RO         1025    .text               BestFu_STM32L15X_L10200.lib(fifo.o)
    0x08008a7a   0x00000002   PAD
    0x08008a7c   0x000000a0   Code   RO         1037    .text               BestFu_STM32L15X_L10200.lib(linkscanfifo.o)
    0x08008b1c   0x00000a9c   Code   RO         1080    .text               BestFu_STM32L15X_L10200.lib(sysexeattr.o)
    0x080095b8   0x0000032c   Code   RO         1129    .text               BestFu_STM32L15X_L10200.lib(thread.o)
    0x080098e4   0x0000029c   Code   RO         1143    .text               BestFu_STM32L15X_L10200.lib(unitshare_attr.o)
    0x08009b80   0x00000318   Code   RO         1164    .text               BestFu_STM32L15X_L10200.lib(updata.o)
    0x08009e98   0x0000024c   Code   RO         1192    .text               BestFu_STM32L15X_L10200.lib(upload.o)
    0x0800a0e4   0x00000c2c   Code   RO         1213    .text               BestFu_STM32L15X_L10200.lib(userdata.o)
    0x0800ad10   0x000001a8   Code   RO         1251    .text               BestFu_STM32L15X_L10200.lib(sign433attr.o)
    0x0800aeb8   0x000003bc   Code   RO         1288    .text               BestFu_STM32L15X_L10200.lib(dataencrypt.o)
    0x0800b274   0x000000b0   Code   RO         1318    .text               BestFu_STM32L15X_L10200.lib(devparttab.o)
    0x0800b324   0x00000100   Code   RO         1343    .text               BestFu_STM32L15X_L10200.lib(bestfulib.o)
    0x0800b424   0x00000070   Code   RO         1355    .text               BestFu_STM32L15X_L10200.lib(crc.o)
    0x0800b494   0x00000166   Code   RO         1372    .text               BestFu_STM32L15X_L10200.lib(eeprom.o)
    0x0800b5fa   0x00000002   PAD
    0x0800b5fc   0x00000230   Code   RO         1398    .text               BestFu_STM32L15X_L10200.lib(flashattr.o)
    0x0800b82c   0x000002d0   Code   RO         1416    .text               BestFu_STM32L15X_L10200.lib(linksrc.o)
    0x0800bafc   0x00000510   Code   RO         1428    .text               BestFu_STM32L15X_L10200.lib(linkwrdc.o)
    0x0800c00c   0x00000190   Code   RO         1447    .text               BestFu_STM32L15X_L10200.lib(msgpackage.o)
    0x0800c19c   0x00000658   Code   RO         1461    .text               BestFu_STM32L15X_L10200.lib(object.o)
    0x0800c7f4   0x000002c0   Code   RO         1499    .text               BestFu_STM32L15X_L10200.lib(scene&group.o)
    0x0800cab4   0x00000064   Code   RO         1530    .text               BestFu_STM32L15X_L10200.lib(systestattr.o)
    0x0800cb18   0x000001b0   Code   RO         1551    .text               BestFu_STM32L15X_L10200.lib(userdatadownload.o)
    0x0800ccc8   0x000000b8   Code   RO         1575    .text               BestFu_STM32L15X_L10200.lib(sign433.o)
    0x0800cd80   0x00000168   Code   RO         1597    .text               BestFu_STM32L15X_L10200.lib(deviceidsetattr.o)
    0x0800cee8   0x00000324   Code   RO         1622    .text               BestFu_STM32L15X_L10200.lib(linksimplest.o)
    0x0800d20c   0x000002a0   Code   RO         1646    .text               BestFu_STM32L15X_L10200.lib(linksimplesttime.o)
    0x0800d4ac   0x000001c0   Code   RO         1668    .text               BestFu_STM32L15X_L10200.lib(timehandle.o)
    0x0800d66c   0x0000004e   Code   RO         1682    .text               c_w.l(rt_memclr_w.o)
    0x0800d6ba   0x00000006   Code   RO         1684    .text               c_w.l(heapauxi.o)
    0x0800d6c0   0x0000004a   Code   RO         1745    .text               c_w.l(sys_stackheap_outer.o)
    0x0800d70a   0x00000012   Code   RO         1747    .text               c_w.l(exit.o)
    0x0800d71c   0x00000008   Code   RO         1755    .text               c_w.l(libspace.o)
    0x0800d724   0x0000000c   Code   RO         1816    .text               c_w.l(sys_exit.o)
    0x0800d730   0x00000002   Code   RO         1827    .text               c_w.l(use_no_semi.o)
    0x0800d732   0x00000000   Code   RO         1829    .text               c_w.l(indicate_semi.o)
    0x0800d732   0x00000002   PAD
    0x0800d734   0x00000040   Code   RO         1514    i.DecryptionFlash   BestFu_STM32L15X_L10200.lib(scene&group.o)
    0x0800d774   0x00000020   Code   RO          800    i.VibratingAlert    cube6.o
    0x0800d794   0x00000150   Code   RO         1688    x$fpl$dadd          fz_ws.l(daddsub_clz.o)
    0x0800d8e4   0x000002b0   Code   RO         1695    x$fpl$ddiv          fz_ws.l(ddiv.o)
    0x0800db94   0x0000005e   Code   RO         1698    x$fpl$dfix          fz_ws.l(dfix.o)
    0x0800dbf2   0x00000002   PAD
    0x0800dbf4   0x0000005a   Code   RO         1702    x$fpl$dfixu         fz_ws.l(dfixu.o)
    0x0800dc4e   0x0000002e   Code   RO         1707    x$fpl$dflt          fz_ws.l(dflt_clz.o)
    0x0800dc7c   0x00000026   Code   RO         1706    x$fpl$dfltu         fz_ws.l(dflt_clz.o)
    0x0800dca2   0x00000002   PAD
    0x0800dca4   0x00000154   Code   RO         1712    x$fpl$dmul          fz_ws.l(dmul.o)
    0x0800ddf8   0x0000009c   Code   RO         1723    x$fpl$dnaninf       fz_ws.l(dnaninf.o)
    0x0800de94   0x0000000c   Code   RO         1725    x$fpl$dretinf       fz_ws.l(dretinf.o)
    0x0800dea0   0x000001d4   Code   RO         1690    x$fpl$dsub          fz_ws.l(daddsub_clz.o)
    0x0800e074   0x00000056   Code   RO         1714    x$fpl$f2d           fz_ws.l(f2d.o)
    0x0800e0ca   0x00000002   PAD
    0x0800e0cc   0x00000030   Code   RO         1717    x$fpl$fflt          fz_ws.l(fflt_clz.o)
    0x0800e0fc   0x0000008c   Code   RO         1727    x$fpl$fnaninf       fz_ws.l(fnaninf.o)
    0x0800e188   0x00000000   Code   RO         1729    x$fpl$usenofp       fz_ws.l(usenofp.o)
    0x0800e188   0x00000008   Data   RO          210    .constdata          program.o
    0x0800e190   0x0000001e   Data   RO          245    .constdata          si4432.o
    0x0800e1ae   0x00000016   Data   RO          512    .constdata          battery.o
    0x0800e1c4   0x00000028   Data   RO          649    .constdata          unitcfg.o
    0x0800e1ec   0x0000003c   Data   RO          830    .constdata          cube6exeattr.o
    0x0800e228   0x0000000c   Data   RO          935    .constdata          BestFu_STM32L15X_L10200.lib(command.o)
    0x0800e234   0x000002e4   Data   RO         1081    .constdata          BestFu_STM32L15X_L10200.lib(sysexeattr.o)
    0x0800e518   0x00000010   Data   RO         1289    .constdata          BestFu_STM32L15X_L10200.lib(dataencrypt.o)
    0x0800e528   0x00000048   Data   RO         1319    .constdata          BestFu_STM32L15X_L10200.lib(devparttab.o)
    0x0800e570   0x00000200   Data   RO         1356    .constdata          BestFu_STM32L15X_L10200.lib(crc.o)
    0x0800e770   0x00000020   Data   RO         1882    Region$$Table       anon$$obj.o


    Execution Region RW_IRAM1 (Base: 0x20000000, Size: 0x000026f8, Max: 0x00002800, ABSOLUTE, COMPRESSED[0x00000030])

    Base Addr    Size         Type   Attr      Idx    E Section Name        Object

    0x20000000   0x00000019   Data   RW            4    .data               system_stm32l1xx.o
    0x20000019   0x00000003   PAD
    0x2000001c   0x00000004   Data   RW           66    .data               devicereset.o
    0x20000020   0x0000000a   Data   RW          246    .data               si4432.o
    0x2000002a   0x00000002   PAD
    0x2000002c   0x00000008   Data   RW          388    .data               systick.o
    0x20000034   0x00000004   Data   RW          410    .data               test.o
    0x20000038   0x00000001   Data   RW          513    .data               battery.o
    0x20000039   0x00000001   PAD
    0x2000003a   0x00000002   Data   RW          593    .data               lowpower.o
    0x2000003c   0x00000003   Data   RW          736    .data               shakemotor.o
    0x2000003f   0x00000001   PAD
    0x20000040   0x0000001a   Data   RW          783    .data               cube6.o
    0x2000005a   0x00000002   PAD
    0x2000005c   0x0000010c   Data   RW         1166    .data               BestFu_STM32L15X_L10200.lib(updata.o)
    0x20000168   0x00000001   Data   RW         1194    .data               BestFu_STM32L15X_L10200.lib(upload.o)
    0x20000169   0x00000003   PAD
    0x2000016c   0x00000005   Data   RW         1215    .data               BestFu_STM32L15X_L10200.lib(userdata.o)
    0x20000171   0x00000008   Data   RW         1290    .data               BestFu_STM32L15X_L10200.lib(dataencrypt.o)
    0x20000179   0x00000003   PAD
    0x2000017c   0x00000004   Data   RW         1320    .data               BestFu_STM32L15X_L10200.lib(devparttab.o)
    0x20000180   0x00000005   Data   RW         1463    .data               BestFu_STM32L15X_L10200.lib(object.o)
    0x20000185   0x00000002   Data   RW         1577    .data               BestFu_STM32L15X_L10200.lib(sign433.o)
    0x20000187   0x00000001   PAD
    0x20000188   0x00000064   Zero   RW          244    .bss                si4432.o
    0x200001ec   0x00000014   Zero   RW          648    .bss                unitcfg.o
    0x20000200   0x0000000c   Zero   RW          782    .bss                cube6.o
    0x2000020c   0x00000d80   Zero   RW          858    .bss                BestFu_STM32L15X_L10200.lib(cmdprocess.o)
    0x20000f8c   0x00000090   Zero   RW         1038    .bss                BestFu_STM32L15X_L10200.lib(linkscanfifo.o)
    0x2000101c   0x00000144   Zero   RW         1130    .bss                BestFu_STM32L15X_L10200.lib(thread.o)
    0x20001160   0x0000002c   Zero   RW         1165    .bss                BestFu_STM32L15X_L10200.lib(updata.o)
    0x2000118c   0x00000120   Zero   RW         1193    .bss                BestFu_STM32L15X_L10200.lib(upload.o)
    0x200012ac   0x0000023f   Zero   RW         1214    .bss                BestFu_STM32L15X_L10200.lib(userdata.o)
    0x200014eb   0x00000001   PAD
    0x200014ec   0x00000140   Zero   RW         1462    .bss                BestFu_STM32L15X_L10200.lib(object.o)
    0x2000162c   0x0000008c   Zero   RW         1552    .bss                BestFu_STM32L15X_L10200.lib(userdatadownload.o)
    0x200016b8   0x0000000c   Zero   RW         1576    .bss                BestFu_STM32L15X_L10200.lib(sign433.o)
    0x200016c4   0x00000673   Zero   RW         1623    .bss                BestFu_STM32L15X_L10200.lib(linksimplest.o)
    0x20001d37   0x0000015f   Zero   RW         1647    .bss                BestFu_STM32L15X_L10200.lib(linksimplesttime.o)
    0x20001e96   0x00000002   PAD
    0x20001e98   0x00000060   Zero   RW         1756    .bss                c_w.l(libspace.o)
    0x20001ef8   0x00000200   Zero   RW           57    HEAP                startup_stm32l1xx_md.o
    0x200020f8   0x00000600   Zero   RW           56    STACK               startup_stm32l1xx_md.o


==============================================================================

Image component sizes


      Code (inc. data)   RO Data    RW Data    ZI Data      Debug   Object Name

       456         16          0          0          0       2149   adc.o
       640          6         22          1          0       4215   battery.o
       256         10          0          0          0       8461   batteryexeattr.o
       660         46          0         26         12       4759   cube6.o
       124         14         60          0          0       2434   cube6exeattr.o
       136         12          0          4          0       7887   devicereset.o
       320         22          0          0          0       3671   flash.o
       308         10          0          0          0       2302   gpio.o
       926          0          0          0          0       3985   i2c.o
       892          4          0          0          0       3600   iic.o
         6          0          0          0          0        714   instruct.o
       284         28          0          2          0      26149   lowpower.o
        80         18          0          0          0        595   main.o
       448         10          0          0          0       2105   mpu6050.o
       544         32          8          0          0       4233   program.o
       180         14          0          3          0       1459   shakemotor.o
      2052         74         30         10        100       8599   si4432.o
       308         10          0          0          0       1236   spi.o
        64         26        244          0       2048        900   startup_stm32l1xx_md.o
       742         50          0          0          0       3922   sys.o
       264         22          0          0          0       1070   syshard.o
       880         44          0         25          0     192642   system_stm32l1xx.o
       136         14          0          8          0       1543   systick.o
        36          6          0          4          0        903   test.o
        64          8         40          0         20       3600   unitcfg.o
       276         16          0          0          0       1959   usart.o
        12          0          0          0          0       1485   wdg.o

    ----------------------------------------------------------------------
     11096        512        436         92       2180     296577   Object Totals
         0          0         32          0          0          0   (incl. Generated)
         2          0          0          9          0          0   (incl. Padding)

    ----------------------------------------------------------------------

      Code (inc. data)   RO Data    RW Data    ZI Data      Debug   Library Member Name

       256          0          0          0          0       2522   bestfulib.o
       844        100          0          0       3456      14702   cmdprocess.o
       812          8         12          0          0       3449   command.o
       112          4        512          0          0       1719   crc.o
       956         24         16          8          0       3753   dataencrypt.o
        52          0          0          0          0        716   delay.o
       360         24          0          0          0       2390   deviceidsetattr.o
       176         14         72          4          0       2445   devparttab.o
       358          0          0          0          0       2111   eeprom.o
        80          6          0          0          0       1843   faultmanage.o
       662          0          0          0          0       4210   fifo.o
       560         18          0          0          0       3555   flashattr.o
       160         14          0          0        144       4262   linkscanfifo.o
       804         10          0          0       1651       5406   linksimplest.o
       672          8          0          0        351       4844   linksimplesttime.o
       720         34          0          0          0       2709   linksrc.o
      1296         10          0          0          0       9356   linkwrdc.o
       400         12          0          0          0       2812   msgpackage.o
      1624         48          0          5        320       5472   object.o
       768         14          0          0          0       3400   scene&group.o
       184         10          0          2         12       2541   sign433.o
       424         26          0          0          0       9045   sign433attr.o
      2716         24        740          0          0      15834   sysexeattr.o
       100         16          0          0          0        778   systestattr.o
       812          4          0          0        324       3549   thread.o
       448          0          0          0          0       2317   timehandle.o
       668          8          0          0          0       2919   unitshare_attr.o
       792         32          0        268         44       5208   updata.o
       588         18          0          1        288       2614   upload.o
      3116         52          0          5        575      16308   userdata.o
       432         16          0          0        140       2425   userdatadownload.o
        58          0          0          0          0          0   __dczerorl.o
         8          0          0          0          0         68   __main.o
         0          0          0          0          0          0   __rtentry.o
        12          0          0          0          0          0   __rtentry2.o
         6          0          0          0          0          0   __rtentry4.o
        52          8          0          0          0          0   __scatter.o
        28          0          0          0          0          0   __scatter_zi.o
        18          0          0          0          0         80   exit.o
         6          0          0          0          0        152   heapauxi.o
         0          0          0          0          0          0   indicate_semi.o
         2          0          0          0          0          0   libinit.o
         2          0          0          0          0          0   libinit2.o
         2          0          0          0          0          0   libshutdown.o
         2          0          0          0          0          0   libshutdown2.o
         8          4          0          0         96         68   libspace.o
        78          0          0          0          0         80   rt_memclr_w.o
         2          0          0          0          0          0   rtexit.o
        10          0          0          0          0          0   rtexit2.o
        12          4          0          0          0         68   sys_exit.o
        74          0          0          0          0         80   sys_stackheap_outer.o
         2          0          0          0          0         68   use_no_semi.o
       804         16          0          0          0        272   daddsub_clz.o
       688        140          0          0          0        208   ddiv.o
        94          4          0          0          0         92   dfix.o
        90          4          0          0          0         92   dfixu.o
        84          0          0          0          0        136   dflt_clz.o
       340         12          0          0          0        104   dmul.o
       156          4          0          0          0         92   dnaninf.o
        12          0          0          0          0         68   dretinf.o
        86          4          0          0          0         84   f2d.o
        48          0          0          0          0         68   fflt_clz.o
       140          4          0          0          0         84   fnaninf.o
         0          0          0          0          0          0   usenofp.o

    ----------------------------------------------------------------------
     24892        758       1352        300       7404     147178   Library Totals
        16          0          0          7          3          0   (incl. Padding)

    ----------------------------------------------------------------------

      Code (inc. data)   RO Data    RW Data    ZI Data      Debug   Library Name

     21952        554       1352        293       7305     145214   BestFu_STM32L15X_L10200.lib
       382         16          0          0         96        664   c_w.l
      2542        188          0          0          0       1300   fz_ws.l

    ----------------------------------------------------------------------
     24892        758       1352        300       7404     147178   Library Totals

    ----------------------------------------------------------------------

==============================================================================


      Code (inc. data)   RO Data    RW Data    ZI Data      Debug   

     35988       1270       1788        392       9584     438603   Grand Totals
     35988       1270       1788         48       9584     438603   ELF Image Totals (compressed)
     35988       1270       1788         48          0          0   ROM Totals

==============================================================================

    Total RO  Size (Code + RO Data)                37776 (  36.89kB)
    Total RW  Size (RW Data + ZI Data)              9976 (   9.74kB)
    Total ROM Size (Code + RO Data + RW Data)      37824 (  36.94kB)

==============================================================================

