<html>
<body>
<pre>
<h1>礦ision Build Log</h1>
<h2>Tool Versions:</h2>
IDE-Version: μVision V5.20.0.0
Copyright (C) 2016 ARM Ltd and ARM Germany GmbH. All rights reserved.
License Information: m Microsoft, Microsoft, LIC=TIVHL-0ED2F-JI25S-LEGYA-AGN9Z-W47WG
 
Tool Versions:
Toolchain:       MDK-ARM Plus  Version: 5.20
Toolchain Path:  d:\Keil\ARM\ARMCC\Bin
C Compiler:      Armcc.exe V5.06 update 2 (build 183)
Assembler:       Armasm.exe V5.06 update 2 (build 183)
Linker/Locator:  ArmLink.exe V5.06 update 2 (build 183)
Library Manager: ArmAr.exe V5.06 update 2 (build 183)
Hex Converter:   FromElf.exe V5.06 update 2 (build 183)
CPU DLL:         SARMCM3.DLL V5.20
Dialog DLL:      DCM.DLL V1.13.7.0
Target DLL:      UL2CM3.DLL V1.157.18.0
Dialog DLL:      TCM.DLL V1.14.9.0
 
<h2>Project:</h2>
E:\CompanyFiles\原始功能代码-功能实现\20160330系统库测试\20160601系统库测试设备端移植程序\280.IS6001-智能魔方\Trunk\SRC\Cube6_V2.05.02\Project\Cube6.uvprojx
Project File Date:  06/02/2016

<h2>Output:</h2>
*** Using Compiler 'V5.06 update 2 (build 183)', folder: 'd:\Keil\ARM\ARMCC\Bin'
Rebuild target 'STM32L151'
assembling startup_stm32l1xx_md.s...
compiling system_stm32l1xx.c...
compiling DeviceReset.c...
compiling Flash.c...
compiling Gpio.c...
compiling I2C.C...
compiling Instruct.c...
compiling Program.c...
compiling SI4432.c...
compiling SPI.c...
compiling Sys.c...
compiling SysHard.c...
compiling SysTick.c...
compiling Test.c...
compiling WDG.c...
compiling Usart.c...
compiling ADC.c...
compiling Battery.c...
compiling BatteryExeAttr.c...
compiling UnitCfg.c...
compiling LowPower.c...
compiling main.c...
compiling ShakeMotor.c...
compiling MPU6050.c...
compiling IIC.c...
compiling Cube6ExeAttr.c...
compiling Cube6.c...
linking...
Program Size: Code=35988 RO-data=1788 RW-data=392 ZI-data=9584  
FromELF: creating hex file...
"..\Output\Cube6_V30000.axf" - 0 Error(s), 0 Warning(s).

<h2>Collection of Component include folders:</h2>
  E:\CompanyFiles\原始功能代码-功能实现\20160330系统库测试\20160601系统库测试设备端移植程序\280.IS6001-智能魔方\Trunk\SRC\Cube6_V2.05.02\Project\RTE
  d:\Keil\ARM\PACK\Keil\STM32L1xx_DFP\1.0.2\Device\Include

<h2>Collection of Component Files used:</h2>
Build Time Elapsed:  00:00:05
</pre>
</body>
</html>
